{
    "Should convert CSV samplesheets to TSV and preserve metadata": {
        "content": [
            [
                {
                    "fastq_readstructure_pairs": [
                        [
                            "R1",
                            "101"
                        ]
                    ],
                    "flowcell": "flowcell-a",
                    "meta": {
                        "id": "lane_sheet",
                        "lane": 3
                    },
                    "sample_sheet_tsv_content": "id\tsamplesheet\tlane\tflowcell\nSingleCell-RNA_P3\thttps://github.com/nf-core/test-datasets/raw/demultiplex/testdata/NextSeq2000/SampleSheet.csv\t1\thttps://huggingface.co/datasets/nf-core/demultiplex/resolve/main/testdata/SingleCell-RNA/SingleCell-RNA_P3_2_short.tar.gz\nSingleCell-RNA_P3\thttps://github.com/nf-core/test-datasets/raw/demultiplex/testdata/NextSeq2000/SampleSheet.csv\t2\thttps://huggingface.co/datasets/nf-core/demultiplex/resolve/main/testdata/SingleCell-RNA/SingleCell-RNA_P3_2_short.tar.gz\n",
                    "sample_sheet_tsv_name": "lane_sheet.lane3.tsv"
                },
                {
                    "fastq_readstructure_pairs": [
                        [
                            "R1",
                            "151"
                        ]
                    ],
                    "flowcell": "flowcell-b",
                    "meta": {
                        "id": "nolane_sheet",
                        "lane": null
                    },
                    "sample_sheet_tsv_content": "id\tsamplesheet\tlane\tflowcell\tper_flowcell_manifest\ntest\thttps://github.com/nf-core/test-datasets/raw/demultiplex/testdata/sim-data/fqtk_samplesheet.csv\t\thttps://github.com/nf-core/test-datasets/raw/demultiplex/testdata/sim-data/fastq.tar.gz\thttps://github.com/nf-core/test-datasets/raw/demultiplex/testdata/sim-data/per_flowcell_manifest.csv\n",
                    "sample_sheet_tsv_name": "nolane_sheet.tsv"
                }
            ]
        ],
        "meta": {
            "nf-test": "0.9.3",
            "nextflow": "25.10.3"
        },
        "timestamp": "2026-04-06T17:22:38.529947352"
    }
}