{
    "Should run without failures": {
        "content": [
        "metrics.tsv:md5,7627e4bd2a56ea551fd74b4a2b5cb4b2",
        "per_project_metrics.tsv:md5,7393bc580c8ed8431107ad3dd00a7d2a",
        "per_sample_metrics.tsv:md5,fb8ce024ad2508e7b22a4af65fe44358",
        "sample_barcode_hop_metrics.tsv:md5,d41d8cd98f00b204e9800998ecf8427e"
        ],
        "timestamp": "2023-01-18T23:52:50+0000"
    }
}