{
    "FQTK": {
        "content": [
            109,
            {
                "CSV2TSV": {
                    "sed": 4.8
                },
                "FALCO": {
                    "falco": "1.2.1"
                },
                "FASTP": {
                    "fastp": "0.24.0"
                },
                "FQTK": {
                    "fqtk": "0.2.1"
                },
                "MD5SUM": {
                    "md5sum": 9.5
                },
                "UNTAR_FLOWCELL": {
                    "untar": 1.34
                }
            },
            [
                "csv2tsv",
                "csv2tsv/samplesheet.tsv",
                "multiqc",
                "multiqc/multiqc_data",
                "multiqc/multiqc_data/BETA-multiqc.parquet",
                "multiqc/multiqc_data/fastp-seq-content-gc-plot_Read_1_After_filtering.txt",
                "multiqc/multiqc_data/fastp-seq-content-gc-plot_Read_1_Before_filtering.txt",
                "multiqc/multiqc_data/fastp-seq-content-gc-plot_Read_2_After_filtering.txt",
                "multiqc/multiqc_data/fastp-seq-content-gc-plot_Read_2_Before_filtering.txt",
                "multiqc/multiqc_data/fastp-seq-content-n-plot_Read_1_After_filtering.txt",
                "multiqc/multiqc_data/fastp-seq-content-n-plot_Read_1_Before_filtering.txt",
                "multiqc/multiqc_data/fastp-seq-content-n-plot_Read_2_After_filtering.txt",
                "multiqc/multiqc_data/fastp-seq-content-n-plot_Read_2_Before_filtering.txt",
                "multiqc/multiqc_data/fastp-seq-quality-plot_Read_1_After_filtering.txt",
                "multiqc/multiqc_data/fastp-seq-quality-plot_Read_1_Before_filtering.txt",
                "multiqc/multiqc_data/fastp-seq-quality-plot_Read_2_After_filtering.txt",
                "multiqc/multiqc_data/fastp-seq-quality-plot_Read_2_Before_filtering.txt",
                "multiqc/multiqc_data/fastp_filtered_reads_plot.txt",
                "multiqc/multiqc_data/fastqc-status-check-heatmap.txt",
                "multiqc/multiqc_data/fastqc_per_base_n_content_plot.txt",
                "multiqc/multiqc_data/fastqc_per_base_sequence_quality_plot.txt",
                "multiqc/multiqc_data/fastqc_per_sequence_gc_content_plot_Counts.txt",
                "multiqc/multiqc_data/fastqc_per_sequence_gc_content_plot_Percentages.txt",
                "multiqc/multiqc_data/fastqc_per_sequence_quality_scores_plot.txt",
                "multiqc/multiqc_data/fastqc_sequence_counts_plot.txt",
                "multiqc/multiqc_data/fastqc_sequence_duplication_levels_plot.txt",
                "multiqc/multiqc_data/llms-full.txt",
                "multiqc/multiqc_data/multiqc.log",
                "multiqc/multiqc_data/multiqc_citations.txt",
                "multiqc/multiqc_data/multiqc_data.json",
                "multiqc/multiqc_data/multiqc_fastp.txt",
                "multiqc/multiqc_data/multiqc_fastqc.txt",
                "multiqc/multiqc_data/multiqc_general_stats.txt",
                "multiqc/multiqc_data/multiqc_software_versions.txt",
                "multiqc/multiqc_data/multiqc_sources.txt",
                "multiqc/multiqc_plots",
                "multiqc/multiqc_plots/pdf",
                "multiqc/multiqc_plots/pdf/fastp-seq-content-gc-plot_Read_1_After_filtering.pdf",
                "multiqc/multiqc_plots/pdf/fastp-seq-content-gc-plot_Read_1_Before_filtering.pdf",
                "multiqc/multiqc_plots/pdf/fastp-seq-content-gc-plot_Read_2_After_filtering.pdf",
                "multiqc/multiqc_plots/pdf/fastp-seq-content-gc-plot_Read_2_Before_filtering.pdf",
                "multiqc/multiqc_plots/pdf/fastp-seq-content-n-plot_Read_1_After_filtering.pdf",
                "multiqc/multiqc_plots/pdf/fastp-seq-content-n-plot_Read_1_Before_filtering.pdf",
                "multiqc/multiqc_plots/pdf/fastp-seq-content-n-plot_Read_2_After_filtering.pdf",
                "multiqc/multiqc_plots/pdf/fastp-seq-content-n-plot_Read_2_Before_filtering.pdf",
                "multiqc/multiqc_plots/pdf/fastp-seq-quality-plot_Read_1_After_filtering.pdf",
                "multiqc/multiqc_plots/pdf/fastp-seq-quality-plot_Read_1_Before_filtering.pdf",
                "multiqc/multiqc_plots/pdf/fastp-seq-quality-plot_Read_2_After_filtering.pdf",
                "multiqc/multiqc_plots/pdf/fastp-seq-quality-plot_Read_2_Before_filtering.pdf",
                "multiqc/multiqc_plots/pdf/fastp_filtered_reads_plot-cnt.pdf",
                "multiqc/multiqc_plots/pdf/fastp_filtered_reads_plot-pct.pdf",
                "multiqc/multiqc_plots/pdf/fastqc-status-check-heatmap.pdf",
                "multiqc/multiqc_plots/pdf/fastqc_per_base_n_content_plot.pdf",
                "multiqc/multiqc_plots/pdf/fastqc_per_base_sequence_quality_plot.pdf",
                "multiqc/multiqc_plots/pdf/fastqc_per_sequence_gc_content_plot_Counts.pdf",
                "multiqc/multiqc_plots/pdf/fastqc_per_sequence_gc_content_plot_Percentages.pdf",
                "multiqc/multiqc_plots/pdf/fastqc_per_sequence_quality_scores_plot.pdf",
                "multiqc/multiqc_plots/pdf/fastqc_sequence_counts_plot-cnt.pdf",
                "multiqc/multiqc_plots/pdf/fastqc_sequence_counts_plot-pct.pdf",
                "multiqc/multiqc_plots/pdf/fastqc_sequence_duplication_levels_plot.pdf",
                "multiqc/multiqc_plots/png",
                "multiqc/multiqc_plots/png/fastp-seq-content-gc-plot_Read_1_After_filtering.png",
                "multiqc/multiqc_plots/png/fastp-seq-content-gc-plot_Read_1_Before_filtering.png",
                "multiqc/multiqc_plots/png/fastp-seq-content-gc-plot_Read_2_After_filtering.png",
                "multiqc/multiqc_plots/png/fastp-seq-content-gc-plot_Read_2_Before_filtering.png",
                "multiqc/multiqc_plots/png/fastp-seq-content-n-plot_Read_1_After_filtering.png",
                "multiqc/multiqc_plots/png/fastp-seq-content-n-plot_Read_1_Before_filtering.png",
                "multiqc/multiqc_plots/png/fastp-seq-content-n-plot_Read_2_After_filtering.png",
                "multiqc/multiqc_plots/png/fastp-seq-content-n-plot_Read_2_Before_filtering.png",
                "multiqc/multiqc_plots/png/fastp-seq-quality-plot_Read_1_After_filtering.png",
                "multiqc/multiqc_plots/png/fastp-seq-quality-plot_Read_1_Before_filtering.png",
                "multiqc/multiqc_plots/png/fastp-seq-quality-plot_Read_2_After_filtering.png",
                "multiqc/multiqc_plots/png/fastp-seq-quality-plot_Read_2_Before_filtering.png",
                "multiqc/multiqc_plots/png/fastp_filtered_reads_plot-cnt.png",
                "multiqc/multiqc_plots/png/fastp_filtered_reads_plot-pct.png",
                "multiqc/multiqc_plots/png/fastqc-status-check-heatmap.png",
                "multiqc/multiqc_plots/png/fastqc_per_base_n_content_plot.png",
                "multiqc/multiqc_plots/png/fastqc_per_base_sequence_quality_plot.png",
                "multiqc/multiqc_plots/png/fastqc_per_sequence_gc_content_plot_Counts.png",
                "multiqc/multiqc_plots/png/fastqc_per_sequence_gc_content_plot_Percentages.png",
                "multiqc/multiqc_plots/png/fastqc_per_sequence_quality_scores_plot.png",
                "multiqc/multiqc_plots/png/fastqc_sequence_counts_plot-cnt.png",
                "multiqc/multiqc_plots/png/fastqc_sequence_counts_plot-pct.png",
                "multiqc/multiqc_plots/png/fastqc_sequence_duplication_levels_plot.png",
                "multiqc/multiqc_plots/svg",
                "multiqc/multiqc_plots/svg/fastp-seq-content-gc-plot_Read_1_After_filtering.svg",
                "multiqc/multiqc_plots/svg/fastp-seq-content-gc-plot_Read_1_Before_filtering.svg",
                "multiqc/multiqc_plots/svg/fastp-seq-content-gc-plot_Read_2_After_filtering.svg",
                "multiqc/multiqc_plots/svg/fastp-seq-content-gc-plot_Read_2_Before_filtering.svg",
                "multiqc/multiqc_plots/svg/fastp-seq-content-n-plot_Read_1_After_filtering.svg",
                "multiqc/multiqc_plots/svg/fastp-seq-content-n-plot_Read_1_Before_filtering.svg",
                "multiqc/multiqc_plots/svg/fastp-seq-content-n-plot_Read_2_After_filtering.svg",
                "multiqc/multiqc_plots/svg/fastp-seq-content-n-plot_Read_2_Before_filtering.svg",
                "multiqc/multiqc_plots/svg/fastp-seq-quality-plot_Read_1_After_filtering.svg",
                "multiqc/multiqc_plots/svg/fastp-seq-quality-plot_Read_1_Before_filtering.svg",
                "multiqc/multiqc_plots/svg/fastp-seq-quality-plot_Read_2_After_filtering.svg",
                "multiqc/multiqc_plots/svg/fastp-seq-quality-plot_Read_2_Before_filtering.svg",
                "multiqc/multiqc_plots/svg/fastp_filtered_reads_plot-cnt.svg",
                "multiqc/multiqc_plots/svg/fastp_filtered_reads_plot-pct.svg",
                "multiqc/multiqc_plots/svg/fastqc-status-check-heatmap.svg",
                "multiqc/multiqc_plots/svg/fastqc_per_base_n_content_plot.svg",
                "multiqc/multiqc_plots/svg/fastqc_per_base_sequence_quality_plot.svg",
                "multiqc/multiqc_plots/svg/fastqc_per_sequence_gc_content_plot_Counts.svg",
                "multiqc/multiqc_plots/svg/fastqc_per_sequence_gc_content_plot_Percentages.svg",
                "multiqc/multiqc_plots/svg/fastqc_per_sequence_quality_scores_plot.svg",
                "multiqc/multiqc_plots/svg/fastqc_sequence_counts_plot-cnt.svg",
                "multiqc/multiqc_plots/svg/fastqc_sequence_counts_plot-pct.svg",
                "multiqc/multiqc_plots/svg/fastqc_sequence_duplication_levels_plot.svg",
                "multiqc/multiqc_report.html",
                "pipeline_info",
                "pipeline_info/nf_core_demultiplex_software_mqc_versions.yml",
                "samplesheet",
                "samplesheet/atacseq_samplesheet.csv",
                "samplesheet/methylseq_samplesheet.csv",
                "samplesheet/rnaseq_samplesheet.csv",
                "samplesheet/sarek_samplesheet.csv",
                "samplesheet/taxprofiler_samplesheet.csv",
                "test",
                "test.csv",
                "test/demux-metrics.txt",
                "test/s1.R1.fq.gz",
                "test/s1.R2.fq.gz",
                "test/s1.fastp.html",
                "test/s1.fastp.json",
                "test/s10.R1.fq.gz",
                "test/s10.R2.fq.gz",
                "test/s10.fastp.html",
                "test/s10.fastp.json",
                "test/s10_1.fastp.fastq.gz",
                "test/s10_1.fastp.fastq.gz.md5",
                "test/s10_1.fastp.fastq.gz_fastqc_data.txt",
                "test/s10_1.fastp.fastq.gz_fastqc_report.html",
                "test/s10_1.fastp.fastq.gz_summary.txt",
                "test/s10_2.fastp.fastq.gz",
                "test/s10_2.fastp.fastq.gz.md5",
                "test/s10_2.fastp.fastq.gz_fastqc_data.txt",
                "test/s10_2.fastp.fastq.gz_fastqc_report.html",
                "test/s10_2.fastp.fastq.gz_summary.txt",
                "test/s11.R1.fq.gz",
                "test/s11.R2.fq.gz",
                "test/s11.fastp.html",
                "test/s11.fastp.json",
                "test/s11_1.fastp.fastq.gz",
                "test/s11_1.fastp.fastq.gz.md5",
                "test/s11_1.fastp.fastq.gz_fastqc_data.txt",
                "test/s11_1.fastp.fastq.gz_fastqc_report.html",
                "test/s11_1.fastp.fastq.gz_summary.txt",
                "test/s11_2.fastp.fastq.gz",
                "test/s11_2.fastp.fastq.gz.md5",
                "test/s11_2.fastp.fastq.gz_fastqc_data.txt",
                "test/s11_2.fastp.fastq.gz_fastqc_report.html",
                "test/s11_2.fastp.fastq.gz_summary.txt",
                "test/s12.R1.fq.gz",
                "test/s12.R2.fq.gz",
                "test/s12.fastp.html",
                "test/s12.fastp.json",
                "test/s12_1.fastp.fastq.gz",
                "test/s12_1.fastp.fastq.gz.md5",
                "test/s12_1.fastp.fastq.gz_fastqc_data.txt",
                "test/s12_1.fastp.fastq.gz_fastqc_report.html",
                "test/s12_1.fastp.fastq.gz_summary.txt",
                "test/s12_2.fastp.fastq.gz",
                "test/s12_2.fastp.fastq.gz.md5",
                "test/s12_2.fastp.fastq.gz_fastqc_data.txt",
                "test/s12_2.fastp.fastq.gz_fastqc_report.html",
                "test/s12_2.fastp.fastq.gz_summary.txt",
                "test/s13.R1.fq.gz",
                "test/s13.R2.fq.gz",
                "test/s13.fastp.html",
                "test/s13.fastp.json",
                "test/s13_1.fastp.fastq.gz",
                "test/s13_1.fastp.fastq.gz.md5",
                "test/s13_1.fastp.fastq.gz_fastqc_data.txt",
                "test/s13_1.fastp.fastq.gz_fastqc_report.html",
                "test/s13_1.fastp.fastq.gz_summary.txt",
                "test/s13_2.fastp.fastq.gz",
                "test/s13_2.fastp.fastq.gz.md5",
                "test/s13_2.fastp.fastq.gz_fastqc_data.txt",
                "test/s13_2.fastp.fastq.gz_fastqc_report.html",
                "test/s13_2.fastp.fastq.gz_summary.txt",
                "test/s14.R1.fq.gz",
                "test/s14.R2.fq.gz",
                "test/s14.fastp.html",
                "test/s14.fastp.json",
                "test/s14_1.fastp.fastq.gz",
                "test/s14_1.fastp.fastq.gz.md5",
                "test/s14_1.fastp.fastq.gz_fastqc_data.txt",
                "test/s14_1.fastp.fastq.gz_fastqc_report.html",
                "test/s14_1.fastp.fastq.gz_summary.txt",
                "test/s14_2.fastp.fastq.gz",
                "test/s14_2.fastp.fastq.gz.md5",
                "test/s14_2.fastp.fastq.gz_fastqc_data.txt",
                "test/s14_2.fastp.fastq.gz_fastqc_report.html",
                "test/s14_2.fastp.fastq.gz_summary.txt",
                "test/s15.R1.fq.gz",
                "test/s15.R2.fq.gz",
                "test/s15.fastp.html",
                "test/s15.fastp.json",
                "test/s15_1.fastp.fastq.gz",
                "test/s15_1.fastp.fastq.gz.md5",
                "test/s15_1.fastp.fastq.gz_fastqc_data.txt",
                "test/s15_1.fastp.fastq.gz_fastqc_report.html",
                "test/s15_1.fastp.fastq.gz_summary.txt",
                "test/s15_2.fastp.fastq.gz",
                "test/s15_2.fastp.fastq.gz.md5",
                "test/s15_2.fastp.fastq.gz_fastqc_data.txt",
                "test/s15_2.fastp.fastq.gz_fastqc_report.html",
                "test/s15_2.fastp.fastq.gz_summary.txt",
                "test/s16.R1.fq.gz",
                "test/s16.R2.fq.gz",
                "test/s16.fastp.html",
                "test/s16.fastp.json",
                "test/s16_1.fastp.fastq.gz",
                "test/s16_1.fastp.fastq.gz.md5",
                "test/s16_1.fastp.fastq.gz_fastqc_data.txt",
                "test/s16_1.fastp.fastq.gz_fastqc_report.html",
                "test/s16_1.fastp.fastq.gz_summary.txt",
                "test/s16_2.fastp.fastq.gz",
                "test/s16_2.fastp.fastq.gz.md5",
                "test/s16_2.fastp.fastq.gz_fastqc_data.txt",
                "test/s16_2.fastp.fastq.gz_fastqc_report.html",
                "test/s16_2.fastp.fastq.gz_summary.txt",
                "test/s17.R1.fq.gz",
                "test/s17.R2.fq.gz",
                "test/s17.fastp.html",
                "test/s17.fastp.json",
                "test/s17_1.fastp.fastq.gz",
                "test/s17_1.fastp.fastq.gz.md5",
                "test/s17_1.fastp.fastq.gz_fastqc_data.txt",
                "test/s17_1.fastp.fastq.gz_fastqc_report.html",
                "test/s17_1.fastp.fastq.gz_summary.txt",
                "test/s17_2.fastp.fastq.gz",
                "test/s17_2.fastp.fastq.gz.md5",
                "test/s17_2.fastp.fastq.gz_fastqc_data.txt",
                "test/s17_2.fastp.fastq.gz_fastqc_report.html",
                "test/s17_2.fastp.fastq.gz_summary.txt",
                "test/s18.R1.fq.gz",
                "test/s18.R2.fq.gz",
                "test/s18.fastp.html",
                "test/s18.fastp.json",
                "test/s18_1.fastp.fastq.gz",
                "test/s18_1.fastp.fastq.gz.md5",
                "test/s18_1.fastp.fastq.gz_fastqc_data.txt",
                "test/s18_1.fastp.fastq.gz_fastqc_report.html",
                "test/s18_1.fastp.fastq.gz_summary.txt",
                "test/s18_2.fastp.fastq.gz",
                "test/s18_2.fastp.fastq.gz.md5",
                "test/s18_2.fastp.fastq.gz_fastqc_data.txt",
                "test/s18_2.fastp.fastq.gz_fastqc_report.html",
                "test/s18_2.fastp.fastq.gz_summary.txt",
                "test/s19.R1.fq.gz",
                "test/s19.R2.fq.gz",
                "test/s19.fastp.html",
                "test/s19.fastp.json",
                "test/s19_1.fastp.fastq.gz",
                "test/s19_1.fastp.fastq.gz.md5",
                "test/s19_1.fastp.fastq.gz_fastqc_data.txt",
                "test/s19_1.fastp.fastq.gz_fastqc_report.html",
                "test/s19_1.fastp.fastq.gz_summary.txt",
                "test/s19_2.fastp.fastq.gz",
                "test/s19_2.fastp.fastq.gz.md5",
                "test/s19_2.fastp.fastq.gz_fastqc_data.txt",
                "test/s19_2.fastp.fastq.gz_fastqc_report.html",
                "test/s19_2.fastp.fastq.gz_summary.txt",
                "test/s1_1.fastp.fastq.gz",
                "test/s1_1.fastp.fastq.gz.md5",
                "test/s1_1.fastp.fastq.gz_fastqc_data.txt",
                "test/s1_1.fastp.fastq.gz_fastqc_report.html",
                "test/s1_1.fastp.fastq.gz_summary.txt",
                "test/s1_2.fastp.fastq.gz",
                "test/s1_2.fastp.fastq.gz.md5",
                "test/s1_2.fastp.fastq.gz_fastqc_data.txt",
                "test/s1_2.fastp.fastq.gz_fastqc_report.html",
                "test/s1_2.fastp.fastq.gz_summary.txt",
                "test/s2.R1.fq.gz",
                "test/s2.R2.fq.gz",
                "test/s2.fastp.html",
                "test/s2.fastp.json",
                "test/s20.R1.fq.gz",
                "test/s20.R2.fq.gz",
                "test/s20.fastp.html",
                "test/s20.fastp.json",
                "test/s20_1.fastp.fastq.gz",
                "test/s20_1.fastp.fastq.gz.md5",
                "test/s20_1.fastp.fastq.gz_fastqc_data.txt",
                "test/s20_1.fastp.fastq.gz_fastqc_report.html",
                "test/s20_1.fastp.fastq.gz_summary.txt",
                "test/s20_2.fastp.fastq.gz",
                "test/s20_2.fastp.fastq.gz.md5",
                "test/s20_2.fastp.fastq.gz_fastqc_data.txt",
                "test/s20_2.fastp.fastq.gz_fastqc_report.html",
                "test/s20_2.fastp.fastq.gz_summary.txt",
                "test/s21.R1.fq.gz",
                "test/s21.R2.fq.gz",
                "test/s21.fastp.html",
                "test/s21.fastp.json",
                "test/s21_1.fastp.fastq.gz",
                "test/s21_1.fastp.fastq.gz.md5",
                "test/s21_1.fastp.fastq.gz_fastqc_data.txt",
                "test/s21_1.fastp.fastq.gz_fastqc_report.html",
                "test/s21_1.fastp.fastq.gz_summary.txt",
                "test/s21_2.fastp.fastq.gz",
                "test/s21_2.fastp.fastq.gz.md5",
                "test/s21_2.fastp.fastq.gz_fastqc_data.txt",
                "test/s21_2.fastp.fastq.gz_fastqc_report.html",
                "test/s21_2.fastp.fastq.gz_summary.txt",
                "test/s22.R1.fq.gz",
                "test/s22.R2.fq.gz",
                "test/s22.fastp.html",
                "test/s22.fastp.json",
                "test/s22_1.fastp.fastq.gz",
                "test/s22_1.fastp.fastq.gz.md5",
                "test/s22_1.fastp.fastq.gz_fastqc_data.txt",
                "test/s22_1.fastp.fastq.gz_fastqc_report.html",
                "test/s22_1.fastp.fastq.gz_summary.txt",
                "test/s22_2.fastp.fastq.gz",
                "test/s22_2.fastp.fastq.gz.md5",
                "test/s22_2.fastp.fastq.gz_fastqc_data.txt",
                "test/s22_2.fastp.fastq.gz_fastqc_report.html",
                "test/s22_2.fastp.fastq.gz_summary.txt",
                "test/s23.R1.fq.gz",
                "test/s23.R2.fq.gz",
                "test/s23.fastp.html",
                "test/s23.fastp.json",
                "test/s23_1.fastp.fastq.gz",
                "test/s23_1.fastp.fastq.gz.md5",
                "test/s23_1.fastp.fastq.gz_fastqc_data.txt",
                "test/s23_1.fastp.fastq.gz_fastqc_report.html",
                "test/s23_1.fastp.fastq.gz_summary.txt",
                "test/s23_2.fastp.fastq.gz",
                "test/s23_2.fastp.fastq.gz.md5",
                "test/s23_2.fastp.fastq.gz_fastqc_data.txt",
                "test/s23_2.fastp.fastq.gz_fastqc_report.html",
                "test/s23_2.fastp.fastq.gz_summary.txt",
                "test/s24.R1.fq.gz",
                "test/s24.R2.fq.gz",
                "test/s24.fastp.html",
                "test/s24.fastp.json",
                "test/s24_1.fastp.fastq.gz",
                "test/s24_1.fastp.fastq.gz.md5",
                "test/s24_1.fastp.fastq.gz_fastqc_data.txt",
                "test/s24_1.fastp.fastq.gz_fastqc_report.html",
                "test/s24_1.fastp.fastq.gz_summary.txt",
                "test/s24_2.fastp.fastq.gz",
                "test/s24_2.fastp.fastq.gz.md5",
                "test/s24_2.fastp.fastq.gz_fastqc_data.txt",
                "test/s24_2.fastp.fastq.gz_fastqc_report.html",
                "test/s24_2.fastp.fastq.gz_summary.txt",
                "test/s2_1.fastp.fastq.gz",
                "test/s2_1.fastp.fastq.gz.md5",
                "test/s2_1.fastp.fastq.gz_fastqc_data.txt",
                "test/s2_1.fastp.fastq.gz_fastqc_report.html",
                "test/s2_1.fastp.fastq.gz_summary.txt",
                "test/s2_2.fastp.fastq.gz",
                "test/s2_2.fastp.fastq.gz.md5",
                "test/s2_2.fastp.fastq.gz_fastqc_data.txt",
                "test/s2_2.fastp.fastq.gz_fastqc_report.html",
                "test/s2_2.fastp.fastq.gz_summary.txt",
                "test/s3.R1.fq.gz",
                "test/s3.R2.fq.gz",
                "test/s3.fastp.html",
                "test/s3.fastp.json",
                "test/s3_1.fastp.fastq.gz",
                "test/s3_1.fastp.fastq.gz.md5",
                "test/s3_1.fastp.fastq.gz_fastqc_data.txt",
                "test/s3_1.fastp.fastq.gz_fastqc_report.html",
                "test/s3_1.fastp.fastq.gz_summary.txt",
                "test/s3_2.fastp.fastq.gz",
                "test/s3_2.fastp.fastq.gz.md5",
                "test/s3_2.fastp.fastq.gz_fastqc_data.txt",
                "test/s3_2.fastp.fastq.gz_fastqc_report.html",
                "test/s3_2.fastp.fastq.gz_summary.txt",
                "test/s4.R1.fq.gz",
                "test/s4.R2.fq.gz",
                "test/s4.fastp.html",
                "test/s4.fastp.json",
                "test/s4_1.fastp.fastq.gz",
                "test/s4_1.fastp.fastq.gz.md5",
                "test/s4_1.fastp.fastq.gz_fastqc_data.txt",
                "test/s4_1.fastp.fastq.gz_fastqc_report.html",
                "test/s4_1.fastp.fastq.gz_summary.txt",
                "test/s4_2.fastp.fastq.gz",
                "test/s4_2.fastp.fastq.gz.md5",
                "test/s4_2.fastp.fastq.gz_fastqc_data.txt",
                "test/s4_2.fastp.fastq.gz_fastqc_report.html",
                "test/s4_2.fastp.fastq.gz_summary.txt",
                "test/s5.R1.fq.gz",
                "test/s5.R2.fq.gz",
                "test/s5.fastp.html",
                "test/s5.fastp.json",
                "test/s5_1.fastp.fastq.gz",
                "test/s5_1.fastp.fastq.gz.md5",
                "test/s5_1.fastp.fastq.gz_fastqc_data.txt",
                "test/s5_1.fastp.fastq.gz_fastqc_report.html",
                "test/s5_1.fastp.fastq.gz_summary.txt",
                "test/s5_2.fastp.fastq.gz",
                "test/s5_2.fastp.fastq.gz.md5",
                "test/s5_2.fastp.fastq.gz_fastqc_data.txt",
                "test/s5_2.fastp.fastq.gz_fastqc_report.html",
                "test/s5_2.fastp.fastq.gz_summary.txt",
                "test/s6.R1.fq.gz",
                "test/s6.R2.fq.gz",
                "test/s6.fastp.html",
                "test/s6.fastp.json",
                "test/s6_1.fastp.fastq.gz",
                "test/s6_1.fastp.fastq.gz.md5",
                "test/s6_1.fastp.fastq.gz_fastqc_data.txt",
                "test/s6_1.fastp.fastq.gz_fastqc_report.html",
                "test/s6_1.fastp.fastq.gz_summary.txt",
                "test/s6_2.fastp.fastq.gz",
                "test/s6_2.fastp.fastq.gz.md5",
                "test/s6_2.fastp.fastq.gz_fastqc_data.txt",
                "test/s6_2.fastp.fastq.gz_fastqc_report.html",
                "test/s6_2.fastp.fastq.gz_summary.txt",
                "test/s7.R1.fq.gz",
                "test/s7.R2.fq.gz",
                "test/s7.fastp.html",
                "test/s7.fastp.json",
                "test/s7_1.fastp.fastq.gz",
                "test/s7_1.fastp.fastq.gz.md5",
                "test/s7_1.fastp.fastq.gz_fastqc_data.txt",
                "test/s7_1.fastp.fastq.gz_fastqc_report.html",
                "test/s7_1.fastp.fastq.gz_summary.txt",
                "test/s7_2.fastp.fastq.gz",
                "test/s7_2.fastp.fastq.gz.md5",
                "test/s7_2.fastp.fastq.gz_fastqc_data.txt",
                "test/s7_2.fastp.fastq.gz_fastqc_report.html",
                "test/s7_2.fastp.fastq.gz_summary.txt",
                "test/s8.R1.fq.gz",
                "test/s8.R2.fq.gz",
                "test/s8.fastp.html",
                "test/s8.fastp.json",
                "test/s8_1.fastp.fastq.gz",
                "test/s8_1.fastp.fastq.gz.md5",
                "test/s8_1.fastp.fastq.gz_fastqc_data.txt",
                "test/s8_1.fastp.fastq.gz_fastqc_report.html",
                "test/s8_1.fastp.fastq.gz_summary.txt",
                "test/s8_2.fastp.fastq.gz",
                "test/s8_2.fastp.fastq.gz.md5",
                "test/s8_2.fastp.fastq.gz_fastqc_data.txt",
                "test/s8_2.fastp.fastq.gz_fastqc_report.html",
                "test/s8_2.fastp.fastq.gz_summary.txt",
                "test/s9.R1.fq.gz",
                "test/s9.R2.fq.gz",
                "test/s9.fastp.html",
                "test/s9.fastp.json",
                "test/s9_1.fastp.fastq.gz",
                "test/s9_1.fastp.fastq.gz.md5",
                "test/s9_1.fastp.fastq.gz_fastqc_data.txt",
                "test/s9_1.fastp.fastq.gz_fastqc_report.html",
                "test/s9_1.fastp.fastq.gz_summary.txt",
                "test/s9_2.fastp.fastq.gz",
                "test/s9_2.fastp.fastq.gz.md5",
                "test/s9_2.fastp.fastq.gz_fastqc_data.txt",
                "test/s9_2.fastp.fastq.gz_fastqc_report.html",
                "test/s9_2.fastp.fastq.gz_summary.txt",
                "test/unmatched.R1.fq.gz",
                "test/unmatched.R2.fq.gz",
                "test/unmatched.fastp.html",
                "test/unmatched.fastp.json",
                "test/unmatched_1.fastp.fastq.gz",
                "test/unmatched_1.fastp.fastq.gz.md5",
                "test/unmatched_1.fastp.fastq.gz_fastqc_data.txt",
                "test/unmatched_1.fastp.fastq.gz_fastqc_report.html",
                "test/unmatched_1.fastp.fastq.gz_summary.txt",
                "test/unmatched_2.fastp.fastq.gz",
                "test/unmatched_2.fastp.fastq.gz.md5",
                "test/unmatched_2.fastp.fastq.gz_fastqc_data.txt",
                "test/unmatched_2.fastp.fastq.gz_fastqc_report.html",
                "test/unmatched_2.fastp.fastq.gz_summary.txt"
            ],
            [
                "samplesheet.tsv:md5,f6595e6a60b7f135d8d6ad2a7d8b84c9",
                "fastp-seq-content-gc-plot_Read_1_After_filtering.txt:md5,2e2ea8010dfa345adb054ab61d4097cb",
                "fastp-seq-content-gc-plot_Read_1_Before_filtering.txt:md5,2e2ea8010dfa345adb054ab61d4097cb",
                "fastp-seq-content-gc-plot_Read_2_After_filtering.txt:md5,77de96e7f6c12b078ca4123e935664fa",
                "fastp-seq-content-gc-plot_Read_2_Before_filtering.txt:md5,77de96e7f6c12b078ca4123e935664fa",
                "fastp-seq-content-n-plot_Read_1_After_filtering.txt:md5,aa314757967b1e15327c91d755647633",
                "fastp-seq-content-n-plot_Read_1_Before_filtering.txt:md5,aa314757967b1e15327c91d755647633",
                "fastp-seq-content-n-plot_Read_2_After_filtering.txt:md5,aa314757967b1e15327c91d755647633",
                "fastp-seq-content-n-plot_Read_2_Before_filtering.txt:md5,aa314757967b1e15327c91d755647633",
                "fastp-seq-quality-plot_Read_1_After_filtering.txt:md5,51c775bbe26bc18302e5ad4e3f062a35",
                "fastp-seq-quality-plot_Read_1_Before_filtering.txt:md5,51c775bbe26bc18302e5ad4e3f062a35",
                "fastp-seq-quality-plot_Read_2_After_filtering.txt:md5,51c775bbe26bc18302e5ad4e3f062a35",
                "fastp-seq-quality-plot_Read_2_Before_filtering.txt:md5,51c775bbe26bc18302e5ad4e3f062a35",
                "fastp_filtered_reads_plot.txt:md5,17e3821fa68a70c8e3ac291fded86ea8",
                "fastqc_per_base_n_content_plot.txt:md5,e4075b5f39c67cad9863454c740b49fb",
                "fastqc_per_base_sequence_quality_plot.txt:md5,f36dd0652b24458c44d8db504396a1c0",
                "fastqc_per_sequence_gc_content_plot_Counts.txt:md5,a455ab83946f6245c4d191b3c007c21c",
                "fastqc_per_sequence_gc_content_plot_Percentages.txt:md5,90c4dc771cb6ed90c6a08d6ec946e347",
                "fastqc_per_sequence_quality_scores_plot.txt:md5,0075027df869f39e0946161431260538",
                "fastqc_sequence_counts_plot.txt:md5,bbbe909faba46ebc518b6059bd488777",
                "fastqc_sequence_duplication_levels_plot.txt:md5,d6db81670f1240dda7a91e14a29557c0",
                "multiqc_citations.txt:md5,d35df50e9903a96a2b3bce3c1fbc8ad2",
                "test.csv:md5,c01a880241575a67e3eb5dc461a4972c",
                "demux-metrics.txt:md5,1d587fa959f9129155314cf531103347",
                "s1.R1.fq.gz:md5,1eadc3622432e260b2d1c43d669b621a",
                "s1.R2.fq.gz:md5,fe11bc516e32e2ee6c3064dd7d157bc8",
                "s1.fastp.json:md5,79c2231f971c1d9599ffb018e92f2f0d",
                "s10.R1.fq.gz:md5,68d72892789df70b17b8886d6a616999",
                "s10.R2.fq.gz:md5,abe44a80eebd1a4a7ec432ee3142f599",
                "s10.fastp.json:md5,f6f171e3710fda7d356b0bf8c556bb5b",
                "s10_1.fastp.fastq.gz:md5,68d72892789df70b17b8886d6a616999",
                "s10_1.fastp.fastq.gz.md5:md5,8db05dbfa024326847b7dcbf5f9bc5ee",
                "s10_1.fastp.fastq.gz_fastqc_data.txt:md5,f4877a6030408f6602010f135bd00199",
                "s10_1.fastp.fastq.gz_summary.txt:md5,bbe10e92d011509ae8384020f66ac895",
                "s10_2.fastp.fastq.gz:md5,abe44a80eebd1a4a7ec432ee3142f599",
                "s10_2.fastp.fastq.gz.md5:md5,5cbb47118bc5c1fec6b6e08a1f1c30a6",
                "s10_2.fastp.fastq.gz_fastqc_data.txt:md5,42f985dc5d6e23ab745c90cd8bf0889b",
                "s10_2.fastp.fastq.gz_summary.txt:md5,cf832ac3f3e9bf35bcfaa9768e2dcc20",
                "s11.R1.fq.gz:md5,1e63515691b7694b3237f69e95dacdd7",
                "s11.R2.fq.gz:md5,3431b7a6d5840afb4460529a6f9611e3",
                "s11.fastp.json:md5,597062c8a2753de0d27590897d0df30e",
                "s11_1.fastp.fastq.gz:md5,1e63515691b7694b3237f69e95dacdd7",
                "s11_1.fastp.fastq.gz.md5:md5,8d33a1fe56fb44826cb377daa5b730ed",
                "s11_1.fastp.fastq.gz_fastqc_data.txt:md5,71a1bb83be438792b01c87e4625c7ff9",
                "s11_1.fastp.fastq.gz_summary.txt:md5,1b38f806b008bf6ce281d46c203ea46e",
                "s11_2.fastp.fastq.gz:md5,3431b7a6d5840afb4460529a6f9611e3",
                "s11_2.fastp.fastq.gz.md5:md5,93334c959bd78786b274cc05db184e14",
                "s11_2.fastp.fastq.gz_fastqc_data.txt:md5,427934d28e9bc0987889cafc3d58647d",
                "s11_2.fastp.fastq.gz_summary.txt:md5,a09abb540a0e59bd43be621c7ff10a3e",
                "s12.R1.fq.gz:md5,a27e66093a904a269bfcc3c3f98a1238",
                "s12.R2.fq.gz:md5,25b5b8ced9353f202880077aabd2a721",
                "s12.fastp.json:md5,38b6c2522b3f79ccb90181b91f3a87b1",
                "s12_1.fastp.fastq.gz:md5,a27e66093a904a269bfcc3c3f98a1238",
                "s12_1.fastp.fastq.gz.md5:md5,e68abcbca9161b0a02def11aaf3ba9d1",
                "s12_1.fastp.fastq.gz_fastqc_data.txt:md5,04e72d7df66c532cba7154355c9120b2",
                "s12_1.fastp.fastq.gz_summary.txt:md5,1ba67ec838f7a385a36f9387c30cc05b",
                "s12_2.fastp.fastq.gz:md5,25b5b8ced9353f202880077aabd2a721",
                "s12_2.fastp.fastq.gz.md5:md5,977807b9ef4f4327d2b54ac9e1497437",
                "s12_2.fastp.fastq.gz_fastqc_data.txt:md5,63b15e0b2a65e69d125a8012bf50d9d9",
                "s12_2.fastp.fastq.gz_summary.txt:md5,05cf105e959da1c76b1d6724b12b9a66",
                "s13.R1.fq.gz:md5,353b2cbd1394d0e1c03cd3a4a7f4f623",
                "s13.R2.fq.gz:md5,3e3c6ed5933d864759cceee197f8fa64",
                "s13.fastp.json:md5,c4e39a664ca5f2b5915db6064565d98b",
                "s13_1.fastp.fastq.gz:md5,353b2cbd1394d0e1c03cd3a4a7f4f623",
                "s13_1.fastp.fastq.gz.md5:md5,c8717d66778eb444f03bb4ba2b42a419",
                "s13_1.fastp.fastq.gz_fastqc_data.txt:md5,8b23beefaf52a5efb3c61df884fef31e",
                "s13_1.fastp.fastq.gz_summary.txt:md5,f5471ae4ddf2e0f41acedf6f37264cbd",
                "s13_2.fastp.fastq.gz:md5,3e3c6ed5933d864759cceee197f8fa64",
                "s13_2.fastp.fastq.gz.md5:md5,4a2737d6b404afa20e57a25e3e16c357",
                "s13_2.fastp.fastq.gz_fastqc_data.txt:md5,0f37812e627b4c608dc1254aff903f11",
                "s13_2.fastp.fastq.gz_summary.txt:md5,213304b4943eabe32b43abe315a99a72",
                "s14.R1.fq.gz:md5,83744d94d2f5d3722c960566b7a5267e",
                "s14.R2.fq.gz:md5,1aecf34deb4bc27069f4ff83a0fb9f5d",
                "s14.fastp.json:md5,1146050509b881c69fd665928275faaa",
                "s14_1.fastp.fastq.gz:md5,83744d94d2f5d3722c960566b7a5267e",
                "s14_1.fastp.fastq.gz.md5:md5,1ed08db7b3ee59699c69f8f6802eea1b",
                "s14_1.fastp.fastq.gz_fastqc_data.txt:md5,dad59184d517f9b9b746d58d993fb2e6",
                "s14_1.fastp.fastq.gz_summary.txt:md5,eac4575d795da57e20573cad9ecef4d1",
                "s14_2.fastp.fastq.gz:md5,1aecf34deb4bc27069f4ff83a0fb9f5d",
                "s14_2.fastp.fastq.gz.md5:md5,8331df306ee370dc1eab5333f9f984b5",
                "s14_2.fastp.fastq.gz_fastqc_data.txt:md5,f3397fb39b7d261ef30a531b9defd7af",
                "s14_2.fastp.fastq.gz_summary.txt:md5,795fe9cba1265989811625916f65fd8a",
                "s15.R1.fq.gz:md5,ea1f11b52fc604e4aa168a78bf086892",
                "s15.R2.fq.gz:md5,f059ac2b1125d364570be8a5010e94d8",
                "s15.fastp.json:md5,6853dc02a653463c7892b5b0249d52ad",
                "s15_1.fastp.fastq.gz:md5,ea1f11b52fc604e4aa168a78bf086892",
                "s15_1.fastp.fastq.gz.md5:md5,dcc9a9feac74537abbf110a050634f16",
                "s15_1.fastp.fastq.gz_fastqc_data.txt:md5,f350de6b6b415bfa779c1347dfc6e6cf",
                "s15_1.fastp.fastq.gz_summary.txt:md5,c4b63c996c1840cc02873a5b61b20e9d",
                "s15_2.fastp.fastq.gz:md5,f059ac2b1125d364570be8a5010e94d8",
                "s15_2.fastp.fastq.gz.md5:md5,eac53af81c90e12babd1868ba63250d7",
                "s15_2.fastp.fastq.gz_fastqc_data.txt:md5,8fcbf9893d145fb7ba5828ee587219b1",
                "s15_2.fastp.fastq.gz_summary.txt:md5,d879805b86fd51404213146167de0bb8",
                "s16.R1.fq.gz:md5,150db1d3462b6cdd8022011b462d190d",
                "s16.R2.fq.gz:md5,a939a31d634df5a6c5741a79ad84fea5",
                "s16.fastp.json:md5,6a195ea500055630823e1df4b740899e",
                "s16_1.fastp.fastq.gz:md5,150db1d3462b6cdd8022011b462d190d",
                "s16_1.fastp.fastq.gz.md5:md5,f7dff2b49d590f7357e69eafb61b17f8",
                "s16_1.fastp.fastq.gz_fastqc_data.txt:md5,2ad150c1a32babb0f3fda90609923b2f",
                "s16_1.fastp.fastq.gz_summary.txt:md5,99dcf04f3f19e394e9136c98cf06455e",
                "s16_2.fastp.fastq.gz:md5,a939a31d634df5a6c5741a79ad84fea5",
                "s16_2.fastp.fastq.gz.md5:md5,1edbe71af9b9461671c8b6a88e8c1b2d",
                "s16_2.fastp.fastq.gz_fastqc_data.txt:md5,6e67cf4be9cbb06fa589ffb2a252eba2",
                "s16_2.fastp.fastq.gz_summary.txt:md5,77184c2c0a60f6150a2741c526d292b1",
                "s17.R1.fq.gz:md5,eb2a43e737d5bc941866957d878f52cb",
                "s17.R2.fq.gz:md5,affeeeb95f4ab3eb73ff3fd49d62a460",
                "s17.fastp.json:md5,0269716d56db2df75149ec0d705ad32a",
                "s17_1.fastp.fastq.gz:md5,eb2a43e737d5bc941866957d878f52cb",
                "s17_1.fastp.fastq.gz.md5:md5,8a78a67904f87e1d7f7b0bdadf4fd358",
                "s17_1.fastp.fastq.gz_fastqc_data.txt:md5,272799600b9eae03a2fda82093454159",
                "s17_1.fastp.fastq.gz_summary.txt:md5,a57ff79f8045bbbde87fcee38d1e1986",
                "s17_2.fastp.fastq.gz:md5,affeeeb95f4ab3eb73ff3fd49d62a460",
                "s17_2.fastp.fastq.gz.md5:md5,4afdddaae7c346c587bd6611da6f8340",
                "s17_2.fastp.fastq.gz_fastqc_data.txt:md5,d5c62b1c0d48ca2d5b66187294574bee",
                "s17_2.fastp.fastq.gz_summary.txt:md5,f5322e243e01c8da1e497773bb691d5b",
                "s18.R1.fq.gz:md5,413c245496557c3973bcb2c8fd738fed",
                "s18.R2.fq.gz:md5,50d854cd559fb641967e8eda19006f8f",
                "s18.fastp.json:md5,839e2bc0310b75035231ee00ff87bff4",
                "s18_1.fastp.fastq.gz:md5,413c245496557c3973bcb2c8fd738fed",
                "s18_1.fastp.fastq.gz.md5:md5,9097ef96f51fce62a56b2b15321552c9",
                "s18_1.fastp.fastq.gz_fastqc_data.txt:md5,8029dd9a64b513c655c7ece29f0c68a8",
                "s18_1.fastp.fastq.gz_summary.txt:md5,8aaeaec3157659c60708d6fab0a1fea0",
                "s18_2.fastp.fastq.gz:md5,50d854cd559fb641967e8eda19006f8f",
                "s18_2.fastp.fastq.gz.md5:md5,b27dbe25fc37de3cd294200e5733d725",
                "s18_2.fastp.fastq.gz_fastqc_data.txt:md5,93a87272a4b3baf54adbd7d6db4a1e18",
                "s18_2.fastp.fastq.gz_summary.txt:md5,8208a75cb7c51db537b893061f1f47bf",
                "s19.R1.fq.gz:md5,9581c36425dd36b1bf4a844d4c3fd434",
                "s19.R2.fq.gz:md5,13e966cdfcf3fd272a1d739dbe82e05c",
                "s19.fastp.json:md5,7f904a76724ecefbb1071ab83b913fac",
                "s19_1.fastp.fastq.gz:md5,9581c36425dd36b1bf4a844d4c3fd434",
                "s19_1.fastp.fastq.gz.md5:md5,57cf0a82a1cbc6f81dd3af344769c067",
                "s19_1.fastp.fastq.gz_fastqc_data.txt:md5,8e4cdf867e0315bfcc621cf3c9098ec3",
                "s19_1.fastp.fastq.gz_summary.txt:md5,3cf3a6d2b17e6ac6a671218dfea1b561",
                "s19_2.fastp.fastq.gz:md5,13e966cdfcf3fd272a1d739dbe82e05c",
                "s19_2.fastp.fastq.gz.md5:md5,26fcb1ddc99bb72d652abebcc508d661",
                "s19_2.fastp.fastq.gz_fastqc_data.txt:md5,933c6e6f1d77695b9c4c19bd873ea505",
                "s19_2.fastp.fastq.gz_summary.txt:md5,5e0f81803f2360ec27a6045f80654d96",
                "s1_1.fastp.fastq.gz:md5,1eadc3622432e260b2d1c43d669b621a",
                "s1_1.fastp.fastq.gz.md5:md5,f64ffb4f1c9b5e5e19dd2da8f86ec2e8",
                "s1_1.fastp.fastq.gz_fastqc_data.txt:md5,7bc10cfb10e7fe926bba406b0aaffc8a",
                "s1_1.fastp.fastq.gz_summary.txt:md5,6f24a3a874a2c4d74c2b5a6fa25ccb5e",
                "s1_2.fastp.fastq.gz:md5,fe11bc516e32e2ee6c3064dd7d157bc8",
                "s1_2.fastp.fastq.gz.md5:md5,fda56aa2d1c15cb762abf59a4f64e1bb",
                "s1_2.fastp.fastq.gz_fastqc_data.txt:md5,0d8aedb8f157166910a984e01c8cffed",
                "s1_2.fastp.fastq.gz_summary.txt:md5,6ea5d63f4d9ad9db3d9a489e31ff13ad",
                "s2.R1.fq.gz:md5,e5a9598bef0d53087aa25530667ccf79",
                "s2.R2.fq.gz:md5,7cbede4e3e641207da50ebb96653d0df",
                "s2.fastp.json:md5,fb39203723710728dd5e7253ecc8915e",
                "s20.R1.fq.gz:md5,32144c46d24d5c264d98be49b8d8fb1d",
                "s20.R2.fq.gz:md5,585a1ff0e75a693c7464f6d0966c5fb9",
                "s20.fastp.json:md5,b3f6bada4111128b67f47221510476ac",
                "s20_1.fastp.fastq.gz:md5,32144c46d24d5c264d98be49b8d8fb1d",
                "s20_1.fastp.fastq.gz.md5:md5,4dc0f3e4498df3c04d47574134acee60",
                "s20_1.fastp.fastq.gz_fastqc_data.txt:md5,514e1cfcb754ace865ed1a059292caa2",
                "s20_1.fastp.fastq.gz_summary.txt:md5,b3e709ce23ff76b8099aa6607888a25f",
                "s20_2.fastp.fastq.gz:md5,585a1ff0e75a693c7464f6d0966c5fb9",
                "s20_2.fastp.fastq.gz.md5:md5,777e375cbdfc81d449cb9d09574ab16a",
                "s20_2.fastp.fastq.gz_fastqc_data.txt:md5,352c6eba7490dbeadd2e8bb528959e00",
                "s20_2.fastp.fastq.gz_summary.txt:md5,0adc9b32fab9218bb96503ca98974579",
                "s21.R1.fq.gz:md5,1e92094589206300ef884273ee9ee265",
                "s21.R2.fq.gz:md5,9f9278e60ba2dd2c5bb14d021268c613",
                "s21.fastp.json:md5,04dc9227eff67f9242fc57f101b902e1",
                "s21_1.fastp.fastq.gz:md5,1e92094589206300ef884273ee9ee265",
                "s21_1.fastp.fastq.gz.md5:md5,271cbfb8258b802dff135d0134f08896",
                "s21_1.fastp.fastq.gz_fastqc_data.txt:md5,583f37c4d0b3c1cf70146638288259eb",
                "s21_1.fastp.fastq.gz_summary.txt:md5,53521830e74bc2fda95746bd59e1b47a",
                "s21_2.fastp.fastq.gz:md5,9f9278e60ba2dd2c5bb14d021268c613",
                "s21_2.fastp.fastq.gz.md5:md5,bb1d568adb5761fbe58e7042753f7e6b",
                "s21_2.fastp.fastq.gz_fastqc_data.txt:md5,4220408a8a49188293008705d99797d7",
                "s21_2.fastp.fastq.gz_summary.txt:md5,9cac4c355b24c72774be49dc72b910c5",
                "s22.R1.fq.gz:md5,5abfd96f6a1eb0391208fe7f4dcecade",
                "s22.R2.fq.gz:md5,868ef4eb6ca676ed93d2389188ed3d81",
                "s22.fastp.json:md5,d3102e69f2d7e3fc1086881999a2cce8",
                "s22_1.fastp.fastq.gz:md5,5abfd96f6a1eb0391208fe7f4dcecade",
                "s22_1.fastp.fastq.gz.md5:md5,2545a5e84d10f130551c45ea29154dde",
                "s22_1.fastp.fastq.gz_fastqc_data.txt:md5,903c86972bd98447069b8123bbd2ed2b",
                "s22_1.fastp.fastq.gz_summary.txt:md5,dc7a13f5a1d35e0d58457fcf21ce6319",
                "s22_2.fastp.fastq.gz:md5,868ef4eb6ca676ed93d2389188ed3d81",
                "s22_2.fastp.fastq.gz.md5:md5,58ca118289a9f7836b4b7780099fb803",
                "s22_2.fastp.fastq.gz_fastqc_data.txt:md5,6aa91feefd6ded02d5158132482f6f75",
                "s22_2.fastp.fastq.gz_summary.txt:md5,7704ed026dbaf60ccb8426b5d122c53d",
                "s23.R1.fq.gz:md5,0d0ec11e03749ac7a48d00a46781a74f",
                "s23.R2.fq.gz:md5,3ca8a6141f9e4f9595a90075ac390e7f",
                "s23.fastp.json:md5,08709114df144d6d54e43548f010d5e3",
                "s23_1.fastp.fastq.gz:md5,0d0ec11e03749ac7a48d00a46781a74f",
                "s23_1.fastp.fastq.gz.md5:md5,0aa820c87fa31d216678ad1e0a959351",
                "s23_1.fastp.fastq.gz_fastqc_data.txt:md5,b80be522e8fc203353873b4293a1bd93",
                "s23_1.fastp.fastq.gz_summary.txt:md5,fa0459c6f2d09851918d0746198011d7",
                "s23_2.fastp.fastq.gz:md5,3ca8a6141f9e4f9595a90075ac390e7f",
                "s23_2.fastp.fastq.gz.md5:md5,81b8b9414e34771045a38dd2f09fe1a1",
                "s23_2.fastp.fastq.gz_fastqc_data.txt:md5,03581c6566f47f1d942e578f03f520ba",
                "s23_2.fastp.fastq.gz_summary.txt:md5,15ddeefe82e3af35daf5254322c9abc6",
                "s24.R1.fq.gz:md5,9af8ba800a69fc8637cfe864870bade7",
                "s24.R2.fq.gz:md5,1e988f6a217b67271801f2041be5c66b",
                "s24.fastp.json:md5,a5b437ac272c3189b96d6c3b4e10fc92",
                "s24_1.fastp.fastq.gz:md5,9af8ba800a69fc8637cfe864870bade7",
                "s24_1.fastp.fastq.gz.md5:md5,cd24734dc26c7ea8ea3c21bdc77ff9c4",
                "s24_1.fastp.fastq.gz_fastqc_data.txt:md5,09385a18735331295ec633a1d416cd70",
                "s24_1.fastp.fastq.gz_summary.txt:md5,92d1c0ec63759b0ccf61354405d46fd4",
                "s24_2.fastp.fastq.gz:md5,1e988f6a217b67271801f2041be5c66b",
                "s24_2.fastp.fastq.gz.md5:md5,ec8374f3a49357468b421dd3c2f87801",
                "s24_2.fastp.fastq.gz_fastqc_data.txt:md5,6c22195c538a12592e76d8a72d87d0a1",
                "s24_2.fastp.fastq.gz_summary.txt:md5,8a378d9090f444a073769427286966e9",
                "s2_1.fastp.fastq.gz:md5,e5a9598bef0d53087aa25530667ccf79",
                "s2_1.fastp.fastq.gz.md5:md5,35ea1cf27f3ecf7013233b28fb479542",
                "s2_1.fastp.fastq.gz_fastqc_data.txt:md5,cf1b2108b901417c545a4922f0bad7e7",
                "s2_1.fastp.fastq.gz_summary.txt:md5,7033939b9cd1f10f378f62cce8f83f0b",
                "s2_2.fastp.fastq.gz:md5,7cbede4e3e641207da50ebb96653d0df",
                "s2_2.fastp.fastq.gz.md5:md5,376b241d56d27365a559e1c3ca3bdacb",
                "s2_2.fastp.fastq.gz_fastqc_data.txt:md5,1815381c120dc27aa1cce557405b0375",
                "s2_2.fastp.fastq.gz_summary.txt:md5,3abb4bf4dac99a045470c9fef3186bd7",
                "s3.R1.fq.gz:md5,aa1fe4107eb39313f97c1c045a3a15ed",
                "s3.R2.fq.gz:md5,22332ab06eed7ff915ec1ffba0100610",
                "s3.fastp.json:md5,2866528bf29707af4e06e165cfcdade3",
                "s3_1.fastp.fastq.gz:md5,aa1fe4107eb39313f97c1c045a3a15ed",
                "s3_1.fastp.fastq.gz.md5:md5,f3deafacc172d00bfb62fddbd0eb17c3",
                "s3_1.fastp.fastq.gz_fastqc_data.txt:md5,0b8a95b400e766a95d6d212bc581b6ef",
                "s3_1.fastp.fastq.gz_summary.txt:md5,465ecf738d98d9054ebe710f94adf89e",
                "s3_2.fastp.fastq.gz:md5,22332ab06eed7ff915ec1ffba0100610",
                "s3_2.fastp.fastq.gz.md5:md5,b06cc80886e7c21e9acbff3be7b20c06",
                "s3_2.fastp.fastq.gz_fastqc_data.txt:md5,b3cb5076eb6e22780051e66367f80469",
                "s3_2.fastp.fastq.gz_summary.txt:md5,d2f5f7caf04eba3fa1a72dfc620b7324",
                "s4.R1.fq.gz:md5,f6818e27d3118f66168b8af2f155f4b0",
                "s4.R2.fq.gz:md5,c489acd3fd4775cb9a69053d4b26250f",
                "s4.fastp.json:md5,0ddddc89496f6e036d9307a8427563ad",
                "s4_1.fastp.fastq.gz:md5,f6818e27d3118f66168b8af2f155f4b0",
                "s4_1.fastp.fastq.gz.md5:md5,a51cb41091933d7ea537e4eca66ee583",
                "s4_1.fastp.fastq.gz_fastqc_data.txt:md5,c827cb223cd18868e986114b2b56aa11",
                "s4_1.fastp.fastq.gz_summary.txt:md5,54c61ffda03c4aeaee055b43738bea8e",
                "s4_2.fastp.fastq.gz:md5,c489acd3fd4775cb9a69053d4b26250f",
                "s4_2.fastp.fastq.gz.md5:md5,5913f5cf971d04484e0473fc03e78a31",
                "s4_2.fastp.fastq.gz_fastqc_data.txt:md5,c062a41b9578769e063655ee0410179d",
                "s4_2.fastp.fastq.gz_summary.txt:md5,61f3820bf97c6b358d9e039266ac7691",
                "s5.R1.fq.gz:md5,2c111ddbdc64a9f4a9fc7a27f2e2aaea",
                "s5.R2.fq.gz:md5,6ae8e46cf5fa66f6998a72f15caa9c58",
                "s5.fastp.json:md5,baeecec1b196149d932563a759fd4989",
                "s5_1.fastp.fastq.gz:md5,2c111ddbdc64a9f4a9fc7a27f2e2aaea",
                "s5_1.fastp.fastq.gz.md5:md5,7fffdc9a1785f132cf56800a269aa20d",
                "s5_1.fastp.fastq.gz_fastqc_data.txt:md5,c54f90f7b4623bd3bdfe8580b277af0b",
                "s5_1.fastp.fastq.gz_summary.txt:md5,cd6ae5046c4bef89115a98fc3b6a1282",
                "s5_2.fastp.fastq.gz:md5,6ae8e46cf5fa66f6998a72f15caa9c58",
                "s5_2.fastp.fastq.gz.md5:md5,bb1dfb34b2cfb26b5dbef8493eb4fdfe",
                "s5_2.fastp.fastq.gz_fastqc_data.txt:md5,9df4fa82eb11393fb57d7c029c7ae327",
                "s5_2.fastp.fastq.gz_summary.txt:md5,2fe1f212327441aa271f7f308270f3d2",
                "s6.R1.fq.gz:md5,cc6c0fb00166827307c846c8e9661c47",
                "s6.R2.fq.gz:md5,6d5556ca178aab7202cf860fff94f574",
                "s6.fastp.json:md5,f8e9ff01efeb5f4ea37ee8cb8293223e",
                "s6_1.fastp.fastq.gz:md5,cc6c0fb00166827307c846c8e9661c47",
                "s6_1.fastp.fastq.gz.md5:md5,81910b3afe48abf930d7623f94adf9f6",
                "s6_1.fastp.fastq.gz_fastqc_data.txt:md5,f6dcd4caa543e6b9bd7f683c50d09a84",
                "s6_1.fastp.fastq.gz_summary.txt:md5,babe9aa8373d25fd029fd0bd4c1bcdc2",
                "s6_2.fastp.fastq.gz:md5,6d5556ca178aab7202cf860fff94f574",
                "s6_2.fastp.fastq.gz.md5:md5,2417e2f3c914fa8f032afd8676b2d43d",
                "s6_2.fastp.fastq.gz_fastqc_data.txt:md5,a0cfd6e5c6d000b54798aa7967b654d5",
                "s6_2.fastp.fastq.gz_summary.txt:md5,1afa3915b57e51d56eb998af0c2121a8",
                "s7.R1.fq.gz:md5,36ab856e02e7d1c17c3a122ec9179cbb",
                "s7.R2.fq.gz:md5,0764aae83716030f4ea05cca5d4511a4",
                "s7.fastp.json:md5,618413824d16f777668c1882b33451c7",
                "s7_1.fastp.fastq.gz:md5,36ab856e02e7d1c17c3a122ec9179cbb",
                "s7_1.fastp.fastq.gz.md5:md5,6942c45c37a57407853cfcbef1a7576e",
                "s7_1.fastp.fastq.gz_fastqc_data.txt:md5,a8f1a1249da32dc1bafe64ef11ff333e",
                "s7_1.fastp.fastq.gz_summary.txt:md5,5ff0936a3b19a6cba43d74c59a4ffbfa",
                "s7_2.fastp.fastq.gz:md5,0764aae83716030f4ea05cca5d4511a4",
                "s7_2.fastp.fastq.gz.md5:md5,08bbbd69fc3ee7df14b33947f3265790",
                "s7_2.fastp.fastq.gz_fastqc_data.txt:md5,4eda9a3f2a829184adbb61fcea58f6b4",
                "s7_2.fastp.fastq.gz_summary.txt:md5,5d47846f21b5fe4e8b05cdd054f6a91b",
                "s8.R1.fq.gz:md5,f37f97582eafb96aae79a1d635e4585e",
                "s8.R2.fq.gz:md5,b5e48a29663e3e92354794290e2ba419",
                "s8.fastp.json:md5,cf379108ff652b20ff9b1c77d8e2ef6e",
                "s8_1.fastp.fastq.gz:md5,f37f97582eafb96aae79a1d635e4585e",
                "s8_1.fastp.fastq.gz.md5:md5,530292bf972cf1b4b234fc40ae40e402",
                "s8_1.fastp.fastq.gz_fastqc_data.txt:md5,9769a7bce94f65c7eb7d0a64f00607b5",
                "s8_1.fastp.fastq.gz_summary.txt:md5,a65831285ff1b417c72dd20fe7393ad0",
                "s8_2.fastp.fastq.gz:md5,b5e48a29663e3e92354794290e2ba419",
                "s8_2.fastp.fastq.gz.md5:md5,ec862cc5d2cc18be996a8a38b4052d87",
                "s8_2.fastp.fastq.gz_fastqc_data.txt:md5,065d4208b7d2c0162b71e47a673b6cd7",
                "s8_2.fastp.fastq.gz_summary.txt:md5,821bbcf71f1e5e568aee2e8ac5788305",
                "s9.R1.fq.gz:md5,42e79f8a4e8db043b76782538982d1ea",
                "s9.R2.fq.gz:md5,d3af5fce6432934a479770f16c8f50b1",
                "s9.fastp.json:md5,543d835a46b97ca4bb746ead031107f1",
                "s9_1.fastp.fastq.gz:md5,42e79f8a4e8db043b76782538982d1ea",
                "s9_1.fastp.fastq.gz.md5:md5,9ba7d8112363ed1de4e542e458ad02fa",
                "s9_1.fastp.fastq.gz_fastqc_data.txt:md5,861216d8769fcf246198ce71e550c50d",
                "s9_1.fastp.fastq.gz_summary.txt:md5,47a130225685bbfde4f1f0a285a1f380",
                "s9_2.fastp.fastq.gz:md5,d3af5fce6432934a479770f16c8f50b1",
                "s9_2.fastp.fastq.gz.md5:md5,35b322363f80b060c3c79b6d21448661",
                "s9_2.fastp.fastq.gz_fastqc_data.txt:md5,44ac3768c508a14eea3756ed88271d96",
                "s9_2.fastp.fastq.gz_summary.txt:md5,d6c912c1a073a7b0df9c1c3e00b1b814",
                "unmatched.R1.fq.gz:md5,8f77e8d5adc4b16dd499fe3bd092f66d",
                "unmatched.R2.fq.gz:md5,a2c623dcaa11fe3faaecc563c376f24b",
                "unmatched.fastp.json:md5,beb8aceaea216423ba30c415332d1677",
                "unmatched_1.fastp.fastq.gz:md5,8f77e8d5adc4b16dd499fe3bd092f66d",
                "unmatched_1.fastp.fastq.gz.md5:md5,5b5876132b859c7dc6558bc63b24f8bf",
                "unmatched_1.fastp.fastq.gz_fastqc_data.txt:md5,03d2a927a8850e90f4401c5e7cb469ec",
                "unmatched_1.fastp.fastq.gz_summary.txt:md5,8f82f5c293be99943424dd66ebc74627",
                "unmatched_2.fastp.fastq.gz:md5,a2c623dcaa11fe3faaecc563c376f24b",
                "unmatched_2.fastp.fastq.gz.md5:md5,ea51457970db5e6690a0f76cd2b6be85",
                "unmatched_2.fastp.fastq.gz_fastqc_data.txt:md5,ba1ff6c0e111ebdb3a269a3add145ae6",
                "unmatched_2.fastp.fastq.gz_summary.txt:md5,202c2d50118198e29ead032008eab7d6"
            ],
            [
                [
                    "atacseq_samplesheet.csv",
                    true
                ],
                [
                    "methylseq_samplesheet.csv",
                    true
                ],
                [
                    "rnaseq_samplesheet.csv",
                    true
                ],
                [
                    "sarek_samplesheet.csv",
                    true
                ],
                [
                    "taxprofiler_samplesheet.csv",
                    true
                ]
            ]
        ],
        "meta": {
            "nf-test": "0.9.2",
            "nextflow": "25.04.6"
        },
        "timestamp": "2025-07-30T09:44:48.845909691"
    }
}