{
    "mgikit": {
        "content": [
            23,
            {
                "DEMULTIPLEX": {
                    "mgikit": "2.1.0"
                },
                "FALCO": {
                    "falco": "1.2.1"
                },
                "FASTP": {
                    "fastp": "1.0.1"
                },
                "MD5SUM": {
                    "md5sum": 9.5
                }
            },
            [
                "demultiplex",
                "demultiplex/out-test-fc01-1",
                "demultiplex/out-test-fc01-1/FC01.L01.mgikit.general",
                "demultiplex/out-test-fc01-1/FC01.L01.mgikit.info",
                "demultiplex/out-test-fc01-1/FC01.L01.mgikit.sample_stats",
                "demultiplex/out-test-fc01-1/FC01.L01.mgikit.undetermined_barcode",
                "demultiplex/out-test-fc01-1/FC01.L01.mgikit.undetermined_barcode.complete",
                "demultiplex/out-test-fc01-1/Sample01_S1_L01_R1_001.fastq.gz",
                "demultiplex/out-test-fc01-1/Sample01_S1_L01_R2_001.fastq.gz",
                "demultiplex/out-test-fc01-1/Sample02_S2_L01_R1_001.fastq.gz",
                "demultiplex/out-test-fc01-1/Sample02_S2_L01_R2_001.fastq.gz",
                "demultiplex/out-test-fc01-1/Sample03_S3_L01_R1_001.fastq.gz",
                "demultiplex/out-test-fc01-1/Sample03_S3_L01_R2_001.fastq.gz",
                "demultiplex/out-test-fc01-1/Sample04_S4_L01_R1_001.fastq.gz",
                "demultiplex/out-test-fc01-1/Sample04_S4_L01_R2_001.fastq.gz",
                "demultiplex/out-test-fc01-1_undetermined",
                "demultiplex/out-test-fc01-1_undetermined/Undetermined_L01_R1_001.fastq.gz",
                "demultiplex/out-test-fc01-1_undetermined/Undetermined_L01_R2_001.fastq.gz",
                "multiqc",
                "multiqc/multiqc_data",
                "multiqc/multiqc_data/fastp-insert-size-plot.txt",
                "multiqc/multiqc_data/fastp-seq-content-gc-plot_Read_1_After_filtering.txt",
                "multiqc/multiqc_data/fastp-seq-content-gc-plot_Read_1_Before_filtering.txt",
                "multiqc/multiqc_data/fastp-seq-content-gc-plot_Read_2_After_filtering.txt",
                "multiqc/multiqc_data/fastp-seq-content-gc-plot_Read_2_Before_filtering.txt",
                "multiqc/multiqc_data/fastp-seq-content-n-plot_Read_1_After_filtering.txt",
                "multiqc/multiqc_data/fastp-seq-content-n-plot_Read_1_Before_filtering.txt",
                "multiqc/multiqc_data/fastp-seq-content-n-plot_Read_2_After_filtering.txt",
                "multiqc/multiqc_data/fastp-seq-content-n-plot_Read_2_Before_filtering.txt",
                "multiqc/multiqc_data/fastp-seq-quality-plot_Read_1_After_filtering.txt",
                "multiqc/multiqc_data/fastp-seq-quality-plot_Read_1_Before_filtering.txt",
                "multiqc/multiqc_data/fastp-seq-quality-plot_Read_2_After_filtering.txt",
                "multiqc/multiqc_data/fastp-seq-quality-plot_Read_2_Before_filtering.txt",
                "multiqc/multiqc_data/fastp_filtered_reads_plot.txt",
                "multiqc/multiqc_data/fastqc-status-check-heatmap.txt",
                "multiqc/multiqc_data/fastqc_overrepresented_sequences_plot.txt",
                "multiqc/multiqc_data/fastqc_per_base_n_content_plot.txt",
                "multiqc/multiqc_data/fastqc_per_base_sequence_quality_plot.txt",
                "multiqc/multiqc_data/fastqc_per_sequence_gc_content_plot_Counts.txt",
                "multiqc/multiqc_data/fastqc_per_sequence_gc_content_plot_Percentages.txt",
                "multiqc/multiqc_data/fastqc_per_sequence_quality_scores_plot.txt",
                "multiqc/multiqc_data/fastqc_sequence_counts_plot.txt",
                "multiqc/multiqc_data/fastqc_sequence_duplication_levels_plot.txt",
                "multiqc/multiqc_data/fastqc_top_overrepresented_sequences_table.txt",
                "multiqc/multiqc_data/llms-full.txt",
                "multiqc/multiqc_data/multiqc.log",
                "multiqc/multiqc_data/multiqc.parquet",
                "multiqc/multiqc_data/multiqc_citations.txt",
                "multiqc/multiqc_data/multiqc_data.json",
                "multiqc/multiqc_data/multiqc_fastp.txt",
                "multiqc/multiqc_data/multiqc_fastqc.txt",
                "multiqc/multiqc_data/multiqc_general_stats.txt",
                "multiqc/multiqc_data/multiqc_software_versions.txt",
                "multiqc/multiqc_data/multiqc_sources.txt",
                "multiqc/multiqc_plots",
                "multiqc/multiqc_plots/pdf",
                "multiqc/multiqc_plots/pdf/fastp-insert-size-plot.pdf",
                "multiqc/multiqc_plots/pdf/fastp-seq-content-gc-plot_Read_1_After_filtering.pdf",
                "multiqc/multiqc_plots/pdf/fastp-seq-content-gc-plot_Read_1_Before_filtering.pdf",
                "multiqc/multiqc_plots/pdf/fastp-seq-content-gc-plot_Read_2_After_filtering.pdf",
                "multiqc/multiqc_plots/pdf/fastp-seq-content-gc-plot_Read_2_Before_filtering.pdf",
                "multiqc/multiqc_plots/pdf/fastp-seq-content-n-plot_Read_1_After_filtering.pdf",
                "multiqc/multiqc_plots/pdf/fastp-seq-content-n-plot_Read_1_Before_filtering.pdf",
                "multiqc/multiqc_plots/pdf/fastp-seq-content-n-plot_Read_2_After_filtering.pdf",
                "multiqc/multiqc_plots/pdf/fastp-seq-content-n-plot_Read_2_Before_filtering.pdf",
                "multiqc/multiqc_plots/pdf/fastp-seq-quality-plot_Read_1_After_filtering.pdf",
                "multiqc/multiqc_plots/pdf/fastp-seq-quality-plot_Read_1_Before_filtering.pdf",
                "multiqc/multiqc_plots/pdf/fastp-seq-quality-plot_Read_2_After_filtering.pdf",
                "multiqc/multiqc_plots/pdf/fastp-seq-quality-plot_Read_2_Before_filtering.pdf",
                "multiqc/multiqc_plots/pdf/fastp_filtered_reads_plot-cnt.pdf",
                "multiqc/multiqc_plots/pdf/fastp_filtered_reads_plot-pct.pdf",
                "multiqc/multiqc_plots/pdf/fastqc-status-check-heatmap.pdf",
                "multiqc/multiqc_plots/pdf/fastqc_overrepresented_sequences_plot.pdf",
                "multiqc/multiqc_plots/pdf/fastqc_per_base_n_content_plot.pdf",
                "multiqc/multiqc_plots/pdf/fastqc_per_base_sequence_quality_plot.pdf",
                "multiqc/multiqc_plots/pdf/fastqc_per_sequence_gc_content_plot_Counts.pdf",
                "multiqc/multiqc_plots/pdf/fastqc_per_sequence_gc_content_plot_Percentages.pdf",
                "multiqc/multiqc_plots/pdf/fastqc_per_sequence_quality_scores_plot.pdf",
                "multiqc/multiqc_plots/pdf/fastqc_sequence_counts_plot-cnt.pdf",
                "multiqc/multiqc_plots/pdf/fastqc_sequence_counts_plot-pct.pdf",
                "multiqc/multiqc_plots/pdf/fastqc_sequence_duplication_levels_plot.pdf",
                "multiqc/multiqc_plots/pdf/fastqc_top_overrepresented_sequences_table.pdf",
                "multiqc/multiqc_plots/png",
                "multiqc/multiqc_plots/png/fastp-insert-size-plot.png",
                "multiqc/multiqc_plots/png/fastp-seq-content-gc-plot_Read_1_After_filtering.png",
                "multiqc/multiqc_plots/png/fastp-seq-content-gc-plot_Read_1_Before_filtering.png",
                "multiqc/multiqc_plots/png/fastp-seq-content-gc-plot_Read_2_After_filtering.png",
                "multiqc/multiqc_plots/png/fastp-seq-content-gc-plot_Read_2_Before_filtering.png",
                "multiqc/multiqc_plots/png/fastp-seq-content-n-plot_Read_1_After_filtering.png",
                "multiqc/multiqc_plots/png/fastp-seq-content-n-plot_Read_1_Before_filtering.png",
                "multiqc/multiqc_plots/png/fastp-seq-content-n-plot_Read_2_After_filtering.png",
                "multiqc/multiqc_plots/png/fastp-seq-content-n-plot_Read_2_Before_filtering.png",
                "multiqc/multiqc_plots/png/fastp-seq-quality-plot_Read_1_After_filtering.png",
                "multiqc/multiqc_plots/png/fastp-seq-quality-plot_Read_1_Before_filtering.png",
                "multiqc/multiqc_plots/png/fastp-seq-quality-plot_Read_2_After_filtering.png",
                "multiqc/multiqc_plots/png/fastp-seq-quality-plot_Read_2_Before_filtering.png",
                "multiqc/multiqc_plots/png/fastp_filtered_reads_plot-cnt.png",
                "multiqc/multiqc_plots/png/fastp_filtered_reads_plot-pct.png",
                "multiqc/multiqc_plots/png/fastqc-status-check-heatmap.png",
                "multiqc/multiqc_plots/png/fastqc_overrepresented_sequences_plot.png",
                "multiqc/multiqc_plots/png/fastqc_per_base_n_content_plot.png",
                "multiqc/multiqc_plots/png/fastqc_per_base_sequence_quality_plot.png",
                "multiqc/multiqc_plots/png/fastqc_per_sequence_gc_content_plot_Counts.png",
                "multiqc/multiqc_plots/png/fastqc_per_sequence_gc_content_plot_Percentages.png",
                "multiqc/multiqc_plots/png/fastqc_per_sequence_quality_scores_plot.png",
                "multiqc/multiqc_plots/png/fastqc_sequence_counts_plot-cnt.png",
                "multiqc/multiqc_plots/png/fastqc_sequence_counts_plot-pct.png",
                "multiqc/multiqc_plots/png/fastqc_sequence_duplication_levels_plot.png",
                "multiqc/multiqc_plots/png/fastqc_top_overrepresented_sequences_table.png",
                "multiqc/multiqc_plots/svg",
                "multiqc/multiqc_plots/svg/fastp-insert-size-plot.svg",
                "multiqc/multiqc_plots/svg/fastp-seq-content-gc-plot_Read_1_After_filtering.svg",
                "multiqc/multiqc_plots/svg/fastp-seq-content-gc-plot_Read_1_Before_filtering.svg",
                "multiqc/multiqc_plots/svg/fastp-seq-content-gc-plot_Read_2_After_filtering.svg",
                "multiqc/multiqc_plots/svg/fastp-seq-content-gc-plot_Read_2_Before_filtering.svg",
                "multiqc/multiqc_plots/svg/fastp-seq-content-n-plot_Read_1_After_filtering.svg",
                "multiqc/multiqc_plots/svg/fastp-seq-content-n-plot_Read_1_Before_filtering.svg",
                "multiqc/multiqc_plots/svg/fastp-seq-content-n-plot_Read_2_After_filtering.svg",
                "multiqc/multiqc_plots/svg/fastp-seq-content-n-plot_Read_2_Before_filtering.svg",
                "multiqc/multiqc_plots/svg/fastp-seq-quality-plot_Read_1_After_filtering.svg",
                "multiqc/multiqc_plots/svg/fastp-seq-quality-plot_Read_1_Before_filtering.svg",
                "multiqc/multiqc_plots/svg/fastp-seq-quality-plot_Read_2_After_filtering.svg",
                "multiqc/multiqc_plots/svg/fastp-seq-quality-plot_Read_2_Before_filtering.svg",
                "multiqc/multiqc_plots/svg/fastp_filtered_reads_plot-cnt.svg",
                "multiqc/multiqc_plots/svg/fastp_filtered_reads_plot-pct.svg",
                "multiqc/multiqc_plots/svg/fastqc-status-check-heatmap.svg",
                "multiqc/multiqc_plots/svg/fastqc_overrepresented_sequences_plot.svg",
                "multiqc/multiqc_plots/svg/fastqc_per_base_n_content_plot.svg",
                "multiqc/multiqc_plots/svg/fastqc_per_base_sequence_quality_plot.svg",
                "multiqc/multiqc_plots/svg/fastqc_per_sequence_gc_content_plot_Counts.svg",
                "multiqc/multiqc_plots/svg/fastqc_per_sequence_gc_content_plot_Percentages.svg",
                "multiqc/multiqc_plots/svg/fastqc_per_sequence_quality_scores_plot.svg",
                "multiqc/multiqc_plots/svg/fastqc_sequence_counts_plot-cnt.svg",
                "multiqc/multiqc_plots/svg/fastqc_sequence_counts_plot-pct.svg",
                "multiqc/multiqc_plots/svg/fastqc_sequence_duplication_levels_plot.svg",
                "multiqc/multiqc_plots/svg/fastqc_top_overrepresented_sequences_table.svg",
                "multiqc/multiqc_report.html",
                "pipeline_info",
                "pipeline_info/nf_core_demultiplex_software_mqc_versions.yml",
                "samplesheet",
                "samplesheet/atacseq_samplesheet.csv",
                "samplesheet/methylseq_samplesheet.csv",
                "samplesheet/rnaseq_samplesheet.csv",
                "samplesheet/sarek_samplesheet.csv",
                "samplesheet/taxprofiler_samplesheet.csv",
                "test-fc01",
                "test-fc01.csv",
                "test-fc01/L001",
                "test-fc01/L001/Sample01.fastp.html",
                "test-fc01/L001/Sample01.fastp.json",
                "test-fc01/L001/Sample01_R1.fastp.fastq.gz",
                "test-fc01/L001/Sample01_R1.fastp.fastq.gz.md5",
                "test-fc01/L001/Sample01_R1.fastp.fastq.gz_fastqc_data.txt",
                "test-fc01/L001/Sample01_R1.fastp.fastq.gz_fastqc_report.html",
                "test-fc01/L001/Sample01_R1.fastp.fastq.gz_summary.txt",
                "test-fc01/L001/Sample01_R2.fastp.fastq.gz",
                "test-fc01/L001/Sample01_R2.fastp.fastq.gz.md5",
                "test-fc01/L001/Sample01_R2.fastp.fastq.gz_fastqc_data.txt",
                "test-fc01/L001/Sample01_R2.fastp.fastq.gz_fastqc_report.html",
                "test-fc01/L001/Sample01_R2.fastp.fastq.gz_summary.txt",
                "test-fc01/L001/Sample02.fastp.html",
                "test-fc01/L001/Sample02.fastp.json",
                "test-fc01/L001/Sample02_R1.fastp.fastq.gz",
                "test-fc01/L001/Sample02_R1.fastp.fastq.gz.md5",
                "test-fc01/L001/Sample02_R1.fastp.fastq.gz_fastqc_data.txt",
                "test-fc01/L001/Sample02_R1.fastp.fastq.gz_fastqc_report.html",
                "test-fc01/L001/Sample02_R1.fastp.fastq.gz_summary.txt",
                "test-fc01/L001/Sample02_R2.fastp.fastq.gz",
                "test-fc01/L001/Sample02_R2.fastp.fastq.gz.md5",
                "test-fc01/L001/Sample02_R2.fastp.fastq.gz_fastqc_data.txt",
                "test-fc01/L001/Sample02_R2.fastp.fastq.gz_fastqc_report.html",
                "test-fc01/L001/Sample02_R2.fastp.fastq.gz_summary.txt",
                "test-fc01/L001/Sample03.fastp.html",
                "test-fc01/L001/Sample03.fastp.json",
                "test-fc01/L001/Sample03_R1.fastp.fastq.gz",
                "test-fc01/L001/Sample03_R1.fastp.fastq.gz.md5",
                "test-fc01/L001/Sample03_R1.fastp.fastq.gz_fastqc_data.txt",
                "test-fc01/L001/Sample03_R1.fastp.fastq.gz_fastqc_report.html",
                "test-fc01/L001/Sample03_R1.fastp.fastq.gz_summary.txt",
                "test-fc01/L001/Sample03_R2.fastp.fastq.gz",
                "test-fc01/L001/Sample03_R2.fastp.fastq.gz.md5",
                "test-fc01/L001/Sample03_R2.fastp.fastq.gz_fastqc_data.txt",
                "test-fc01/L001/Sample03_R2.fastp.fastq.gz_fastqc_report.html",
                "test-fc01/L001/Sample03_R2.fastp.fastq.gz_summary.txt",
                "test-fc01/L001/Sample04.fastp.html",
                "test-fc01/L001/Sample04.fastp.json",
                "test-fc01/L001/Sample04_R1.fastp.fastq.gz",
                "test-fc01/L001/Sample04_R1.fastp.fastq.gz.md5",
                "test-fc01/L001/Sample04_R1.fastp.fastq.gz_fastqc_data.txt",
                "test-fc01/L001/Sample04_R1.fastp.fastq.gz_fastqc_report.html",
                "test-fc01/L001/Sample04_R1.fastp.fastq.gz_summary.txt",
                "test-fc01/L001/Sample04_R2.fastp.fastq.gz",
                "test-fc01/L001/Sample04_R2.fastp.fastq.gz.md5",
                "test-fc01/L001/Sample04_R2.fastp.fastq.gz_fastqc_data.txt",
                "test-fc01/L001/Sample04_R2.fastp.fastq.gz_fastqc_report.html",
                "test-fc01/L001/Sample04_R2.fastp.fastq.gz_summary.txt"
            ],
            [
                "FC01.L01.mgikit.general:md5,624b0d43c3995fde2c122c447e780191",
                "FC01.L01.mgikit.info:md5,69a72a1c43d47032828d8b97c6cf8807",
                "FC01.L01.mgikit.sample_stats:md5,20d5b9f4a430fd34579e0f70b42f73f0",
                "FC01.L01.mgikit.undetermined_barcode:md5,c1960b64d4cc5c141d742aa1b6f57a31",
                "FC01.L01.mgikit.undetermined_barcode.complete:md5,c1960b64d4cc5c141d742aa1b6f57a31",
                "Sample01_S1_L01_R1_001.fastq.gz:md5,19752026de713f514637fab29e4ffac4",
                "Sample01_S1_L01_R2_001.fastq.gz:md5,f9015fa4a73977dd093b8b2e4a67a316",
                "Sample02_S2_L01_R1_001.fastq.gz:md5,7f942bf3ef88ef04431ed0d40baae144",
                "Sample02_S2_L01_R2_001.fastq.gz:md5,7348f1bf066a69ee48ed3ee6afa2f91b",
                "Sample03_S3_L01_R1_001.fastq.gz:md5,56afcab8b820419bddec4982fc85b60f",
                "Sample03_S3_L01_R2_001.fastq.gz:md5,38ba38d0d71343e6125fc15b63483ad4",
                "Sample04_S4_L01_R1_001.fastq.gz:md5,dcf0ad68be6ff6c21ebceedaa4eaa4c4",
                "Sample04_S4_L01_R2_001.fastq.gz:md5,cd88081007614f5bed7975b04e25b7e3",
                "Undetermined_L01_R1_001.fastq.gz:md5,63ce3d442f4f8c42e0d9addea9273315",
                "Undetermined_L01_R2_001.fastq.gz:md5,0af27de6fc08cce579e160c31fbe61b9",
                "fastp-insert-size-plot.txt:md5,c3c048605296e5adfd1761bc1871de3b",
                "fastp-seq-content-gc-plot_Read_1_After_filtering.txt:md5,dfec6e4e9f65cf657e3b214ca64fffac",
                "fastp-seq-content-gc-plot_Read_1_Before_filtering.txt:md5,dfec6e4e9f65cf657e3b214ca64fffac",
                "fastp-seq-content-gc-plot_Read_2_After_filtering.txt:md5,31f25acdfc17539444577329c37bb0e5",
                "fastp-seq-content-gc-plot_Read_2_Before_filtering.txt:md5,31f25acdfc17539444577329c37bb0e5",
                "fastp-seq-content-n-plot_Read_1_After_filtering.txt:md5,a12afa6f3391f2abfd2bd5938c5b904d",
                "fastp-seq-content-n-plot_Read_1_Before_filtering.txt:md5,a12afa6f3391f2abfd2bd5938c5b904d",
                "fastp-seq-content-n-plot_Read_2_After_filtering.txt:md5,a12afa6f3391f2abfd2bd5938c5b904d",
                "fastp-seq-content-n-plot_Read_2_Before_filtering.txt:md5,a12afa6f3391f2abfd2bd5938c5b904d",
                "fastp-seq-quality-plot_Read_1_After_filtering.txt:md5,0ac96d6e7126238688e36613c525b309",
                "fastp-seq-quality-plot_Read_1_Before_filtering.txt:md5,0ac96d6e7126238688e36613c525b309",
                "fastp-seq-quality-plot_Read_2_After_filtering.txt:md5,0eb066261c3786efd7735fcb261a02c4",
                "fastp-seq-quality-plot_Read_2_Before_filtering.txt:md5,0eb066261c3786efd7735fcb261a02c4",
                "fastp_filtered_reads_plot.txt:md5,da422dd1adcd26e9cc89d97b832d8304",
                "fastqc_overrepresented_sequences_plot.txt:md5,b8e348c5b2d61083aa8ed9e404ad3d4b",
                "fastqc_per_base_n_content_plot.txt:md5,e3a250d004445a92fa07cb181796cc2c",
                "fastqc_per_base_sequence_quality_plot.txt:md5,8eefead8e0a930f1ad4d9704aa6f59bc",
                "fastqc_per_sequence_gc_content_plot_Counts.txt:md5,d8319664a29fb97897bf38ba1657dcb3",
                "fastqc_per_sequence_gc_content_plot_Percentages.txt:md5,4e73b5e25e3fba09d29c717c0046dfd4",
                "fastqc_per_sequence_quality_scores_plot.txt:md5,be2801ed251dae7fd8a59ddb8dc35c31",
                "fastqc_sequence_counts_plot.txt:md5,f73c3d9e45201f87e7049de3d892a025",
                "fastqc_sequence_duplication_levels_plot.txt:md5,652616eb5942526d423b427614d9be64",
                "multiqc_citations.txt:md5,d35df50e9903a96a2b3bce3c1fbc8ad2",
                "test-fc01.csv:md5,74dfac5602f25fe428510a500d3b4700",
                "Sample01.fastp.json:md5,47e865c3b3094226e1b7a2238b5a2128",
                "Sample01_R1.fastp.fastq.gz:md5,19752026de713f514637fab29e4ffac4",
                "Sample01_R1.fastp.fastq.gz.md5:md5,b6ff9581e39892552e62112ed03ae1a7",
                "Sample01_R1.fastp.fastq.gz_fastqc_data.txt:md5,19a1f0fdfb52972d98329d354389f42d",
                "Sample01_R1.fastp.fastq.gz_summary.txt:md5,e381409a26e89ca4e9ecec7db9bf4372",
                "Sample01_R2.fastp.fastq.gz:md5,f9015fa4a73977dd093b8b2e4a67a316",
                "Sample01_R2.fastp.fastq.gz.md5:md5,a27911c6dfe459d4984457350074e2d3",
                "Sample01_R2.fastp.fastq.gz_fastqc_data.txt:md5,d57e2460d88eefe75707dbb30c43e16e",
                "Sample01_R2.fastp.fastq.gz_summary.txt:md5,40251d6ca2e35b8cbb5208b29680eb9e",
                "Sample02.fastp.json:md5,01cf483b6240e9bd6ccc97809c1a0740",
                "Sample02_R1.fastp.fastq.gz:md5,7f942bf3ef88ef04431ed0d40baae144",
                "Sample02_R1.fastp.fastq.gz.md5:md5,042d95e0f098005774495f5b02a95109",
                "Sample02_R1.fastp.fastq.gz_fastqc_data.txt:md5,7ac8e22d3f10520ceff43964267f837f",
                "Sample02_R1.fastp.fastq.gz_summary.txt:md5,001e3b795ba3a97314eba3995f143532",
                "Sample02_R2.fastp.fastq.gz:md5,7348f1bf066a69ee48ed3ee6afa2f91b",
                "Sample02_R2.fastp.fastq.gz.md5:md5,265c6176108bbf75522f8588e8d19586",
                "Sample02_R2.fastp.fastq.gz_fastqc_data.txt:md5,d99ae1bd7bd09f0124a2e4595db76a3b",
                "Sample02_R2.fastp.fastq.gz_summary.txt:md5,4eafde3e748b6e1d6e6f21ee70a0ed21",
                "Sample03.fastp.json:md5,c47ce8f3d1309361f52a7788ee2addf5",
                "Sample03_R1.fastp.fastq.gz:md5,56afcab8b820419bddec4982fc85b60f",
                "Sample03_R1.fastp.fastq.gz.md5:md5,fcca43bfdc17fca0d4d929eb6c113956",
                "Sample03_R1.fastp.fastq.gz_fastqc_data.txt:md5,52b3805d8448c024bc7768ade575757e",
                "Sample03_R1.fastp.fastq.gz_summary.txt:md5,bfdc19e5b62f36a5dcfb0ffb5c0987d7",
                "Sample03_R2.fastp.fastq.gz:md5,38ba38d0d71343e6125fc15b63483ad4",
                "Sample03_R2.fastp.fastq.gz.md5:md5,cab37f299b9304fbb549b6179635c2e8",
                "Sample03_R2.fastp.fastq.gz_fastqc_data.txt:md5,9d742a22dcd35917f93396d1ec13f26f",
                "Sample03_R2.fastp.fastq.gz_summary.txt:md5,de4742b15f39b2bc7df1b998bbd830dc",
                "Sample04.fastp.json:md5,6fcf367906ea39fa51eb27bcf9d25f16",
                "Sample04_R1.fastp.fastq.gz:md5,dcf0ad68be6ff6c21ebceedaa4eaa4c4",
                "Sample04_R1.fastp.fastq.gz.md5:md5,9b23002e80e089f1df1e5b8ad2d2a1f8",
                "Sample04_R1.fastp.fastq.gz_fastqc_data.txt:md5,946f9144b1c494f2036d5cb6dffaa0f5",
                "Sample04_R1.fastp.fastq.gz_summary.txt:md5,36e4f28b2925dc78b6a83c50209a04e8",
                "Sample04_R2.fastp.fastq.gz:md5,cd88081007614f5bed7975b04e25b7e3",
                "Sample04_R2.fastp.fastq.gz.md5:md5,20f0f2efbb9dbca14cde5c9ffb240650",
                "Sample04_R2.fastp.fastq.gz_fastqc_data.txt:md5,37c0caa8d391723b27fef66f492dda78",
                "Sample04_R2.fastp.fastq.gz_summary.txt:md5,b561712128b8dfd4fd27e2054d25fbe8"
            ]
        ],
        "meta": {
            "nf-test": "0.9.3",
            "nextflow": "25.04.8"
        },
        "timestamp": "2025-12-22T18:36:29.858370965"
    }
}