{
    "MKFASTQ": {
        "content": [
            7,
            {
                "CELLRANGER_MKFASTQ": {
                    "cellranger": "9.0.1"
                },
                "FALCO": {
                    "falco": "1.2.5"
                },
                "FASTP": {
                    "fastp": "1.1.0"
                },
                "MD5SUM": {
                    "md5sum": 9.5
                },
                "UNTAR_FLOWCELL": {
                    "untar": 1.34
                }
            },
            [
                "cellranger-tiny-bcl-simple",
                "cellranger-tiny-bcl-simple.lane1_no_adapters.csv",
                "cellranger-tiny-bcl-simple/InterOp",
                "cellranger-tiny-bcl-simple/InterOp/IndexMetricsOut.bin",
                "cellranger-tiny-bcl-simple/L001",
                "cellranger-tiny-bcl-simple/L001/Reports",
                "cellranger-tiny-bcl-simple/L001/Reports/html",
                "cellranger-tiny-bcl-simple/L001/Reports/html/H35KCBCXY",
                "cellranger-tiny-bcl-simple/L001/Reports/html/H35KCBCXY/all",
                "cellranger-tiny-bcl-simple/L001/Reports/html/H35KCBCXY/all/all",
                "cellranger-tiny-bcl-simple/L001/Reports/html/H35KCBCXY/all/all/all",
                "cellranger-tiny-bcl-simple/L001/Reports/html/H35KCBCXY/all/all/unknown",
                "cellranger-tiny-bcl-simple/L001/Reports/html/H35KCBCXY/default",
                "cellranger-tiny-bcl-simple/L001/Reports/html/H35KCBCXY/default/Undetermined",
                "cellranger-tiny-bcl-simple/L001/Reports/html/H35KCBCXY/default/Undetermined/all",
                "cellranger-tiny-bcl-simple/L001/Reports/html/H35KCBCXY/default/Undetermined/unknown",
                "cellranger-tiny-bcl-simple/L001/Reports/html/H35KCBCXY/default/all",
                "cellranger-tiny-bcl-simple/L001/Reports/html/H35KCBCXY/default/all/all",
                "cellranger-tiny-bcl-simple/L001/Reports/html/H35KCBCXY/default/all/unknown",
                "cellranger-tiny-bcl-simple/L001/Reports/html/H35KCBCXY/p1",
                "cellranger-tiny-bcl-simple/L001/Reports/html/H35KCBCXY/p1/all",
                "cellranger-tiny-bcl-simple/L001/Reports/html/H35KCBCXY/p1/all/all",
                "cellranger-tiny-bcl-simple/L001/Reports/html/H35KCBCXY/p1/all/unknown",
                "cellranger-tiny-bcl-simple/L001/Reports/html/H35KCBCXY/p1/test_sample_S1",
                "cellranger-tiny-bcl-simple/L001/Reports/html/H35KCBCXY/p1/test_sample_S1/AGATCGGT",
                "cellranger-tiny-bcl-simple/L001/Reports/html/H35KCBCXY/p1/test_sample_S1/all",
                "cellranger-tiny-bcl-simple/L001/Reports/html/H35KCBCXY/p1/test_sample_S1/unknown",
                "cellranger-tiny-bcl-simple/L001/Reports/html/H35KCBCXY/p1/test_sample_S2",
                "cellranger-tiny-bcl-simple/L001/Reports/html/H35KCBCXY/p1/test_sample_S2/CATCGTCG",
                "cellranger-tiny-bcl-simple/L001/Reports/html/H35KCBCXY/p1/test_sample_S2/all",
                "cellranger-tiny-bcl-simple/L001/Reports/html/H35KCBCXY/p1/test_sample_S2/unknown",
                "cellranger-tiny-bcl-simple/L001/Reports/html/H35KCBCXY/p1/test_sample_S3",
                "cellranger-tiny-bcl-simple/L001/Reports/html/H35KCBCXY/p1/test_sample_S3/GTCATATA",
                "cellranger-tiny-bcl-simple/L001/Reports/html/H35KCBCXY/p1/test_sample_S3/all",
                "cellranger-tiny-bcl-simple/L001/Reports/html/H35KCBCXY/p1/test_sample_S3/unknown",
                "cellranger-tiny-bcl-simple/L001/Reports/html/H35KCBCXY/p1/test_sample_S4",
                "cellranger-tiny-bcl-simple/L001/Reports/html/H35KCBCXY/p1/test_sample_S4/TCGGACAC",
                "cellranger-tiny-bcl-simple/L001/Reports/html/H35KCBCXY/p1/test_sample_S4/all",
                "cellranger-tiny-bcl-simple/L001/Reports/html/H35KCBCXY/p1/test_sample_S4/unknown",
                "cellranger-tiny-bcl-simple/L001/Stats",
                "cellranger-tiny-bcl-simple/L001/Stats/AdapterTrimming.txt",
                "cellranger-tiny-bcl-simple/L001/Stats/ConversionStats.xml",
                "cellranger-tiny-bcl-simple/L001/Stats/DemultiplexingStats.xml",
                "cellranger-tiny-bcl-simple/L001/Stats/DemuxSummaryF1L1.txt",
                "cellranger-tiny-bcl-simple/L001/Stats/FastqSummaryF1L1.txt",
                "cellranger-tiny-bcl-simple/L001/Stats/Stats.json",
                "cellranger-tiny-bcl-simple/L001/test_sample_S1_L001.fastp.html",
                "cellranger-tiny-bcl-simple/L001/test_sample_S1_L001.fastp.json",
                "cellranger-tiny-bcl-simple/L001/test_sample_S1_L001_I1_001.fastq.gz",
                "cellranger-tiny-bcl-simple/L001/test_sample_S1_L001_R1.fastp.fastq.gz",
                "cellranger-tiny-bcl-simple/L001/test_sample_S1_L001_R1.fastp.fastq.gz.md5",
                "cellranger-tiny-bcl-simple/L001/test_sample_S1_L001_R1.fastp.fastq.gz_fastqc_data.txt",
                "cellranger-tiny-bcl-simple/L001/test_sample_S1_L001_R1.fastp.fastq.gz_fastqc_report.html",
                "cellranger-tiny-bcl-simple/L001/test_sample_S1_L001_R1.fastp.fastq.gz_summary.txt",
                "cellranger-tiny-bcl-simple/L001/test_sample_S1_L001_R1_001.fastq.gz",
                "cellranger-tiny-bcl-simple/L001/test_sample_S1_L001_R2.fastp.fastq.gz",
                "cellranger-tiny-bcl-simple/L001/test_sample_S1_L001_R2.fastp.fastq.gz.md5",
                "cellranger-tiny-bcl-simple/L001/test_sample_S1_L001_R2.fastp.fastq.gz_fastqc_data.txt",
                "cellranger-tiny-bcl-simple/L001/test_sample_S1_L001_R2.fastp.fastq.gz_fastqc_report.html",
                "cellranger-tiny-bcl-simple/L001/test_sample_S1_L001_R2.fastp.fastq.gz_summary.txt",
                "cellranger-tiny-bcl-simple/L001/test_sample_S1_L001_R2_001.fastq.gz",
                "checkqc_reports.csv",
                "demultiplex_interop.csv",
                "demultiplex_logs.csv",
                "demultiplex_reports.csv",
                "demultiplex_stats.csv",
                "demultiplexed_fastq.csv",
                "falco_reports.csv",
                "fastp_reports.csv",
                "fastq_idx.csv",
                "md5_checksums.csv",
                "multiqc",
                "multiqc/multiqc_data",
                "multiqc/multiqc_data/falco-status-check-heatmap.txt",
                "multiqc/multiqc_data/falco_overrepresented_sequences_plot.txt",
                "multiqc/multiqc_data/falco_per_base_n_content_plot.txt",
                "multiqc/multiqc_data/falco_per_base_sequence_quality_plot.txt",
                "multiqc/multiqc_data/falco_per_sequence_gc_content_plot_Counts.txt",
                "multiqc/multiqc_data/falco_per_sequence_gc_content_plot_Percentages.txt",
                "multiqc/multiqc_data/falco_per_sequence_quality_scores_plot.txt",
                "multiqc/multiqc_data/falco_sequence_counts_plot.txt",
                "multiqc/multiqc_data/falco_sequence_duplication_levels_plot.txt",
                "multiqc/multiqc_data/falco_top_overrepresented_sequences_table.txt",
                "multiqc/multiqc_data/fastp-seq-content-gc-plot_Read_1_After_filtering.txt",
                "multiqc/multiqc_data/fastp-seq-content-gc-plot_Read_1_Before_filtering.txt",
                "multiqc/multiqc_data/fastp-seq-content-gc-plot_Read_2_After_filtering.txt",
                "multiqc/multiqc_data/fastp-seq-content-gc-plot_Read_2_Before_filtering.txt",
                "multiqc/multiqc_data/fastp-seq-content-n-plot_Read_1_After_filtering.txt",
                "multiqc/multiqc_data/fastp-seq-content-n-plot_Read_1_Before_filtering.txt",
                "multiqc/multiqc_data/fastp-seq-content-n-plot_Read_2_After_filtering.txt",
                "multiqc/multiqc_data/fastp-seq-content-n-plot_Read_2_Before_filtering.txt",
                "multiqc/multiqc_data/fastp-seq-quality-plot_Read_1_After_filtering.txt",
                "multiqc/multiqc_data/fastp-seq-quality-plot_Read_1_Before_filtering.txt",
                "multiqc/multiqc_data/fastp-seq-quality-plot_Read_2_After_filtering.txt",
                "multiqc/multiqc_data/fastp-seq-quality-plot_Read_2_Before_filtering.txt",
                "multiqc/multiqc_data/fastp_filtered_reads_plot.txt",
                "multiqc/multiqc_data/llms-full.txt",
                "multiqc/multiqc_data/multiqc.log",
                "multiqc/multiqc_data/multiqc.parquet",
                "multiqc/multiqc_data/multiqc_citations.txt",
                "multiqc/multiqc_data/multiqc_data.json",
                "multiqc/multiqc_data/multiqc_fastp.txt",
                "multiqc/multiqc_data/multiqc_fastqc.txt",
                "multiqc/multiqc_data/multiqc_general_stats.txt",
                "multiqc/multiqc_data/multiqc_software_versions.txt",
                "multiqc/multiqc_data/multiqc_sources.txt",
                "multiqc/multiqc_plots",
                "multiqc/multiqc_plots/pdf",
                "multiqc/multiqc_plots/pdf/falco-status-check-heatmap.pdf",
                "multiqc/multiqc_plots/pdf/falco_overrepresented_sequences_plot.pdf",
                "multiqc/multiqc_plots/pdf/falco_per_base_n_content_plot.pdf",
                "multiqc/multiqc_plots/pdf/falco_per_base_sequence_quality_plot.pdf",
                "multiqc/multiqc_plots/pdf/falco_per_sequence_gc_content_plot_Counts.pdf",
                "multiqc/multiqc_plots/pdf/falco_per_sequence_gc_content_plot_Percentages.pdf",
                "multiqc/multiqc_plots/pdf/falco_per_sequence_quality_scores_plot.pdf",
                "multiqc/multiqc_plots/pdf/falco_sequence_counts_plot-cnt.pdf",
                "multiqc/multiqc_plots/pdf/falco_sequence_counts_plot-pct.pdf",
                "multiqc/multiqc_plots/pdf/falco_sequence_duplication_levels_plot.pdf",
                "multiqc/multiqc_plots/pdf/falco_top_overrepresented_sequences_table.pdf",
                "multiqc/multiqc_plots/pdf/fastp-seq-content-gc-plot_Read_1_After_filtering.pdf",
                "multiqc/multiqc_plots/pdf/fastp-seq-content-gc-plot_Read_1_Before_filtering.pdf",
                "multiqc/multiqc_plots/pdf/fastp-seq-content-gc-plot_Read_2_After_filtering.pdf",
                "multiqc/multiqc_plots/pdf/fastp-seq-content-gc-plot_Read_2_Before_filtering.pdf",
                "multiqc/multiqc_plots/pdf/fastp-seq-content-n-plot_Read_1_After_filtering.pdf",
                "multiqc/multiqc_plots/pdf/fastp-seq-content-n-plot_Read_1_Before_filtering.pdf",
                "multiqc/multiqc_plots/pdf/fastp-seq-content-n-plot_Read_2_After_filtering.pdf",
                "multiqc/multiqc_plots/pdf/fastp-seq-content-n-plot_Read_2_Before_filtering.pdf",
                "multiqc/multiqc_plots/pdf/fastp-seq-quality-plot_Read_1_After_filtering.pdf",
                "multiqc/multiqc_plots/pdf/fastp-seq-quality-plot_Read_1_Before_filtering.pdf",
                "multiqc/multiqc_plots/pdf/fastp-seq-quality-plot_Read_2_After_filtering.pdf",
                "multiqc/multiqc_plots/pdf/fastp-seq-quality-plot_Read_2_Before_filtering.pdf",
                "multiqc/multiqc_plots/pdf/fastp_filtered_reads_plot-cnt.pdf",
                "multiqc/multiqc_plots/pdf/fastp_filtered_reads_plot-pct.pdf",
                "multiqc/multiqc_plots/png",
                "multiqc/multiqc_plots/png/falco-status-check-heatmap.png",
                "multiqc/multiqc_plots/png/falco_overrepresented_sequences_plot.png",
                "multiqc/multiqc_plots/png/falco_per_base_n_content_plot.png",
                "multiqc/multiqc_plots/png/falco_per_base_sequence_quality_plot.png",
                "multiqc/multiqc_plots/png/falco_per_sequence_gc_content_plot_Counts.png",
                "multiqc/multiqc_plots/png/falco_per_sequence_gc_content_plot_Percentages.png",
                "multiqc/multiqc_plots/png/falco_per_sequence_quality_scores_plot.png",
                "multiqc/multiqc_plots/png/falco_sequence_counts_plot-cnt.png",
                "multiqc/multiqc_plots/png/falco_sequence_counts_plot-pct.png",
                "multiqc/multiqc_plots/png/falco_sequence_duplication_levels_plot.png",
                "multiqc/multiqc_plots/png/falco_top_overrepresented_sequences_table.png",
                "multiqc/multiqc_plots/png/fastp-seq-content-gc-plot_Read_1_After_filtering.png",
                "multiqc/multiqc_plots/png/fastp-seq-content-gc-plot_Read_1_Before_filtering.png",
                "multiqc/multiqc_plots/png/fastp-seq-content-gc-plot_Read_2_After_filtering.png",
                "multiqc/multiqc_plots/png/fastp-seq-content-gc-plot_Read_2_Before_filtering.png",
                "multiqc/multiqc_plots/png/fastp-seq-content-n-plot_Read_1_After_filtering.png",
                "multiqc/multiqc_plots/png/fastp-seq-content-n-plot_Read_1_Before_filtering.png",
                "multiqc/multiqc_plots/png/fastp-seq-content-n-plot_Read_2_After_filtering.png",
                "multiqc/multiqc_plots/png/fastp-seq-content-n-plot_Read_2_Before_filtering.png",
                "multiqc/multiqc_plots/png/fastp-seq-quality-plot_Read_1_After_filtering.png",
                "multiqc/multiqc_plots/png/fastp-seq-quality-plot_Read_1_Before_filtering.png",
                "multiqc/multiqc_plots/png/fastp-seq-quality-plot_Read_2_After_filtering.png",
                "multiqc/multiqc_plots/png/fastp-seq-quality-plot_Read_2_Before_filtering.png",
                "multiqc/multiqc_plots/png/fastp_filtered_reads_plot-cnt.png",
                "multiqc/multiqc_plots/png/fastp_filtered_reads_plot-pct.png",
                "multiqc/multiqc_plots/svg",
                "multiqc/multiqc_plots/svg/falco-status-check-heatmap.svg",
                "multiqc/multiqc_plots/svg/falco_overrepresented_sequences_plot.svg",
                "multiqc/multiqc_plots/svg/falco_per_base_n_content_plot.svg",
                "multiqc/multiqc_plots/svg/falco_per_base_sequence_quality_plot.svg",
                "multiqc/multiqc_plots/svg/falco_per_sequence_gc_content_plot_Counts.svg",
                "multiqc/multiqc_plots/svg/falco_per_sequence_gc_content_plot_Percentages.svg",
                "multiqc/multiqc_plots/svg/falco_per_sequence_quality_scores_plot.svg",
                "multiqc/multiqc_plots/svg/falco_sequence_counts_plot-cnt.svg",
                "multiqc/multiqc_plots/svg/falco_sequence_counts_plot-pct.svg",
                "multiqc/multiqc_plots/svg/falco_sequence_duplication_levels_plot.svg",
                "multiqc/multiqc_plots/svg/falco_top_overrepresented_sequences_table.svg",
                "multiqc/multiqc_plots/svg/fastp-seq-content-gc-plot_Read_1_After_filtering.svg",
                "multiqc/multiqc_plots/svg/fastp-seq-content-gc-plot_Read_1_Before_filtering.svg",
                "multiqc/multiqc_plots/svg/fastp-seq-content-gc-plot_Read_2_After_filtering.svg",
                "multiqc/multiqc_plots/svg/fastp-seq-content-gc-plot_Read_2_Before_filtering.svg",
                "multiqc/multiqc_plots/svg/fastp-seq-content-n-plot_Read_1_After_filtering.svg",
                "multiqc/multiqc_plots/svg/fastp-seq-content-n-plot_Read_1_Before_filtering.svg",
                "multiqc/multiqc_plots/svg/fastp-seq-content-n-plot_Read_2_After_filtering.svg",
                "multiqc/multiqc_plots/svg/fastp-seq-content-n-plot_Read_2_Before_filtering.svg",
                "multiqc/multiqc_plots/svg/fastp-seq-quality-plot_Read_1_After_filtering.svg",
                "multiqc/multiqc_plots/svg/fastp-seq-quality-plot_Read_1_Before_filtering.svg",
                "multiqc/multiqc_plots/svg/fastp-seq-quality-plot_Read_2_After_filtering.svg",
                "multiqc/multiqc_plots/svg/fastp-seq-quality-plot_Read_2_Before_filtering.svg",
                "multiqc/multiqc_plots/svg/fastp_filtered_reads_plot-cnt.svg",
                "multiqc/multiqc_plots/svg/fastp_filtered_reads_plot-pct.svg",
                "multiqc/multiqc_report.html",
                "pipeline_info",
                "pipeline_info/nf_core_demultiplex_software_mqc_versions.yml",
                "samplesheet",
                "samplesheet/atacseq_samplesheet.csv",
                "samplesheet/methylseq_samplesheet.csv",
                "samplesheet/rnaseq_samplesheet.csv",
                "samplesheet/sarek_samplesheet.csv",
                "samplesheet/seqinspector_samplesheet.csv",
                "samplesheet/taxprofiler_samplesheet.csv"
            ],
            [
                "cellranger-tiny-bcl-simple.lane1_no_adapters.csv:md5,86a945ab9d579c7bc98d43f76a07118b",
                "IndexMetricsOut.bin:md5,e2ac28695537336b53a509f48e93ed1f",
                "AdapterTrimming.txt:md5,522b8c57ed2a84da31ec3edda9424b60",
                "DemultiplexingStats.xml:md5,60cce68e6a27371dc257ca9f65e14cc1",
                "FastqSummaryF1L1.txt:md5,876f188644f5e12eca513baeff158306",
                "test_sample_S1_L001.fastp.json:md5,b8067f1f439142506af7d2223e372a9a",
                "test_sample_S1_L001_I1_001.fastq.gz:md5,018b0dbd8daf76fb9f6dfa4729ea0453",
                "test_sample_S1_L001_R1.fastp.fastq.gz:md5,b348491a3b1afa096fde514dbdf55215",
                "test_sample_S1_L001_R1.fastp.fastq.gz.md5:md5,bf141c0e66e60cf7c761ab17b6be6e3e",
                "test_sample_S1_L001_R1.fastp.fastq.gz_fastqc_data.txt:md5,bf688e11e7903b13ca8eda0a09c5c644",
                "test_sample_S1_L001_R1.fastp.fastq.gz_summary.txt:md5,8b2f14f1c8d16df2b45511fcca9e5964",
                "test_sample_S1_L001_R1_001.fastq.gz:md5,df3ddf85d83bd722219c646c7815dbdc",
                "test_sample_S1_L001_R2.fastp.fastq.gz:md5,1c60f1f3958b8b2b0255b9fae6df0b3d",
                "test_sample_S1_L001_R2.fastp.fastq.gz.md5:md5,8f36394bb55f614a15338ed88ec1cf61",
                "test_sample_S1_L001_R2.fastp.fastq.gz_fastqc_data.txt:md5,e56d946cac8fb782a0db83594e83f3e0",
                "test_sample_S1_L001_R2.fastp.fastq.gz_summary.txt:md5,5cc0af3c9000861a847adcc31f583163",
                "test_sample_S1_L001_R2_001.fastq.gz:md5,c8a387b517ff5b7e56b85ccbf882efd2",
                "falco-status-check-heatmap.txt:md5,971f2a4857fe9dab8b9fe8275d17f254",
                "falco_overrepresented_sequences_plot.txt:md5,224bf3647916b4876cb4b36cbcefa8a5",
                "falco_per_base_n_content_plot.txt:md5,82f5371230d3ff81cc26f627c6069c75",
                "falco_per_base_sequence_quality_plot.txt:md5,0edc861a4cfeac3eaa31b99b2e7d5d00",
                "falco_per_sequence_gc_content_plot_Counts.txt:md5,a2095d4a6958b93bfc97bb990fa4c3fc",
                "falco_per_sequence_gc_content_plot_Percentages.txt:md5,a47a513fba842c62622cca7d3f306406",
                "falco_per_sequence_quality_scores_plot.txt:md5,3029d35647f6aa0a6bce683e96d36fdb",
                "falco_sequence_counts_plot.txt:md5,ed93923884343f60a32f5904d056612d",
                "falco_sequence_duplication_levels_plot.txt:md5,2da4f7b8befdc45a59c7a126ad6ef061",
                "falco_top_overrepresented_sequences_table.txt:md5,c981194f9f580dbdb0965f56b489b007",
                "fastp-seq-content-gc-plot_Read_1_After_filtering.txt:md5,f5dc52391b1156ffa1caad846f02e88a",
                "fastp-seq-content-gc-plot_Read_1_Before_filtering.txt:md5,d2a3202d9dbea433091c7fdbaeae1780",
                "fastp-seq-content-gc-plot_Read_2_After_filtering.txt:md5,cf19027c8924711a92ffc712e11994a4",
                "fastp-seq-content-gc-plot_Read_2_Before_filtering.txt:md5,b218d5110bbb46b6099c5fa641c0bbbe",
                "fastp-seq-content-n-plot_Read_1_After_filtering.txt:md5,7479288d0316984f48f6d43583ba65e1",
                "fastp-seq-content-n-plot_Read_1_Before_filtering.txt:md5,7479288d0316984f48f6d43583ba65e1",
                "fastp-seq-content-n-plot_Read_2_After_filtering.txt:md5,06f5fb24170ebfcb757326896d3fff51",
                "fastp-seq-content-n-plot_Read_2_Before_filtering.txt:md5,06f5fb24170ebfcb757326896d3fff51",
                "fastp-seq-quality-plot_Read_1_After_filtering.txt:md5,5b8251e28d148e98f77d92f67dc2d313",
                "fastp-seq-quality-plot_Read_1_Before_filtering.txt:md5,61ce76b35a11009c744416b048bc8b1c",
                "fastp-seq-quality-plot_Read_2_After_filtering.txt:md5,ded490380dd008471600ac0db77d2352",
                "fastp-seq-quality-plot_Read_2_Before_filtering.txt:md5,7589da8503fc943b303a9e4ad2217336",
                "fastp_filtered_reads_plot.txt:md5,ce95c28d06958d0ec166e0b928e453fe",
                "multiqc_citations.txt:md5,d35df50e9903a96a2b3bce3c1fbc8ad2"
            ],
            [
                [
                    "atacseq_samplesheet.csv",
                    true
                ],
                [
                    "methylseq_samplesheet.csv",
                    true
                ],
                [
                    "rnaseq_samplesheet.csv",
                    true
                ],
                [
                    "sarek_samplesheet.csv",
                    true
                ],
                [
                    "seqinspector_samplesheet.csv",
                    true
                ],
                [
                    "taxprofiler_samplesheet.csv",
                    true
                ]
            ]
        ],
        "timestamp": "2026-08-20T17:04:29.126773532",
        "meta": {
            "nf-test": "0.9.5",
            "nextflow": "26.04.6"
        }
    }
}