{
    "SGDEMUX": {
        "content": [
            107,
            {
                "FALCO": {
                    "falco": "1.2.5"
                },
                "FASTP": {
                    "fastp": "1.1.0"
                },
                "MD5SUM": {
                    "md5sum": 9.5
                },
                "SGDEMUX": {
                    "sgdemux": "1.1.1"
                },
                "UNTAR_FLOWCELL": {
                    "untar": 1.34
                }
            },
            [
                "checkqc_reports.csv",
                "demultiplex_interop.csv",
                "demultiplex_logs.csv",
                "demultiplex_reports.csv",
                "demultiplex_stats.csv",
                "demultiplexed_fastq.csv",
                "falco_reports.csv",
                "fastp_reports.csv",
                "fastq_idx.csv",
                "md5_checksums.csv",
                "multiqc",
                "multiqc/multiqc_data",
                "multiqc/multiqc_data/falco-status-check-heatmap.txt",
                "multiqc/multiqc_data/falco_per_base_n_content_plot.txt",
                "multiqc/multiqc_data/falco_per_base_sequence_quality_plot.txt",
                "multiqc/multiqc_data/falco_per_sequence_gc_content_plot_Counts.txt",
                "multiqc/multiqc_data/falco_per_sequence_gc_content_plot_Percentages.txt",
                "multiqc/multiqc_data/falco_per_sequence_quality_scores_plot.txt",
                "multiqc/multiqc_data/falco_sequence_counts_plot.txt",
                "multiqc/multiqc_data/falco_sequence_duplication_levels_plot.txt",
                "multiqc/multiqc_data/fastp-seq-content-gc-plot_Read_1_After_filtering.txt",
                "multiqc/multiqc_data/fastp-seq-content-gc-plot_Read_1_Before_filtering.txt",
                "multiqc/multiqc_data/fastp-seq-content-gc-plot_Read_2_After_filtering.txt",
                "multiqc/multiqc_data/fastp-seq-content-gc-plot_Read_2_Before_filtering.txt",
                "multiqc/multiqc_data/fastp-seq-content-n-plot_Read_1_After_filtering.txt",
                "multiqc/multiqc_data/fastp-seq-content-n-plot_Read_1_Before_filtering.txt",
                "multiqc/multiqc_data/fastp-seq-content-n-plot_Read_2_After_filtering.txt",
                "multiqc/multiqc_data/fastp-seq-content-n-plot_Read_2_Before_filtering.txt",
                "multiqc/multiqc_data/fastp-seq-quality-plot_Read_1_After_filtering.txt",
                "multiqc/multiqc_data/fastp-seq-quality-plot_Read_1_Before_filtering.txt",
                "multiqc/multiqc_data/fastp-seq-quality-plot_Read_2_After_filtering.txt",
                "multiqc/multiqc_data/fastp-seq-quality-plot_Read_2_Before_filtering.txt",
                "multiqc/multiqc_data/fastp_filtered_reads_plot.txt",
                "multiqc/multiqc_data/llms-full.txt",
                "multiqc/multiqc_data/multiqc.log",
                "multiqc/multiqc_data/multiqc.parquet",
                "multiqc/multiqc_data/multiqc_citations.txt",
                "multiqc/multiqc_data/multiqc_data.json",
                "multiqc/multiqc_data/multiqc_fastp.txt",
                "multiqc/multiqc_data/multiqc_fastqc.txt",
                "multiqc/multiqc_data/multiqc_general_stats.txt",
                "multiqc/multiqc_data/multiqc_software_versions.txt",
                "multiqc/multiqc_data/multiqc_sources.txt",
                "multiqc/multiqc_plots",
                "multiqc/multiqc_plots/pdf",
                "multiqc/multiqc_plots/pdf/falco-status-check-heatmap.pdf",
                "multiqc/multiqc_plots/pdf/falco_per_base_n_content_plot.pdf",
                "multiqc/multiqc_plots/pdf/falco_per_base_sequence_quality_plot.pdf",
                "multiqc/multiqc_plots/pdf/falco_per_sequence_gc_content_plot_Counts.pdf",
                "multiqc/multiqc_plots/pdf/falco_per_sequence_gc_content_plot_Percentages.pdf",
                "multiqc/multiqc_plots/pdf/falco_per_sequence_quality_scores_plot.pdf",
                "multiqc/multiqc_plots/pdf/falco_sequence_counts_plot-cnt.pdf",
                "multiqc/multiqc_plots/pdf/falco_sequence_counts_plot-pct.pdf",
                "multiqc/multiqc_plots/pdf/falco_sequence_duplication_levels_plot.pdf",
                "multiqc/multiqc_plots/pdf/fastp-seq-content-gc-plot_Read_1_After_filtering.pdf",
                "multiqc/multiqc_plots/pdf/fastp-seq-content-gc-plot_Read_1_Before_filtering.pdf",
                "multiqc/multiqc_plots/pdf/fastp-seq-content-gc-plot_Read_2_After_filtering.pdf",
                "multiqc/multiqc_plots/pdf/fastp-seq-content-gc-plot_Read_2_Before_filtering.pdf",
                "multiqc/multiqc_plots/pdf/fastp-seq-content-n-plot_Read_1_After_filtering.pdf",
                "multiqc/multiqc_plots/pdf/fastp-seq-content-n-plot_Read_1_Before_filtering.pdf",
                "multiqc/multiqc_plots/pdf/fastp-seq-content-n-plot_Read_2_After_filtering.pdf",
                "multiqc/multiqc_plots/pdf/fastp-seq-content-n-plot_Read_2_Before_filtering.pdf",
                "multiqc/multiqc_plots/pdf/fastp-seq-quality-plot_Read_1_After_filtering.pdf",
                "multiqc/multiqc_plots/pdf/fastp-seq-quality-plot_Read_1_Before_filtering.pdf",
                "multiqc/multiqc_plots/pdf/fastp-seq-quality-plot_Read_2_After_filtering.pdf",
                "multiqc/multiqc_plots/pdf/fastp-seq-quality-plot_Read_2_Before_filtering.pdf",
                "multiqc/multiqc_plots/pdf/fastp_filtered_reads_plot-cnt.pdf",
                "multiqc/multiqc_plots/pdf/fastp_filtered_reads_plot-pct.pdf",
                "multiqc/multiqc_plots/png",
                "multiqc/multiqc_plots/png/falco-status-check-heatmap.png",
                "multiqc/multiqc_plots/png/falco_per_base_n_content_plot.png",
                "multiqc/multiqc_plots/png/falco_per_base_sequence_quality_plot.png",
                "multiqc/multiqc_plots/png/falco_per_sequence_gc_content_plot_Counts.png",
                "multiqc/multiqc_plots/png/falco_per_sequence_gc_content_plot_Percentages.png",
                "multiqc/multiqc_plots/png/falco_per_sequence_quality_scores_plot.png",
                "multiqc/multiqc_plots/png/falco_sequence_counts_plot-cnt.png",
                "multiqc/multiqc_plots/png/falco_sequence_counts_plot-pct.png",
                "multiqc/multiqc_plots/png/falco_sequence_duplication_levels_plot.png",
                "multiqc/multiqc_plots/png/fastp-seq-content-gc-plot_Read_1_After_filtering.png",
                "multiqc/multiqc_plots/png/fastp-seq-content-gc-plot_Read_1_Before_filtering.png",
                "multiqc/multiqc_plots/png/fastp-seq-content-gc-plot_Read_2_After_filtering.png",
                "multiqc/multiqc_plots/png/fastp-seq-content-gc-plot_Read_2_Before_filtering.png",
                "multiqc/multiqc_plots/png/fastp-seq-content-n-plot_Read_1_After_filtering.png",
                "multiqc/multiqc_plots/png/fastp-seq-content-n-plot_Read_1_Before_filtering.png",
                "multiqc/multiqc_plots/png/fastp-seq-content-n-plot_Read_2_After_filtering.png",
                "multiqc/multiqc_plots/png/fastp-seq-content-n-plot_Read_2_Before_filtering.png",
                "multiqc/multiqc_plots/png/fastp-seq-quality-plot_Read_1_After_filtering.png",
                "multiqc/multiqc_plots/png/fastp-seq-quality-plot_Read_1_Before_filtering.png",
                "multiqc/multiqc_plots/png/fastp-seq-quality-plot_Read_2_After_filtering.png",
                "multiqc/multiqc_plots/png/fastp-seq-quality-plot_Read_2_Before_filtering.png",
                "multiqc/multiqc_plots/png/fastp_filtered_reads_plot-cnt.png",
                "multiqc/multiqc_plots/png/fastp_filtered_reads_plot-pct.png",
                "multiqc/multiqc_plots/svg",
                "multiqc/multiqc_plots/svg/falco-status-check-heatmap.svg",
                "multiqc/multiqc_plots/svg/falco_per_base_n_content_plot.svg",
                "multiqc/multiqc_plots/svg/falco_per_base_sequence_quality_plot.svg",
                "multiqc/multiqc_plots/svg/falco_per_sequence_gc_content_plot_Counts.svg",
                "multiqc/multiqc_plots/svg/falco_per_sequence_gc_content_plot_Percentages.svg",
                "multiqc/multiqc_plots/svg/falco_per_sequence_quality_scores_plot.svg",
                "multiqc/multiqc_plots/svg/falco_sequence_counts_plot-cnt.svg",
                "multiqc/multiqc_plots/svg/falco_sequence_counts_plot-pct.svg",
                "multiqc/multiqc_plots/svg/falco_sequence_duplication_levels_plot.svg",
                "multiqc/multiqc_plots/svg/fastp-seq-content-gc-plot_Read_1_After_filtering.svg",
                "multiqc/multiqc_plots/svg/fastp-seq-content-gc-plot_Read_1_Before_filtering.svg",
                "multiqc/multiqc_plots/svg/fastp-seq-content-gc-plot_Read_2_After_filtering.svg",
                "multiqc/multiqc_plots/svg/fastp-seq-content-gc-plot_Read_2_Before_filtering.svg",
                "multiqc/multiqc_plots/svg/fastp-seq-content-n-plot_Read_1_After_filtering.svg",
                "multiqc/multiqc_plots/svg/fastp-seq-content-n-plot_Read_1_Before_filtering.svg",
                "multiqc/multiqc_plots/svg/fastp-seq-content-n-plot_Read_2_After_filtering.svg",
                "multiqc/multiqc_plots/svg/fastp-seq-content-n-plot_Read_2_Before_filtering.svg",
                "multiqc/multiqc_plots/svg/fastp-seq-quality-plot_Read_1_After_filtering.svg",
                "multiqc/multiqc_plots/svg/fastp-seq-quality-plot_Read_1_Before_filtering.svg",
                "multiqc/multiqc_plots/svg/fastp-seq-quality-plot_Read_2_After_filtering.svg",
                "multiqc/multiqc_plots/svg/fastp-seq-quality-plot_Read_2_Before_filtering.svg",
                "multiqc/multiqc_plots/svg/fastp_filtered_reads_plot-cnt.svg",
                "multiqc/multiqc_plots/svg/fastp_filtered_reads_plot-pct.svg",
                "multiqc/multiqc_report.html",
                "pipeline_info",
                "pipeline_info/nf_core_demultiplex_software_mqc_versions.yml",
                "samplesheet",
                "samplesheet/atacseq_samplesheet.csv",
                "samplesheet/methylseq_samplesheet.csv",
                "samplesheet/rnaseq_samplesheet.csv",
                "samplesheet/sarek_samplesheet.csv",
                "samplesheet/seqinspector_samplesheet.csv",
                "samplesheet/taxprofiler_samplesheet.csv",
                "sim-data",
                "sim-data.csv",
                "sim-data/Undetermined_S25_L001.fastp.html",
                "sim-data/Undetermined_S25_L001.fastp.json",
                "sim-data/Undetermined_S25_L001_R1.fastp.fastq.gz",
                "sim-data/Undetermined_S25_L001_R1.fastp.fastq.gz.md5",
                "sim-data/Undetermined_S25_L001_R1.fastp.fastq.gz_fastqc_data.txt",
                "sim-data/Undetermined_S25_L001_R1.fastp.fastq.gz_fastqc_report.html",
                "sim-data/Undetermined_S25_L001_R1.fastp.fastq.gz_summary.txt",
                "sim-data/Undetermined_S25_L001_R1_001.fastq.gz",
                "sim-data/Undetermined_S25_L001_R2.fastp.fastq.gz",
                "sim-data/Undetermined_S25_L001_R2.fastp.fastq.gz.md5",
                "sim-data/Undetermined_S25_L001_R2.fastp.fastq.gz_fastqc_data.txt",
                "sim-data/Undetermined_S25_L001_R2.fastp.fastq.gz_fastqc_report.html",
                "sim-data/Undetermined_S25_L001_R2.fastp.fastq.gz_summary.txt",
                "sim-data/Undetermined_S25_L001_R2_001.fastq.gz",
                "sim-data/out_L001.fastp.html",
                "sim-data/out_L001.fastp.json",
                "sim-data/out_L001_R1.fastp.fastq.gz",
                "sim-data/out_L001_R1.fastp.fastq.gz.md5",
                "sim-data/out_L001_R1.fastp.fastq.gz_fastqc_data.txt",
                "sim-data/out_L001_R1.fastp.fastq.gz_fastqc_report.html",
                "sim-data/out_L001_R1.fastp.fastq.gz_summary.txt",
                "sim-data/out_L001_R1_001.fastq.gz",
                "sim-data/out_L001_R2.fastp.fastq.gz",
                "sim-data/out_L001_R2.fastp.fastq.gz.md5",
                "sim-data/out_L001_R2.fastp.fastq.gz_fastqc_data.txt",
                "sim-data/out_L001_R2.fastp.fastq.gz_fastqc_report.html",
                "sim-data/out_L001_R2.fastp.fastq.gz_summary.txt",
                "sim-data/out_L001_R2_001.fastq.gz",
                "sim-data/s10_S10_L001.fastp.html",
                "sim-data/s10_S10_L001.fastp.json",
                "sim-data/s10_S10_L001_R1.fastp.fastq.gz",
                "sim-data/s10_S10_L001_R1.fastp.fastq.gz.md5",
                "sim-data/s10_S10_L001_R1.fastp.fastq.gz_fastqc_data.txt",
                "sim-data/s10_S10_L001_R1.fastp.fastq.gz_fastqc_report.html",
                "sim-data/s10_S10_L001_R1.fastp.fastq.gz_summary.txt",
                "sim-data/s10_S10_L001_R1_001.fastq.gz",
                "sim-data/s10_S10_L001_R2.fastp.fastq.gz",
                "sim-data/s10_S10_L001_R2.fastp.fastq.gz.md5",
                "sim-data/s10_S10_L001_R2.fastp.fastq.gz_fastqc_data.txt",
                "sim-data/s10_S10_L001_R2.fastp.fastq.gz_fastqc_report.html",
                "sim-data/s10_S10_L001_R2.fastp.fastq.gz_summary.txt",
                "sim-data/s10_S10_L001_R2_001.fastq.gz",
                "sim-data/s11_S11_L001.fastp.html",
                "sim-data/s11_S11_L001.fastp.json",
                "sim-data/s11_S11_L001_R1.fastp.fastq.gz",
                "sim-data/s11_S11_L001_R1.fastp.fastq.gz.md5",
                "sim-data/s11_S11_L001_R1.fastp.fastq.gz_fastqc_data.txt",
                "sim-data/s11_S11_L001_R1.fastp.fastq.gz_fastqc_report.html",
                "sim-data/s11_S11_L001_R1.fastp.fastq.gz_summary.txt",
                "sim-data/s11_S11_L001_R1_001.fastq.gz",
                "sim-data/s11_S11_L001_R2.fastp.fastq.gz",
                "sim-data/s11_S11_L001_R2.fastp.fastq.gz.md5",
                "sim-data/s11_S11_L001_R2.fastp.fastq.gz_fastqc_data.txt",
                "sim-data/s11_S11_L001_R2.fastp.fastq.gz_fastqc_report.html",
                "sim-data/s11_S11_L001_R2.fastp.fastq.gz_summary.txt",
                "sim-data/s11_S11_L001_R2_001.fastq.gz",
                "sim-data/s12_S12_L001.fastp.html",
                "sim-data/s12_S12_L001.fastp.json",
                "sim-data/s12_S12_L001_R1.fastp.fastq.gz",
                "sim-data/s12_S12_L001_R1.fastp.fastq.gz.md5",
                "sim-data/s12_S12_L001_R1.fastp.fastq.gz_fastqc_data.txt",
                "sim-data/s12_S12_L001_R1.fastp.fastq.gz_fastqc_report.html",
                "sim-data/s12_S12_L001_R1.fastp.fastq.gz_summary.txt",
                "sim-data/s12_S12_L001_R1_001.fastq.gz",
                "sim-data/s12_S12_L001_R2.fastp.fastq.gz",
                "sim-data/s12_S12_L001_R2.fastp.fastq.gz.md5",
                "sim-data/s12_S12_L001_R2.fastp.fastq.gz_fastqc_data.txt",
                "sim-data/s12_S12_L001_R2.fastp.fastq.gz_fastqc_report.html",
                "sim-data/s12_S12_L001_R2.fastp.fastq.gz_summary.txt",
                "sim-data/s12_S12_L001_R2_001.fastq.gz",
                "sim-data/s13_S13_L001.fastp.html",
                "sim-data/s13_S13_L001.fastp.json",
                "sim-data/s13_S13_L001_R1.fastp.fastq.gz",
                "sim-data/s13_S13_L001_R1.fastp.fastq.gz.md5",
                "sim-data/s13_S13_L001_R1.fastp.fastq.gz_fastqc_data.txt",
                "sim-data/s13_S13_L001_R1.fastp.fastq.gz_fastqc_report.html",
                "sim-data/s13_S13_L001_R1.fastp.fastq.gz_summary.txt",
                "sim-data/s13_S13_L001_R1_001.fastq.gz",
                "sim-data/s13_S13_L001_R2.fastp.fastq.gz",
                "sim-data/s13_S13_L001_R2.fastp.fastq.gz.md5",
                "sim-data/s13_S13_L001_R2.fastp.fastq.gz_fastqc_data.txt",
                "sim-data/s13_S13_L001_R2.fastp.fastq.gz_fastqc_report.html",
                "sim-data/s13_S13_L001_R2.fastp.fastq.gz_summary.txt",
                "sim-data/s13_S13_L001_R2_001.fastq.gz",
                "sim-data/s14_S14_L001.fastp.html",
                "sim-data/s14_S14_L001.fastp.json",
                "sim-data/s14_S14_L001_R1.fastp.fastq.gz",
                "sim-data/s14_S14_L001_R1.fastp.fastq.gz.md5",
                "sim-data/s14_S14_L001_R1.fastp.fastq.gz_fastqc_data.txt",
                "sim-data/s14_S14_L001_R1.fastp.fastq.gz_fastqc_report.html",
                "sim-data/s14_S14_L001_R1.fastp.fastq.gz_summary.txt",
                "sim-data/s14_S14_L001_R1_001.fastq.gz",
                "sim-data/s14_S14_L001_R2.fastp.fastq.gz",
                "sim-data/s14_S14_L001_R2.fastp.fastq.gz.md5",
                "sim-data/s14_S14_L001_R2.fastp.fastq.gz_fastqc_data.txt",
                "sim-data/s14_S14_L001_R2.fastp.fastq.gz_fastqc_report.html",
                "sim-data/s14_S14_L001_R2.fastp.fastq.gz_summary.txt",
                "sim-data/s14_S14_L001_R2_001.fastq.gz",
                "sim-data/s15_S15_L001.fastp.html",
                "sim-data/s15_S15_L001.fastp.json",
                "sim-data/s15_S15_L001_R1.fastp.fastq.gz",
                "sim-data/s15_S15_L001_R1.fastp.fastq.gz.md5",
                "sim-data/s15_S15_L001_R1.fastp.fastq.gz_fastqc_data.txt",
                "sim-data/s15_S15_L001_R1.fastp.fastq.gz_fastqc_report.html",
                "sim-data/s15_S15_L001_R1.fastp.fastq.gz_summary.txt",
                "sim-data/s15_S15_L001_R1_001.fastq.gz",
                "sim-data/s15_S15_L001_R2.fastp.fastq.gz",
                "sim-data/s15_S15_L001_R2.fastp.fastq.gz.md5",
                "sim-data/s15_S15_L001_R2.fastp.fastq.gz_fastqc_data.txt",
                "sim-data/s15_S15_L001_R2.fastp.fastq.gz_fastqc_report.html",
                "sim-data/s15_S15_L001_R2.fastp.fastq.gz_summary.txt",
                "sim-data/s15_S15_L001_R2_001.fastq.gz",
                "sim-data/s16_S16_L001.fastp.html",
                "sim-data/s16_S16_L001.fastp.json",
                "sim-data/s16_S16_L001_R1.fastp.fastq.gz",
                "sim-data/s16_S16_L001_R1.fastp.fastq.gz.md5",
                "sim-data/s16_S16_L001_R1.fastp.fastq.gz_fastqc_data.txt",
                "sim-data/s16_S16_L001_R1.fastp.fastq.gz_fastqc_report.html",
                "sim-data/s16_S16_L001_R1.fastp.fastq.gz_summary.txt",
                "sim-data/s16_S16_L001_R1_001.fastq.gz",
                "sim-data/s16_S16_L001_R2.fastp.fastq.gz",
                "sim-data/s16_S16_L001_R2.fastp.fastq.gz.md5",
                "sim-data/s16_S16_L001_R2.fastp.fastq.gz_fastqc_data.txt",
                "sim-data/s16_S16_L001_R2.fastp.fastq.gz_fastqc_report.html",
                "sim-data/s16_S16_L001_R2.fastp.fastq.gz_summary.txt",
                "sim-data/s16_S16_L001_R2_001.fastq.gz",
                "sim-data/s17_S17_L001.fastp.html",
                "sim-data/s17_S17_L001.fastp.json",
                "sim-data/s17_S17_L001_R1.fastp.fastq.gz",
                "sim-data/s17_S17_L001_R1.fastp.fastq.gz.md5",
                "sim-data/s17_S17_L001_R1.fastp.fastq.gz_fastqc_data.txt",
                "sim-data/s17_S17_L001_R1.fastp.fastq.gz_fastqc_report.html",
                "sim-data/s17_S17_L001_R1.fastp.fastq.gz_summary.txt",
                "sim-data/s17_S17_L001_R1_001.fastq.gz",
                "sim-data/s17_S17_L001_R2.fastp.fastq.gz",
                "sim-data/s17_S17_L001_R2.fastp.fastq.gz.md5",
                "sim-data/s17_S17_L001_R2.fastp.fastq.gz_fastqc_data.txt",
                "sim-data/s17_S17_L001_R2.fastp.fastq.gz_fastqc_report.html",
                "sim-data/s17_S17_L001_R2.fastp.fastq.gz_summary.txt",
                "sim-data/s17_S17_L001_R2_001.fastq.gz",
                "sim-data/s18_S18_L001.fastp.html",
                "sim-data/s18_S18_L001.fastp.json",
                "sim-data/s18_S18_L001_R1.fastp.fastq.gz",
                "sim-data/s18_S18_L001_R1.fastp.fastq.gz.md5",
                "sim-data/s18_S18_L001_R1.fastp.fastq.gz_fastqc_data.txt",
                "sim-data/s18_S18_L001_R1.fastp.fastq.gz_fastqc_report.html",
                "sim-data/s18_S18_L001_R1.fastp.fastq.gz_summary.txt",
                "sim-data/s18_S18_L001_R1_001.fastq.gz",
                "sim-data/s18_S18_L001_R2.fastp.fastq.gz",
                "sim-data/s18_S18_L001_R2.fastp.fastq.gz.md5",
                "sim-data/s18_S18_L001_R2.fastp.fastq.gz_fastqc_data.txt",
                "sim-data/s18_S18_L001_R2.fastp.fastq.gz_fastqc_report.html",
                "sim-data/s18_S18_L001_R2.fastp.fastq.gz_summary.txt",
                "sim-data/s18_S18_L001_R2_001.fastq.gz",
                "sim-data/s19_S19_L001.fastp.html",
                "sim-data/s19_S19_L001.fastp.json",
                "sim-data/s19_S19_L001_R1.fastp.fastq.gz",
                "sim-data/s19_S19_L001_R1.fastp.fastq.gz.md5",
                "sim-data/s19_S19_L001_R1.fastp.fastq.gz_fastqc_data.txt",
                "sim-data/s19_S19_L001_R1.fastp.fastq.gz_fastqc_report.html",
                "sim-data/s19_S19_L001_R1.fastp.fastq.gz_summary.txt",
                "sim-data/s19_S19_L001_R1_001.fastq.gz",
                "sim-data/s19_S19_L001_R2.fastp.fastq.gz",
                "sim-data/s19_S19_L001_R2.fastp.fastq.gz.md5",
                "sim-data/s19_S19_L001_R2.fastp.fastq.gz_fastqc_data.txt",
                "sim-data/s19_S19_L001_R2.fastp.fastq.gz_fastqc_report.html",
                "sim-data/s19_S19_L001_R2.fastp.fastq.gz_summary.txt",
                "sim-data/s19_S19_L001_R2_001.fastq.gz",
                "sim-data/s1_S1_L001.fastp.html",
                "sim-data/s1_S1_L001.fastp.json",
                "sim-data/s1_S1_L001_R1.fastp.fastq.gz",
                "sim-data/s1_S1_L001_R1.fastp.fastq.gz.md5",
                "sim-data/s1_S1_L001_R1.fastp.fastq.gz_fastqc_data.txt",
                "sim-data/s1_S1_L001_R1.fastp.fastq.gz_fastqc_report.html",
                "sim-data/s1_S1_L001_R1.fastp.fastq.gz_summary.txt",
                "sim-data/s1_S1_L001_R1_001.fastq.gz",
                "sim-data/s1_S1_L001_R2.fastp.fastq.gz",
                "sim-data/s1_S1_L001_R2.fastp.fastq.gz.md5",
                "sim-data/s1_S1_L001_R2.fastp.fastq.gz_fastqc_data.txt",
                "sim-data/s1_S1_L001_R2.fastp.fastq.gz_fastqc_report.html",
                "sim-data/s1_S1_L001_R2.fastp.fastq.gz_summary.txt",
                "sim-data/s1_S1_L001_R2_001.fastq.gz",
                "sim-data/s20_S20_L001.fastp.html",
                "sim-data/s20_S20_L001.fastp.json",
                "sim-data/s20_S20_L001_R1.fastp.fastq.gz",
                "sim-data/s20_S20_L001_R1.fastp.fastq.gz.md5",
                "sim-data/s20_S20_L001_R1.fastp.fastq.gz_fastqc_data.txt",
                "sim-data/s20_S20_L001_R1.fastp.fastq.gz_fastqc_report.html",
                "sim-data/s20_S20_L001_R1.fastp.fastq.gz_summary.txt",
                "sim-data/s20_S20_L001_R1_001.fastq.gz",
                "sim-data/s20_S20_L001_R2.fastp.fastq.gz",
                "sim-data/s20_S20_L001_R2.fastp.fastq.gz.md5",
                "sim-data/s20_S20_L001_R2.fastp.fastq.gz_fastqc_data.txt",
                "sim-data/s20_S20_L001_R2.fastp.fastq.gz_fastqc_report.html",
                "sim-data/s20_S20_L001_R2.fastp.fastq.gz_summary.txt",
                "sim-data/s20_S20_L001_R2_001.fastq.gz",
                "sim-data/s21_S21_L001.fastp.html",
                "sim-data/s21_S21_L001.fastp.json",
                "sim-data/s21_S21_L001_R1.fastp.fastq.gz",
                "sim-data/s21_S21_L001_R1.fastp.fastq.gz.md5",
                "sim-data/s21_S21_L001_R1.fastp.fastq.gz_fastqc_data.txt",
                "sim-data/s21_S21_L001_R1.fastp.fastq.gz_fastqc_report.html",
                "sim-data/s21_S21_L001_R1.fastp.fastq.gz_summary.txt",
                "sim-data/s21_S21_L001_R1_001.fastq.gz",
                "sim-data/s21_S21_L001_R2.fastp.fastq.gz",
                "sim-data/s21_S21_L001_R2.fastp.fastq.gz.md5",
                "sim-data/s21_S21_L001_R2.fastp.fastq.gz_fastqc_data.txt",
                "sim-data/s21_S21_L001_R2.fastp.fastq.gz_fastqc_report.html",
                "sim-data/s21_S21_L001_R2.fastp.fastq.gz_summary.txt",
                "sim-data/s21_S21_L001_R2_001.fastq.gz",
                "sim-data/s22_S22_L001.fastp.html",
                "sim-data/s22_S22_L001.fastp.json",
                "sim-data/s22_S22_L001_R1.fastp.fastq.gz",
                "sim-data/s22_S22_L001_R1.fastp.fastq.gz.md5",
                "sim-data/s22_S22_L001_R1.fastp.fastq.gz_fastqc_data.txt",
                "sim-data/s22_S22_L001_R1.fastp.fastq.gz_fastqc_report.html",
                "sim-data/s22_S22_L001_R1.fastp.fastq.gz_summary.txt",
                "sim-data/s22_S22_L001_R1_001.fastq.gz",
                "sim-data/s22_S22_L001_R2.fastp.fastq.gz",
                "sim-data/s22_S22_L001_R2.fastp.fastq.gz.md5",
                "sim-data/s22_S22_L001_R2.fastp.fastq.gz_fastqc_data.txt",
                "sim-data/s22_S22_L001_R2.fastp.fastq.gz_fastqc_report.html",
                "sim-data/s22_S22_L001_R2.fastp.fastq.gz_summary.txt",
                "sim-data/s22_S22_L001_R2_001.fastq.gz",
                "sim-data/s23_S23_L001.fastp.html",
                "sim-data/s23_S23_L001.fastp.json",
                "sim-data/s23_S23_L001_R1.fastp.fastq.gz",
                "sim-data/s23_S23_L001_R1.fastp.fastq.gz.md5",
                "sim-data/s23_S23_L001_R1.fastp.fastq.gz_fastqc_data.txt",
                "sim-data/s23_S23_L001_R1.fastp.fastq.gz_fastqc_report.html",
                "sim-data/s23_S23_L001_R1.fastp.fastq.gz_summary.txt",
                "sim-data/s23_S23_L001_R1_001.fastq.gz",
                "sim-data/s23_S23_L001_R2.fastp.fastq.gz",
                "sim-data/s23_S23_L001_R2.fastp.fastq.gz.md5",
                "sim-data/s23_S23_L001_R2.fastp.fastq.gz_fastqc_data.txt",
                "sim-data/s23_S23_L001_R2.fastp.fastq.gz_fastqc_report.html",
                "sim-data/s23_S23_L001_R2.fastp.fastq.gz_summary.txt",
                "sim-data/s23_S23_L001_R2_001.fastq.gz",
                "sim-data/s24_S24_L001.fastp.html",
                "sim-data/s24_S24_L001.fastp.json",
                "sim-data/s24_S24_L001_R1.fastp.fastq.gz",
                "sim-data/s24_S24_L001_R1.fastp.fastq.gz.md5",
                "sim-data/s24_S24_L001_R1.fastp.fastq.gz_fastqc_data.txt",
                "sim-data/s24_S24_L001_R1.fastp.fastq.gz_fastqc_report.html",
                "sim-data/s24_S24_L001_R1.fastp.fastq.gz_summary.txt",
                "sim-data/s24_S24_L001_R1_001.fastq.gz",
                "sim-data/s24_S24_L001_R2.fastp.fastq.gz",
                "sim-data/s24_S24_L001_R2.fastp.fastq.gz.md5",
                "sim-data/s24_S24_L001_R2.fastp.fastq.gz_fastqc_data.txt",
                "sim-data/s24_S24_L001_R2.fastp.fastq.gz_fastqc_report.html",
                "sim-data/s24_S24_L001_R2.fastp.fastq.gz_summary.txt",
                "sim-data/s24_S24_L001_R2_001.fastq.gz",
                "sim-data/s2_S2_L001.fastp.html",
                "sim-data/s2_S2_L001.fastp.json",
                "sim-data/s2_S2_L001_R1.fastp.fastq.gz",
                "sim-data/s2_S2_L001_R1.fastp.fastq.gz.md5",
                "sim-data/s2_S2_L001_R1.fastp.fastq.gz_fastqc_data.txt",
                "sim-data/s2_S2_L001_R1.fastp.fastq.gz_fastqc_report.html",
                "sim-data/s2_S2_L001_R1.fastp.fastq.gz_summary.txt",
                "sim-data/s2_S2_L001_R1_001.fastq.gz",
                "sim-data/s2_S2_L001_R2.fastp.fastq.gz",
                "sim-data/s2_S2_L001_R2.fastp.fastq.gz.md5",
                "sim-data/s2_S2_L001_R2.fastp.fastq.gz_fastqc_data.txt",
                "sim-data/s2_S2_L001_R2.fastp.fastq.gz_fastqc_report.html",
                "sim-data/s2_S2_L001_R2.fastp.fastq.gz_summary.txt",
                "sim-data/s2_S2_L001_R2_001.fastq.gz",
                "sim-data/s3_S3_L001.fastp.html",
                "sim-data/s3_S3_L001.fastp.json",
                "sim-data/s3_S3_L001_R1.fastp.fastq.gz",
                "sim-data/s3_S3_L001_R1.fastp.fastq.gz.md5",
                "sim-data/s3_S3_L001_R1.fastp.fastq.gz_fastqc_data.txt",
                "sim-data/s3_S3_L001_R1.fastp.fastq.gz_fastqc_report.html",
                "sim-data/s3_S3_L001_R1.fastp.fastq.gz_summary.txt",
                "sim-data/s3_S3_L001_R1_001.fastq.gz",
                "sim-data/s3_S3_L001_R2.fastp.fastq.gz",
                "sim-data/s3_S3_L001_R2.fastp.fastq.gz.md5",
                "sim-data/s3_S3_L001_R2.fastp.fastq.gz_fastqc_data.txt",
                "sim-data/s3_S3_L001_R2.fastp.fastq.gz_fastqc_report.html",
                "sim-data/s3_S3_L001_R2.fastp.fastq.gz_summary.txt",
                "sim-data/s3_S3_L001_R2_001.fastq.gz",
                "sim-data/s4_S4_L001.fastp.html",
                "sim-data/s4_S4_L001.fastp.json",
                "sim-data/s4_S4_L001_R1.fastp.fastq.gz",
                "sim-data/s4_S4_L001_R1.fastp.fastq.gz.md5",
                "sim-data/s4_S4_L001_R1.fastp.fastq.gz_fastqc_data.txt",
                "sim-data/s4_S4_L001_R1.fastp.fastq.gz_fastqc_report.html",
                "sim-data/s4_S4_L001_R1.fastp.fastq.gz_summary.txt",
                "sim-data/s4_S4_L001_R1_001.fastq.gz",
                "sim-data/s4_S4_L001_R2.fastp.fastq.gz",
                "sim-data/s4_S4_L001_R2.fastp.fastq.gz.md5",
                "sim-data/s4_S4_L001_R2.fastp.fastq.gz_fastqc_data.txt",
                "sim-data/s4_S4_L001_R2.fastp.fastq.gz_fastqc_report.html",
                "sim-data/s4_S4_L001_R2.fastp.fastq.gz_summary.txt",
                "sim-data/s4_S4_L001_R2_001.fastq.gz",
                "sim-data/s5_S5_L001.fastp.html",
                "sim-data/s5_S5_L001.fastp.json",
                "sim-data/s5_S5_L001_R1.fastp.fastq.gz",
                "sim-data/s5_S5_L001_R1.fastp.fastq.gz.md5",
                "sim-data/s5_S5_L001_R1.fastp.fastq.gz_fastqc_data.txt",
                "sim-data/s5_S5_L001_R1.fastp.fastq.gz_fastqc_report.html",
                "sim-data/s5_S5_L001_R1.fastp.fastq.gz_summary.txt",
                "sim-data/s5_S5_L001_R1_001.fastq.gz",
                "sim-data/s5_S5_L001_R2.fastp.fastq.gz",
                "sim-data/s5_S5_L001_R2.fastp.fastq.gz.md5",
                "sim-data/s5_S5_L001_R2.fastp.fastq.gz_fastqc_data.txt",
                "sim-data/s5_S5_L001_R2.fastp.fastq.gz_fastqc_report.html",
                "sim-data/s5_S5_L001_R2.fastp.fastq.gz_summary.txt",
                "sim-data/s5_S5_L001_R2_001.fastq.gz",
                "sim-data/s6_S6_L001.fastp.html",
                "sim-data/s6_S6_L001.fastp.json",
                "sim-data/s6_S6_L001_R1.fastp.fastq.gz",
                "sim-data/s6_S6_L001_R1.fastp.fastq.gz.md5",
                "sim-data/s6_S6_L001_R1.fastp.fastq.gz_fastqc_data.txt",
                "sim-data/s6_S6_L001_R1.fastp.fastq.gz_fastqc_report.html",
                "sim-data/s6_S6_L001_R1.fastp.fastq.gz_summary.txt",
                "sim-data/s6_S6_L001_R1_001.fastq.gz",
                "sim-data/s6_S6_L001_R2.fastp.fastq.gz",
                "sim-data/s6_S6_L001_R2.fastp.fastq.gz.md5",
                "sim-data/s6_S6_L001_R2.fastp.fastq.gz_fastqc_data.txt",
                "sim-data/s6_S6_L001_R2.fastp.fastq.gz_fastqc_report.html",
                "sim-data/s6_S6_L001_R2.fastp.fastq.gz_summary.txt",
                "sim-data/s6_S6_L001_R2_001.fastq.gz",
                "sim-data/s7_S7_L001.fastp.html",
                "sim-data/s7_S7_L001.fastp.json",
                "sim-data/s7_S7_L001_R1.fastp.fastq.gz",
                "sim-data/s7_S7_L001_R1.fastp.fastq.gz.md5",
                "sim-data/s7_S7_L001_R1.fastp.fastq.gz_fastqc_data.txt",
                "sim-data/s7_S7_L001_R1.fastp.fastq.gz_fastqc_report.html",
                "sim-data/s7_S7_L001_R1.fastp.fastq.gz_summary.txt",
                "sim-data/s7_S7_L001_R1_001.fastq.gz",
                "sim-data/s7_S7_L001_R2.fastp.fastq.gz",
                "sim-data/s7_S7_L001_R2.fastp.fastq.gz.md5",
                "sim-data/s7_S7_L001_R2.fastp.fastq.gz_fastqc_data.txt",
                "sim-data/s7_S7_L001_R2.fastp.fastq.gz_fastqc_report.html",
                "sim-data/s7_S7_L001_R2.fastp.fastq.gz_summary.txt",
                "sim-data/s7_S7_L001_R2_001.fastq.gz",
                "sim-data/s8_S8_L001.fastp.html",
                "sim-data/s8_S8_L001.fastp.json",
                "sim-data/s8_S8_L001_R1.fastp.fastq.gz",
                "sim-data/s8_S8_L001_R1.fastp.fastq.gz.md5",
                "sim-data/s8_S8_L001_R1.fastp.fastq.gz_fastqc_data.txt",
                "sim-data/s8_S8_L001_R1.fastp.fastq.gz_fastqc_report.html",
                "sim-data/s8_S8_L001_R1.fastp.fastq.gz_summary.txt",
                "sim-data/s8_S8_L001_R1_001.fastq.gz",
                "sim-data/s8_S8_L001_R2.fastp.fastq.gz",
                "sim-data/s8_S8_L001_R2.fastp.fastq.gz.md5",
                "sim-data/s8_S8_L001_R2.fastp.fastq.gz_fastqc_data.txt",
                "sim-data/s8_S8_L001_R2.fastp.fastq.gz_fastqc_report.html",
                "sim-data/s8_S8_L001_R2.fastp.fastq.gz_summary.txt",
                "sim-data/s8_S8_L001_R2_001.fastq.gz",
                "sim-data/s9_S9_L001.fastp.html",
                "sim-data/s9_S9_L001.fastp.json",
                "sim-data/s9_S9_L001_R1.fastp.fastq.gz",
                "sim-data/s9_S9_L001_R1.fastp.fastq.gz.md5",
                "sim-data/s9_S9_L001_R1.fastp.fastq.gz_fastqc_data.txt",
                "sim-data/s9_S9_L001_R1.fastp.fastq.gz_fastqc_report.html",
                "sim-data/s9_S9_L001_R1.fastp.fastq.gz_summary.txt",
                "sim-data/s9_S9_L001_R1_001.fastq.gz",
                "sim-data/s9_S9_L001_R2.fastp.fastq.gz",
                "sim-data/s9_S9_L001_R2.fastp.fastq.gz.md5",
                "sim-data/s9_S9_L001_R2.fastp.fastq.gz_fastqc_data.txt",
                "sim-data/s9_S9_L001_R2.fastp.fastq.gz_fastqc_report.html",
                "sim-data/s9_S9_L001_R2.fastp.fastq.gz_summary.txt",
                "sim-data/s9_S9_L001_R2_001.fastq.gz"
            ],
            [
                "falco-status-check-heatmap.txt:md5,d7cdbbfaea24f287e56bf1255517a191",
                "falco_per_base_n_content_plot.txt:md5,0d3d356bbaa0168c32587f06d66ab131",
                "falco_per_base_sequence_quality_plot.txt:md5,497e051886144277c9f406bdcd67b826",
                "falco_per_sequence_gc_content_plot_Counts.txt:md5,87ba86e03612898d8aab192f924bd7a2",
                "falco_per_sequence_gc_content_plot_Percentages.txt:md5,08a12ea9e748b20cf1f00b66ce2074a3",
                "falco_per_sequence_quality_scores_plot.txt:md5,64a552cfaa28d8bccbffecce6388ea17",
                "falco_sequence_counts_plot.txt:md5,25fd62ebabffeaa4d70606cf73117e1d",
                "falco_sequence_duplication_levels_plot.txt:md5,4c3042a5c12bae5e3ba05e9ed99f6f90",
                "fastp-seq-content-gc-plot_Read_1_After_filtering.txt:md5,f611c2c31ef1232031747976b974279e",
                "fastp-seq-content-gc-plot_Read_1_Before_filtering.txt:md5,f611c2c31ef1232031747976b974279e",
                "fastp-seq-content-gc-plot_Read_2_After_filtering.txt:md5,adb9612f471f419e7d4ab36b1362c3f0",
                "fastp-seq-content-gc-plot_Read_2_Before_filtering.txt:md5,adb9612f471f419e7d4ab36b1362c3f0",
                "fastp-seq-content-n-plot_Read_1_After_filtering.txt:md5,943a3f4525c31276a82e0b5e63424901",
                "fastp-seq-content-n-plot_Read_1_Before_filtering.txt:md5,943a3f4525c31276a82e0b5e63424901",
                "fastp-seq-content-n-plot_Read_2_After_filtering.txt:md5,943a3f4525c31276a82e0b5e63424901",
                "fastp-seq-content-n-plot_Read_2_Before_filtering.txt:md5,943a3f4525c31276a82e0b5e63424901",
                "fastp-seq-quality-plot_Read_1_After_filtering.txt:md5,63ee134b113f533a1f690ba92141c2c9",
                "fastp-seq-quality-plot_Read_1_Before_filtering.txt:md5,63ee134b113f533a1f690ba92141c2c9",
                "fastp-seq-quality-plot_Read_2_After_filtering.txt:md5,63ee134b113f533a1f690ba92141c2c9",
                "fastp-seq-quality-plot_Read_2_Before_filtering.txt:md5,63ee134b113f533a1f690ba92141c2c9",
                "fastp_filtered_reads_plot.txt:md5,0f9da8397a043f7ba3aa8305e19bb583",
                "multiqc_citations.txt:md5,d35df50e9903a96a2b3bce3c1fbc8ad2",
                "sim-data.csv:md5,a5ea0ad63c5df73b5fc2436dd8d9dbfe",
                "Undetermined_S25_L001.fastp.json:md5,83fd19eedb887424297d21467f8a5f87",
                "out_L001.fastp.json:md5,cba96df4b3a72cba9179678c5d24a876",
                "out_L001_R1_001.fastq.gz:md5,0e6423e3caad3aba1e1532e287464c63",
                "out_L001_R2_001.fastq.gz:md5,b8418c4200127ad974bcae9030d719a6",
                "s10_S10_L001.fastp.json:md5,5b1fdf8a137bce6da0e379c3e20c08f3",
                "s11_S11_L001.fastp.json:md5,97f16d4435f5c9e2e55cc3b1965fb000",
                "s12_S12_L001.fastp.json:md5,dfeee43d05b16b693c1f5fae9435bd2a",
                "s13_S13_L001.fastp.json:md5,adc542cb4dd03711493c327de2f6cfaa",
                "s14_S14_L001.fastp.json:md5,4c18ac95aa9ebcb0a64114a6cfdffb0f",
                "s15_S15_L001.fastp.json:md5,ce3576a5f05299f22b08c1f2e2952e1c",
                "s16_S16_L001.fastp.json:md5,803165882fc946477778f9167a6135ca",
                "s17_S17_L001.fastp.json:md5,fb8dacb963434b9ba43d7c6b90d1591f",
                "s18_S18_L001.fastp.json:md5,157fa9f72f28e5605ac09f71ddfdd1fd",
                "s19_S19_L001.fastp.json:md5,4177195b78de45cc07766781395555cd",
                "s1_S1_L001.fastp.json:md5,b0636d4105bacc3f167b09df29ffacbf",
                "s20_S20_L001.fastp.json:md5,87dc8fe4febb8a038304f212b7ba7937",
                "s21_S21_L001.fastp.json:md5,927a4da48d236131d67daa22a19ab460",
                "s22_S22_L001.fastp.json:md5,08564399ab841407d01ee6067ef5d37d",
                "s23_S23_L001.fastp.json:md5,6ba8c5ed14357aa46115fc9918453ef7",
                "s24_S24_L001.fastp.json:md5,fd3e9e37efdbc02b6be6f1a04e66fe11",
                "s2_S2_L001.fastp.json:md5,5041e06dad8a42aabac23b7e5fe2005e",
                "s3_S3_L001.fastp.json:md5,18a81c01518bc8d7092ba2ce11184073",
                "s4_S4_L001.fastp.json:md5,e8842ba5933adf1677fca45a3bdf8d5e",
                "s5_S5_L001.fastp.json:md5,81057dcb3d49feea6b343896b05ea0bb",
                "s6_S6_L001.fastp.json:md5,6730f44e49c88ad2aec7d9d1ee8a7ee5",
                "s7_S7_L001.fastp.json:md5,31200e5cd379216610b5e6fa07758afb",
                "s8_S8_L001.fastp.json:md5,0c3236c9cb8f7a916b5f4de78ed7acab",
                "s9_S9_L001.fastp.json:md5,d232a5aa5855e07c5c330f4b21fe09db"
            ],
            [
                [
                    "atacseq_samplesheet.csv",
                    true
                ],
                [
                    "methylseq_samplesheet.csv",
                    true
                ],
                [
                    "rnaseq_samplesheet.csv",
                    true
                ],
                [
                    "sarek_samplesheet.csv",
                    true
                ],
                [
                    "seqinspector_samplesheet.csv",
                    true
                ],
                [
                    "taxprofiler_samplesheet.csv",
                    true
                ]
            ]
        ],
        "timestamp": "2026-08-20T17:06:25.575234497",
        "meta": {
            "nf-test": "0.9.5",
            "nextflow": "26.04.6"
        }
    }
}