{
    "SGDEMUX": {
        "content": [
            112,
            {
                "FALCO": {
                    "falco": "1.2.1"
                },
                "FASTP": {
                    "fastp": "0.24.0"
                },
                "MD5SUM": {
                    "md5sum": 9.5
                },
                "SGDEMUX": {
                    "sgdemux": "1.1.1"
                },
                "UNTAR_FLOWCELL": {
                    "untar": 1.34
                }
            },
            [
                "multiqc",
                "multiqc/multiqc_data",
                "multiqc/multiqc_data/BETA-multiqc.parquet",
                "multiqc/multiqc_data/fastp-seq-content-gc-plot_Read_1_After_filtering.txt",
                "multiqc/multiqc_data/fastp-seq-content-gc-plot_Read_1_Before_filtering.txt",
                "multiqc/multiqc_data/fastp-seq-content-gc-plot_Read_2_After_filtering.txt",
                "multiqc/multiqc_data/fastp-seq-content-gc-plot_Read_2_Before_filtering.txt",
                "multiqc/multiqc_data/fastp-seq-content-n-plot_Read_1_After_filtering.txt",
                "multiqc/multiqc_data/fastp-seq-content-n-plot_Read_1_Before_filtering.txt",
                "multiqc/multiqc_data/fastp-seq-content-n-plot_Read_2_After_filtering.txt",
                "multiqc/multiqc_data/fastp-seq-content-n-plot_Read_2_Before_filtering.txt",
                "multiqc/multiqc_data/fastp-seq-quality-plot_Read_1_After_filtering.txt",
                "multiqc/multiqc_data/fastp-seq-quality-plot_Read_1_Before_filtering.txt",
                "multiqc/multiqc_data/fastp-seq-quality-plot_Read_2_After_filtering.txt",
                "multiqc/multiqc_data/fastp-seq-quality-plot_Read_2_Before_filtering.txt",
                "multiqc/multiqc_data/fastp_filtered_reads_plot.txt",
                "multiqc/multiqc_data/fastqc-1-status-check-heatmap.txt",
                "multiqc/multiqc_data/fastqc-1_per_base_n_content_plot.txt",
                "multiqc/multiqc_data/fastqc-1_per_base_sequence_quality_plot.txt",
                "multiqc/multiqc_data/fastqc-1_per_sequence_gc_content_plot_Counts.txt",
                "multiqc/multiqc_data/fastqc-1_per_sequence_gc_content_plot_Percentages.txt",
                "multiqc/multiqc_data/fastqc-1_per_sequence_quality_scores_plot.txt",
                "multiqc/multiqc_data/fastqc-1_sequence_counts_plot.txt",
                "multiqc/multiqc_data/fastqc-1_sequence_duplication_levels_plot.txt",
                "multiqc/multiqc_data/fastqc-2-status-check-heatmap.txt",
                "multiqc/multiqc_data/fastqc-2_per_base_n_content_plot.txt",
                "multiqc/multiqc_data/fastqc-2_per_base_sequence_quality_plot.txt",
                "multiqc/multiqc_data/fastqc-2_per_sequence_gc_content_plot_Counts.txt",
                "multiqc/multiqc_data/fastqc-2_per_sequence_gc_content_plot_Percentages.txt",
                "multiqc/multiqc_data/fastqc-2_per_sequence_quality_scores_plot.txt",
                "multiqc/multiqc_data/fastqc-2_sequence_counts_plot.txt",
                "multiqc/multiqc_data/fastqc-2_sequence_duplication_levels_plot.txt",
                "multiqc/multiqc_data/fastqc-status-check-heatmap.txt",
                "multiqc/multiqc_data/fastqc_per_base_n_content_plot.txt",
                "multiqc/multiqc_data/fastqc_per_base_sequence_quality_plot.txt",
                "multiqc/multiqc_data/fastqc_per_sequence_gc_content_plot_Counts.txt",
                "multiqc/multiqc_data/fastqc_per_sequence_gc_content_plot_Percentages.txt",
                "multiqc/multiqc_data/fastqc_per_sequence_quality_scores_plot.txt",
                "multiqc/multiqc_data/fastqc_sequence_counts_plot.txt",
                "multiqc/multiqc_data/fastqc_sequence_duplication_levels_plot.txt",
                "multiqc/multiqc_data/llms-full.txt",
                "multiqc/multiqc_data/multiqc.log",
                "multiqc/multiqc_data/multiqc_citations.txt",
                "multiqc/multiqc_data/multiqc_data.json",
                "multiqc/multiqc_data/multiqc_fastp.txt",
                "multiqc/multiqc_data/multiqc_fastqc.txt",
                "multiqc/multiqc_data/multiqc_fastqc_fastqc-1.txt",
                "multiqc/multiqc_data/multiqc_fastqc_fastqc-2.txt",
                "multiqc/multiqc_data/multiqc_general_stats.txt",
                "multiqc/multiqc_data/multiqc_software_versions.txt",
                "multiqc/multiqc_data/multiqc_sources.txt",
                "multiqc/multiqc_plots",
                "multiqc/multiqc_plots/pdf",
                "multiqc/multiqc_plots/pdf/fastp-seq-content-gc-plot_Read_1_After_filtering.pdf",
                "multiqc/multiqc_plots/pdf/fastp-seq-content-gc-plot_Read_1_Before_filtering.pdf",
                "multiqc/multiqc_plots/pdf/fastp-seq-content-gc-plot_Read_2_After_filtering.pdf",
                "multiqc/multiqc_plots/pdf/fastp-seq-content-gc-plot_Read_2_Before_filtering.pdf",
                "multiqc/multiqc_plots/pdf/fastp-seq-content-n-plot_Read_1_After_filtering.pdf",
                "multiqc/multiqc_plots/pdf/fastp-seq-content-n-plot_Read_1_Before_filtering.pdf",
                "multiqc/multiqc_plots/pdf/fastp-seq-content-n-plot_Read_2_After_filtering.pdf",
                "multiqc/multiqc_plots/pdf/fastp-seq-content-n-plot_Read_2_Before_filtering.pdf",
                "multiqc/multiqc_plots/pdf/fastp-seq-quality-plot_Read_1_After_filtering.pdf",
                "multiqc/multiqc_plots/pdf/fastp-seq-quality-plot_Read_1_Before_filtering.pdf",
                "multiqc/multiqc_plots/pdf/fastp-seq-quality-plot_Read_2_After_filtering.pdf",
                "multiqc/multiqc_plots/pdf/fastp-seq-quality-plot_Read_2_Before_filtering.pdf",
                "multiqc/multiqc_plots/pdf/fastp_filtered_reads_plot-cnt.pdf",
                "multiqc/multiqc_plots/pdf/fastp_filtered_reads_plot-pct.pdf",
                "multiqc/multiqc_plots/pdf/fastqc-1-status-check-heatmap.pdf",
                "multiqc/multiqc_plots/pdf/fastqc-1_per_base_n_content_plot.pdf",
                "multiqc/multiqc_plots/pdf/fastqc-1_per_base_sequence_quality_plot.pdf",
                "multiqc/multiqc_plots/pdf/fastqc-1_per_sequence_gc_content_plot_Counts.pdf",
                "multiqc/multiqc_plots/pdf/fastqc-1_per_sequence_gc_content_plot_Percentages.pdf",
                "multiqc/multiqc_plots/pdf/fastqc-1_per_sequence_quality_scores_plot.pdf",
                "multiqc/multiqc_plots/pdf/fastqc-1_sequence_counts_plot-cnt.pdf",
                "multiqc/multiqc_plots/pdf/fastqc-1_sequence_counts_plot-pct.pdf",
                "multiqc/multiqc_plots/pdf/fastqc-1_sequence_duplication_levels_plot.pdf",
                "multiqc/multiqc_plots/pdf/fastqc-2-status-check-heatmap.pdf",
                "multiqc/multiqc_plots/pdf/fastqc-2_per_base_n_content_plot.pdf",
                "multiqc/multiqc_plots/pdf/fastqc-2_per_base_sequence_quality_plot.pdf",
                "multiqc/multiqc_plots/pdf/fastqc-2_per_sequence_gc_content_plot_Counts.pdf",
                "multiqc/multiqc_plots/pdf/fastqc-2_per_sequence_gc_content_plot_Percentages.pdf",
                "multiqc/multiqc_plots/pdf/fastqc-2_per_sequence_quality_scores_plot.pdf",
                "multiqc/multiqc_plots/pdf/fastqc-2_sequence_counts_plot-cnt.pdf",
                "multiqc/multiqc_plots/pdf/fastqc-2_sequence_counts_plot-pct.pdf",
                "multiqc/multiqc_plots/pdf/fastqc-2_sequence_duplication_levels_plot.pdf",
                "multiqc/multiqc_plots/pdf/fastqc-status-check-heatmap.pdf",
                "multiqc/multiqc_plots/pdf/fastqc_per_base_n_content_plot.pdf",
                "multiqc/multiqc_plots/pdf/fastqc_per_base_sequence_quality_plot.pdf",
                "multiqc/multiqc_plots/pdf/fastqc_per_sequence_gc_content_plot_Counts.pdf",
                "multiqc/multiqc_plots/pdf/fastqc_per_sequence_gc_content_plot_Percentages.pdf",
                "multiqc/multiqc_plots/pdf/fastqc_per_sequence_quality_scores_plot.pdf",
                "multiqc/multiqc_plots/pdf/fastqc_sequence_counts_plot-cnt.pdf",
                "multiqc/multiqc_plots/pdf/fastqc_sequence_counts_plot-pct.pdf",
                "multiqc/multiqc_plots/pdf/fastqc_sequence_duplication_levels_plot.pdf",
                "multiqc/multiqc_plots/png",
                "multiqc/multiqc_plots/png/fastp-seq-content-gc-plot_Read_1_After_filtering.png",
                "multiqc/multiqc_plots/png/fastp-seq-content-gc-plot_Read_1_Before_filtering.png",
                "multiqc/multiqc_plots/png/fastp-seq-content-gc-plot_Read_2_After_filtering.png",
                "multiqc/multiqc_plots/png/fastp-seq-content-gc-plot_Read_2_Before_filtering.png",
                "multiqc/multiqc_plots/png/fastp-seq-content-n-plot_Read_1_After_filtering.png",
                "multiqc/multiqc_plots/png/fastp-seq-content-n-plot_Read_1_Before_filtering.png",
                "multiqc/multiqc_plots/png/fastp-seq-content-n-plot_Read_2_After_filtering.png",
                "multiqc/multiqc_plots/png/fastp-seq-content-n-plot_Read_2_Before_filtering.png",
                "multiqc/multiqc_plots/png/fastp-seq-quality-plot_Read_1_After_filtering.png",
                "multiqc/multiqc_plots/png/fastp-seq-quality-plot_Read_1_Before_filtering.png",
                "multiqc/multiqc_plots/png/fastp-seq-quality-plot_Read_2_After_filtering.png",
                "multiqc/multiqc_plots/png/fastp-seq-quality-plot_Read_2_Before_filtering.png",
                "multiqc/multiqc_plots/png/fastp_filtered_reads_plot-cnt.png",
                "multiqc/multiqc_plots/png/fastp_filtered_reads_plot-pct.png",
                "multiqc/multiqc_plots/png/fastqc-1-status-check-heatmap.png",
                "multiqc/multiqc_plots/png/fastqc-1_per_base_n_content_plot.png",
                "multiqc/multiqc_plots/png/fastqc-1_per_base_sequence_quality_plot.png",
                "multiqc/multiqc_plots/png/fastqc-1_per_sequence_gc_content_plot_Counts.png",
                "multiqc/multiqc_plots/png/fastqc-1_per_sequence_gc_content_plot_Percentages.png",
                "multiqc/multiqc_plots/png/fastqc-1_per_sequence_quality_scores_plot.png",
                "multiqc/multiqc_plots/png/fastqc-1_sequence_counts_plot-cnt.png",
                "multiqc/multiqc_plots/png/fastqc-1_sequence_counts_plot-pct.png",
                "multiqc/multiqc_plots/png/fastqc-1_sequence_duplication_levels_plot.png",
                "multiqc/multiqc_plots/png/fastqc-2-status-check-heatmap.png",
                "multiqc/multiqc_plots/png/fastqc-2_per_base_n_content_plot.png",
                "multiqc/multiqc_plots/png/fastqc-2_per_base_sequence_quality_plot.png",
                "multiqc/multiqc_plots/png/fastqc-2_per_sequence_gc_content_plot_Counts.png",
                "multiqc/multiqc_plots/png/fastqc-2_per_sequence_gc_content_plot_Percentages.png",
                "multiqc/multiqc_plots/png/fastqc-2_per_sequence_quality_scores_plot.png",
                "multiqc/multiqc_plots/png/fastqc-2_sequence_counts_plot-cnt.png",
                "multiqc/multiqc_plots/png/fastqc-2_sequence_counts_plot-pct.png",
                "multiqc/multiqc_plots/png/fastqc-2_sequence_duplication_levels_plot.png",
                "multiqc/multiqc_plots/png/fastqc-status-check-heatmap.png",
                "multiqc/multiqc_plots/png/fastqc_per_base_n_content_plot.png",
                "multiqc/multiqc_plots/png/fastqc_per_base_sequence_quality_plot.png",
                "multiqc/multiqc_plots/png/fastqc_per_sequence_gc_content_plot_Counts.png",
                "multiqc/multiqc_plots/png/fastqc_per_sequence_gc_content_plot_Percentages.png",
                "multiqc/multiqc_plots/png/fastqc_per_sequence_quality_scores_plot.png",
                "multiqc/multiqc_plots/png/fastqc_sequence_counts_plot-cnt.png",
                "multiqc/multiqc_plots/png/fastqc_sequence_counts_plot-pct.png",
                "multiqc/multiqc_plots/png/fastqc_sequence_duplication_levels_plot.png",
                "multiqc/multiqc_plots/svg",
                "multiqc/multiqc_plots/svg/fastp-seq-content-gc-plot_Read_1_After_filtering.svg",
                "multiqc/multiqc_plots/svg/fastp-seq-content-gc-plot_Read_1_Before_filtering.svg",
                "multiqc/multiqc_plots/svg/fastp-seq-content-gc-plot_Read_2_After_filtering.svg",
                "multiqc/multiqc_plots/svg/fastp-seq-content-gc-plot_Read_2_Before_filtering.svg",
                "multiqc/multiqc_plots/svg/fastp-seq-content-n-plot_Read_1_After_filtering.svg",
                "multiqc/multiqc_plots/svg/fastp-seq-content-n-plot_Read_1_Before_filtering.svg",
                "multiqc/multiqc_plots/svg/fastp-seq-content-n-plot_Read_2_After_filtering.svg",
                "multiqc/multiqc_plots/svg/fastp-seq-content-n-plot_Read_2_Before_filtering.svg",
                "multiqc/multiqc_plots/svg/fastp-seq-quality-plot_Read_1_After_filtering.svg",
                "multiqc/multiqc_plots/svg/fastp-seq-quality-plot_Read_1_Before_filtering.svg",
                "multiqc/multiqc_plots/svg/fastp-seq-quality-plot_Read_2_After_filtering.svg",
                "multiqc/multiqc_plots/svg/fastp-seq-quality-plot_Read_2_Before_filtering.svg",
                "multiqc/multiqc_plots/svg/fastp_filtered_reads_plot-cnt.svg",
                "multiqc/multiqc_plots/svg/fastp_filtered_reads_plot-pct.svg",
                "multiqc/multiqc_plots/svg/fastqc-1-status-check-heatmap.svg",
                "multiqc/multiqc_plots/svg/fastqc-1_per_base_n_content_plot.svg",
                "multiqc/multiqc_plots/svg/fastqc-1_per_base_sequence_quality_plot.svg",
                "multiqc/multiqc_plots/svg/fastqc-1_per_sequence_gc_content_plot_Counts.svg",
                "multiqc/multiqc_plots/svg/fastqc-1_per_sequence_gc_content_plot_Percentages.svg",
                "multiqc/multiqc_plots/svg/fastqc-1_per_sequence_quality_scores_plot.svg",
                "multiqc/multiqc_plots/svg/fastqc-1_sequence_counts_plot-cnt.svg",
                "multiqc/multiqc_plots/svg/fastqc-1_sequence_counts_plot-pct.svg",
                "multiqc/multiqc_plots/svg/fastqc-1_sequence_duplication_levels_plot.svg",
                "multiqc/multiqc_plots/svg/fastqc-2-status-check-heatmap.svg",
                "multiqc/multiqc_plots/svg/fastqc-2_per_base_n_content_plot.svg",
                "multiqc/multiqc_plots/svg/fastqc-2_per_base_sequence_quality_plot.svg",
                "multiqc/multiqc_plots/svg/fastqc-2_per_sequence_gc_content_plot_Counts.svg",
                "multiqc/multiqc_plots/svg/fastqc-2_per_sequence_gc_content_plot_Percentages.svg",
                "multiqc/multiqc_plots/svg/fastqc-2_per_sequence_quality_scores_plot.svg",
                "multiqc/multiqc_plots/svg/fastqc-2_sequence_counts_plot-cnt.svg",
                "multiqc/multiqc_plots/svg/fastqc-2_sequence_counts_plot-pct.svg",
                "multiqc/multiqc_plots/svg/fastqc-2_sequence_duplication_levels_plot.svg",
                "multiqc/multiqc_plots/svg/fastqc-status-check-heatmap.svg",
                "multiqc/multiqc_plots/svg/fastqc_per_base_n_content_plot.svg",
                "multiqc/multiqc_plots/svg/fastqc_per_base_sequence_quality_plot.svg",
                "multiqc/multiqc_plots/svg/fastqc_per_sequence_gc_content_plot_Counts.svg",
                "multiqc/multiqc_plots/svg/fastqc_per_sequence_gc_content_plot_Percentages.svg",
                "multiqc/multiqc_plots/svg/fastqc_per_sequence_quality_scores_plot.svg",
                "multiqc/multiqc_plots/svg/fastqc_sequence_counts_plot-cnt.svg",
                "multiqc/multiqc_plots/svg/fastqc_sequence_counts_plot-pct.svg",
                "multiqc/multiqc_plots/svg/fastqc_sequence_duplication_levels_plot.svg",
                "multiqc/multiqc_report.html",
                "pipeline_info",
                "pipeline_info/nf_core_demultiplex_software_mqc_versions.yml",
                "samplesheet",
                "samplesheet/atacseq_samplesheet.csv",
                "samplesheet/methylseq_samplesheet.csv",
                "samplesheet/rnaseq_samplesheet.csv",
                "samplesheet/sarek_samplesheet.csv",
                "samplesheet/taxprofiler_samplesheet.csv",
                "sim-data",
                "sim-data.csv",
                "sim-data/Undetermined_S25_L001.fastp.html",
                "sim-data/Undetermined_S25_L001.fastp.json",
                "sim-data/Undetermined_S25_L001_1.fastp.fastq.gz",
                "sim-data/Undetermined_S25_L001_1.fastp.fastq.gz.md5",
                "sim-data/Undetermined_S25_L001_1.fastp.fastq.gz_fastqc_data.txt",
                "sim-data/Undetermined_S25_L001_1.fastp.fastq.gz_fastqc_report.html",
                "sim-data/Undetermined_S25_L001_1.fastp.fastq.gz_summary.txt",
                "sim-data/Undetermined_S25_L001_2.fastp.fastq.gz",
                "sim-data/Undetermined_S25_L001_2.fastp.fastq.gz.md5",
                "sim-data/Undetermined_S25_L001_2.fastp.fastq.gz_fastqc_data.txt",
                "sim-data/Undetermined_S25_L001_2.fastp.fastq.gz_fastqc_report.html",
                "sim-data/Undetermined_S25_L001_2.fastp.fastq.gz_summary.txt",
                "sim-data/out_L001.fastp.html",
                "sim-data/out_L001.fastp.json",
                "sim-data/out_L001_1.fastp.fastq.gz",
                "sim-data/out_L001_1.fastp.fastq.gz.md5",
                "sim-data/out_L001_1.fastp.fastq.gz_fastqc_data.txt",
                "sim-data/out_L001_1.fastp.fastq.gz_fastqc_report.html",
                "sim-data/out_L001_1.fastp.fastq.gz_summary.txt",
                "sim-data/out_L001_2.fastp.fastq.gz",
                "sim-data/out_L001_2.fastp.fastq.gz.md5",
                "sim-data/out_L001_2.fastp.fastq.gz_fastqc_data.txt",
                "sim-data/out_L001_2.fastp.fastq.gz_fastqc_report.html",
                "sim-data/out_L001_2.fastp.fastq.gz_summary.txt",
                "sim-data/s10_S10_L001.fastp.html",
                "sim-data/s10_S10_L001.fastp.json",
                "sim-data/s10_S10_L001_1.fastp.fastq.gz",
                "sim-data/s10_S10_L001_1.fastp.fastq.gz.md5",
                "sim-data/s10_S10_L001_1.fastp.fastq.gz_fastqc_data.txt",
                "sim-data/s10_S10_L001_1.fastp.fastq.gz_fastqc_report.html",
                "sim-data/s10_S10_L001_1.fastp.fastq.gz_summary.txt",
                "sim-data/s10_S10_L001_2.fastp.fastq.gz",
                "sim-data/s10_S10_L001_2.fastp.fastq.gz.md5",
                "sim-data/s10_S10_L001_2.fastp.fastq.gz_fastqc_data.txt",
                "sim-data/s10_S10_L001_2.fastp.fastq.gz_fastqc_report.html",
                "sim-data/s10_S10_L001_2.fastp.fastq.gz_summary.txt",
                "sim-data/s11_S11_L001.fastp.html",
                "sim-data/s11_S11_L001.fastp.json",
                "sim-data/s11_S11_L001_1.fastp.fastq.gz",
                "sim-data/s11_S11_L001_1.fastp.fastq.gz.md5",
                "sim-data/s11_S11_L001_1.fastp.fastq.gz_fastqc_data.txt",
                "sim-data/s11_S11_L001_1.fastp.fastq.gz_fastqc_report.html",
                "sim-data/s11_S11_L001_1.fastp.fastq.gz_summary.txt",
                "sim-data/s11_S11_L001_2.fastp.fastq.gz",
                "sim-data/s11_S11_L001_2.fastp.fastq.gz.md5",
                "sim-data/s11_S11_L001_2.fastp.fastq.gz_fastqc_data.txt",
                "sim-data/s11_S11_L001_2.fastp.fastq.gz_fastqc_report.html",
                "sim-data/s11_S11_L001_2.fastp.fastq.gz_summary.txt",
                "sim-data/s12_S12_L001.fastp.html",
                "sim-data/s12_S12_L001.fastp.json",
                "sim-data/s12_S12_L001_1.fastp.fastq.gz",
                "sim-data/s12_S12_L001_1.fastp.fastq.gz.md5",
                "sim-data/s12_S12_L001_1.fastp.fastq.gz_fastqc_data.txt",
                "sim-data/s12_S12_L001_1.fastp.fastq.gz_fastqc_report.html",
                "sim-data/s12_S12_L001_1.fastp.fastq.gz_summary.txt",
                "sim-data/s12_S12_L001_2.fastp.fastq.gz",
                "sim-data/s12_S12_L001_2.fastp.fastq.gz.md5",
                "sim-data/s12_S12_L001_2.fastp.fastq.gz_fastqc_data.txt",
                "sim-data/s12_S12_L001_2.fastp.fastq.gz_fastqc_report.html",
                "sim-data/s12_S12_L001_2.fastp.fastq.gz_summary.txt",
                "sim-data/s13_S13_L001.fastp.html",
                "sim-data/s13_S13_L001.fastp.json",
                "sim-data/s13_S13_L001_1.fastp.fastq.gz",
                "sim-data/s13_S13_L001_1.fastp.fastq.gz.md5",
                "sim-data/s13_S13_L001_1.fastp.fastq.gz_fastqc_data.txt",
                "sim-data/s13_S13_L001_1.fastp.fastq.gz_fastqc_report.html",
                "sim-data/s13_S13_L001_1.fastp.fastq.gz_summary.txt",
                "sim-data/s13_S13_L001_2.fastp.fastq.gz",
                "sim-data/s13_S13_L001_2.fastp.fastq.gz.md5",
                "sim-data/s13_S13_L001_2.fastp.fastq.gz_fastqc_data.txt",
                "sim-data/s13_S13_L001_2.fastp.fastq.gz_fastqc_report.html",
                "sim-data/s13_S13_L001_2.fastp.fastq.gz_summary.txt",
                "sim-data/s14_S14_L001.fastp.html",
                "sim-data/s14_S14_L001.fastp.json",
                "sim-data/s14_S14_L001_1.fastp.fastq.gz",
                "sim-data/s14_S14_L001_1.fastp.fastq.gz.md5",
                "sim-data/s14_S14_L001_1.fastp.fastq.gz_fastqc_data.txt",
                "sim-data/s14_S14_L001_1.fastp.fastq.gz_fastqc_report.html",
                "sim-data/s14_S14_L001_1.fastp.fastq.gz_summary.txt",
                "sim-data/s14_S14_L001_2.fastp.fastq.gz",
                "sim-data/s14_S14_L001_2.fastp.fastq.gz.md5",
                "sim-data/s14_S14_L001_2.fastp.fastq.gz_fastqc_data.txt",
                "sim-data/s14_S14_L001_2.fastp.fastq.gz_fastqc_report.html",
                "sim-data/s14_S14_L001_2.fastp.fastq.gz_summary.txt",
                "sim-data/s15_S15_L001.fastp.html",
                "sim-data/s15_S15_L001.fastp.json",
                "sim-data/s15_S15_L001_1.fastp.fastq.gz",
                "sim-data/s15_S15_L001_1.fastp.fastq.gz.md5",
                "sim-data/s15_S15_L001_1.fastp.fastq.gz_fastqc_data.txt",
                "sim-data/s15_S15_L001_1.fastp.fastq.gz_fastqc_report.html",
                "sim-data/s15_S15_L001_1.fastp.fastq.gz_summary.txt",
                "sim-data/s15_S15_L001_2.fastp.fastq.gz",
                "sim-data/s15_S15_L001_2.fastp.fastq.gz.md5",
                "sim-data/s15_S15_L001_2.fastp.fastq.gz_fastqc_data.txt",
                "sim-data/s15_S15_L001_2.fastp.fastq.gz_fastqc_report.html",
                "sim-data/s15_S15_L001_2.fastp.fastq.gz_summary.txt",
                "sim-data/s16_S16_L001.fastp.html",
                "sim-data/s16_S16_L001.fastp.json",
                "sim-data/s16_S16_L001_1.fastp.fastq.gz",
                "sim-data/s16_S16_L001_1.fastp.fastq.gz.md5",
                "sim-data/s16_S16_L001_1.fastp.fastq.gz_fastqc_data.txt",
                "sim-data/s16_S16_L001_1.fastp.fastq.gz_fastqc_report.html",
                "sim-data/s16_S16_L001_1.fastp.fastq.gz_summary.txt",
                "sim-data/s16_S16_L001_2.fastp.fastq.gz",
                "sim-data/s16_S16_L001_2.fastp.fastq.gz.md5",
                "sim-data/s16_S16_L001_2.fastp.fastq.gz_fastqc_data.txt",
                "sim-data/s16_S16_L001_2.fastp.fastq.gz_fastqc_report.html",
                "sim-data/s16_S16_L001_2.fastp.fastq.gz_summary.txt",
                "sim-data/s17_S17_L001.fastp.html",
                "sim-data/s17_S17_L001.fastp.json",
                "sim-data/s17_S17_L001_1.fastp.fastq.gz",
                "sim-data/s17_S17_L001_1.fastp.fastq.gz.md5",
                "sim-data/s17_S17_L001_1.fastp.fastq.gz_fastqc_data.txt",
                "sim-data/s17_S17_L001_1.fastp.fastq.gz_fastqc_report.html",
                "sim-data/s17_S17_L001_1.fastp.fastq.gz_summary.txt",
                "sim-data/s17_S17_L001_2.fastp.fastq.gz",
                "sim-data/s17_S17_L001_2.fastp.fastq.gz.md5",
                "sim-data/s17_S17_L001_2.fastp.fastq.gz_fastqc_data.txt",
                "sim-data/s17_S17_L001_2.fastp.fastq.gz_fastqc_report.html",
                "sim-data/s17_S17_L001_2.fastp.fastq.gz_summary.txt",
                "sim-data/s18_S18_L001.fastp.html",
                "sim-data/s18_S18_L001.fastp.json",
                "sim-data/s18_S18_L001_1.fastp.fastq.gz",
                "sim-data/s18_S18_L001_1.fastp.fastq.gz.md5",
                "sim-data/s18_S18_L001_1.fastp.fastq.gz_fastqc_data.txt",
                "sim-data/s18_S18_L001_1.fastp.fastq.gz_fastqc_report.html",
                "sim-data/s18_S18_L001_1.fastp.fastq.gz_summary.txt",
                "sim-data/s18_S18_L001_2.fastp.fastq.gz",
                "sim-data/s18_S18_L001_2.fastp.fastq.gz.md5",
                "sim-data/s18_S18_L001_2.fastp.fastq.gz_fastqc_data.txt",
                "sim-data/s18_S18_L001_2.fastp.fastq.gz_fastqc_report.html",
                "sim-data/s18_S18_L001_2.fastp.fastq.gz_summary.txt",
                "sim-data/s19_S19_L001.fastp.html",
                "sim-data/s19_S19_L001.fastp.json",
                "sim-data/s19_S19_L001_1.fastp.fastq.gz",
                "sim-data/s19_S19_L001_1.fastp.fastq.gz.md5",
                "sim-data/s19_S19_L001_1.fastp.fastq.gz_fastqc_data.txt",
                "sim-data/s19_S19_L001_1.fastp.fastq.gz_fastqc_report.html",
                "sim-data/s19_S19_L001_1.fastp.fastq.gz_summary.txt",
                "sim-data/s19_S19_L001_2.fastp.fastq.gz",
                "sim-data/s19_S19_L001_2.fastp.fastq.gz.md5",
                "sim-data/s19_S19_L001_2.fastp.fastq.gz_fastqc_data.txt",
                "sim-data/s19_S19_L001_2.fastp.fastq.gz_fastqc_report.html",
                "sim-data/s19_S19_L001_2.fastp.fastq.gz_summary.txt",
                "sim-data/s1_S1_L001.fastp.html",
                "sim-data/s1_S1_L001.fastp.json",
                "sim-data/s1_S1_L001_1.fastp.fastq.gz",
                "sim-data/s1_S1_L001_1.fastp.fastq.gz.md5",
                "sim-data/s1_S1_L001_1.fastp.fastq.gz_fastqc_data.txt",
                "sim-data/s1_S1_L001_1.fastp.fastq.gz_fastqc_report.html",
                "sim-data/s1_S1_L001_1.fastp.fastq.gz_summary.txt",
                "sim-data/s1_S1_L001_2.fastp.fastq.gz",
                "sim-data/s1_S1_L001_2.fastp.fastq.gz.md5",
                "sim-data/s1_S1_L001_2.fastp.fastq.gz_fastqc_data.txt",
                "sim-data/s1_S1_L001_2.fastp.fastq.gz_fastqc_report.html",
                "sim-data/s1_S1_L001_2.fastp.fastq.gz_summary.txt",
                "sim-data/s20_S20_L001.fastp.html",
                "sim-data/s20_S20_L001.fastp.json",
                "sim-data/s20_S20_L001_1.fastp.fastq.gz",
                "sim-data/s20_S20_L001_1.fastp.fastq.gz.md5",
                "sim-data/s20_S20_L001_1.fastp.fastq.gz_fastqc_data.txt",
                "sim-data/s20_S20_L001_1.fastp.fastq.gz_fastqc_report.html",
                "sim-data/s20_S20_L001_1.fastp.fastq.gz_summary.txt",
                "sim-data/s20_S20_L001_2.fastp.fastq.gz",
                "sim-data/s20_S20_L001_2.fastp.fastq.gz.md5",
                "sim-data/s20_S20_L001_2.fastp.fastq.gz_fastqc_data.txt",
                "sim-data/s20_S20_L001_2.fastp.fastq.gz_fastqc_report.html",
                "sim-data/s20_S20_L001_2.fastp.fastq.gz_summary.txt",
                "sim-data/s21_S21_L001.fastp.html",
                "sim-data/s21_S21_L001.fastp.json",
                "sim-data/s21_S21_L001_1.fastp.fastq.gz",
                "sim-data/s21_S21_L001_1.fastp.fastq.gz.md5",
                "sim-data/s21_S21_L001_1.fastp.fastq.gz_fastqc_data.txt",
                "sim-data/s21_S21_L001_1.fastp.fastq.gz_fastqc_report.html",
                "sim-data/s21_S21_L001_1.fastp.fastq.gz_summary.txt",
                "sim-data/s21_S21_L001_2.fastp.fastq.gz",
                "sim-data/s21_S21_L001_2.fastp.fastq.gz.md5",
                "sim-data/s21_S21_L001_2.fastp.fastq.gz_fastqc_data.txt",
                "sim-data/s21_S21_L001_2.fastp.fastq.gz_fastqc_report.html",
                "sim-data/s21_S21_L001_2.fastp.fastq.gz_summary.txt",
                "sim-data/s22_S22_L001.fastp.html",
                "sim-data/s22_S22_L001.fastp.json",
                "sim-data/s22_S22_L001_1.fastp.fastq.gz",
                "sim-data/s22_S22_L001_1.fastp.fastq.gz.md5",
                "sim-data/s22_S22_L001_1.fastp.fastq.gz_fastqc_data.txt",
                "sim-data/s22_S22_L001_1.fastp.fastq.gz_fastqc_report.html",
                "sim-data/s22_S22_L001_1.fastp.fastq.gz_summary.txt",
                "sim-data/s22_S22_L001_2.fastp.fastq.gz",
                "sim-data/s22_S22_L001_2.fastp.fastq.gz.md5",
                "sim-data/s22_S22_L001_2.fastp.fastq.gz_fastqc_data.txt",
                "sim-data/s22_S22_L001_2.fastp.fastq.gz_fastqc_report.html",
                "sim-data/s22_S22_L001_2.fastp.fastq.gz_summary.txt",
                "sim-data/s23_S23_L001.fastp.html",
                "sim-data/s23_S23_L001.fastp.json",
                "sim-data/s23_S23_L001_1.fastp.fastq.gz",
                "sim-data/s23_S23_L001_1.fastp.fastq.gz.md5",
                "sim-data/s23_S23_L001_1.fastp.fastq.gz_fastqc_data.txt",
                "sim-data/s23_S23_L001_1.fastp.fastq.gz_fastqc_report.html",
                "sim-data/s23_S23_L001_1.fastp.fastq.gz_summary.txt",
                "sim-data/s23_S23_L001_2.fastp.fastq.gz",
                "sim-data/s23_S23_L001_2.fastp.fastq.gz.md5",
                "sim-data/s23_S23_L001_2.fastp.fastq.gz_fastqc_data.txt",
                "sim-data/s23_S23_L001_2.fastp.fastq.gz_fastqc_report.html",
                "sim-data/s23_S23_L001_2.fastp.fastq.gz_summary.txt",
                "sim-data/s24_S24_L001.fastp.html",
                "sim-data/s24_S24_L001.fastp.json",
                "sim-data/s24_S24_L001_1.fastp.fastq.gz",
                "sim-data/s24_S24_L001_1.fastp.fastq.gz.md5",
                "sim-data/s24_S24_L001_1.fastp.fastq.gz_fastqc_data.txt",
                "sim-data/s24_S24_L001_1.fastp.fastq.gz_fastqc_report.html",
                "sim-data/s24_S24_L001_1.fastp.fastq.gz_summary.txt",
                "sim-data/s24_S24_L001_2.fastp.fastq.gz",
                "sim-data/s24_S24_L001_2.fastp.fastq.gz.md5",
                "sim-data/s24_S24_L001_2.fastp.fastq.gz_fastqc_data.txt",
                "sim-data/s24_S24_L001_2.fastp.fastq.gz_fastqc_report.html",
                "sim-data/s24_S24_L001_2.fastp.fastq.gz_summary.txt",
                "sim-data/s2_S2_L001.fastp.html",
                "sim-data/s2_S2_L001.fastp.json",
                "sim-data/s2_S2_L001_1.fastp.fastq.gz",
                "sim-data/s2_S2_L001_1.fastp.fastq.gz.md5",
                "sim-data/s2_S2_L001_1.fastp.fastq.gz_fastqc_data.txt",
                "sim-data/s2_S2_L001_1.fastp.fastq.gz_fastqc_report.html",
                "sim-data/s2_S2_L001_1.fastp.fastq.gz_summary.txt",
                "sim-data/s2_S2_L001_2.fastp.fastq.gz",
                "sim-data/s2_S2_L001_2.fastp.fastq.gz.md5",
                "sim-data/s2_S2_L001_2.fastp.fastq.gz_fastqc_data.txt",
                "sim-data/s2_S2_L001_2.fastp.fastq.gz_fastqc_report.html",
                "sim-data/s2_S2_L001_2.fastp.fastq.gz_summary.txt",
                "sim-data/s3_S3_L001.fastp.html",
                "sim-data/s3_S3_L001.fastp.json",
                "sim-data/s3_S3_L001_1.fastp.fastq.gz",
                "sim-data/s3_S3_L001_1.fastp.fastq.gz.md5",
                "sim-data/s3_S3_L001_1.fastp.fastq.gz_fastqc_data.txt",
                "sim-data/s3_S3_L001_1.fastp.fastq.gz_fastqc_report.html",
                "sim-data/s3_S3_L001_1.fastp.fastq.gz_summary.txt",
                "sim-data/s3_S3_L001_2.fastp.fastq.gz",
                "sim-data/s3_S3_L001_2.fastp.fastq.gz.md5",
                "sim-data/s3_S3_L001_2.fastp.fastq.gz_fastqc_data.txt",
                "sim-data/s3_S3_L001_2.fastp.fastq.gz_fastqc_report.html",
                "sim-data/s3_S3_L001_2.fastp.fastq.gz_summary.txt",
                "sim-data/s4_S4_L001.fastp.html",
                "sim-data/s4_S4_L001.fastp.json",
                "sim-data/s4_S4_L001_1.fastp.fastq.gz",
                "sim-data/s4_S4_L001_1.fastp.fastq.gz.md5",
                "sim-data/s4_S4_L001_1.fastp.fastq.gz_fastqc_data.txt",
                "sim-data/s4_S4_L001_1.fastp.fastq.gz_fastqc_report.html",
                "sim-data/s4_S4_L001_1.fastp.fastq.gz_summary.txt",
                "sim-data/s4_S4_L001_2.fastp.fastq.gz",
                "sim-data/s4_S4_L001_2.fastp.fastq.gz.md5",
                "sim-data/s4_S4_L001_2.fastp.fastq.gz_fastqc_data.txt",
                "sim-data/s4_S4_L001_2.fastp.fastq.gz_fastqc_report.html",
                "sim-data/s4_S4_L001_2.fastp.fastq.gz_summary.txt",
                "sim-data/s5_S5_L001.fastp.html",
                "sim-data/s5_S5_L001.fastp.json",
                "sim-data/s5_S5_L001_1.fastp.fastq.gz",
                "sim-data/s5_S5_L001_1.fastp.fastq.gz.md5",
                "sim-data/s5_S5_L001_1.fastp.fastq.gz_fastqc_data.txt",
                "sim-data/s5_S5_L001_1.fastp.fastq.gz_fastqc_report.html",
                "sim-data/s5_S5_L001_1.fastp.fastq.gz_summary.txt",
                "sim-data/s5_S5_L001_2.fastp.fastq.gz",
                "sim-data/s5_S5_L001_2.fastp.fastq.gz.md5",
                "sim-data/s5_S5_L001_2.fastp.fastq.gz_fastqc_data.txt",
                "sim-data/s5_S5_L001_2.fastp.fastq.gz_fastqc_report.html",
                "sim-data/s5_S5_L001_2.fastp.fastq.gz_summary.txt",
                "sim-data/s6_S6_L001.fastp.html",
                "sim-data/s6_S6_L001.fastp.json",
                "sim-data/s6_S6_L001_1.fastp.fastq.gz",
                "sim-data/s6_S6_L001_1.fastp.fastq.gz.md5",
                "sim-data/s6_S6_L001_1.fastp.fastq.gz_fastqc_data.txt",
                "sim-data/s6_S6_L001_1.fastp.fastq.gz_fastqc_report.html",
                "sim-data/s6_S6_L001_1.fastp.fastq.gz_summary.txt",
                "sim-data/s6_S6_L001_2.fastp.fastq.gz",
                "sim-data/s6_S6_L001_2.fastp.fastq.gz.md5",
                "sim-data/s6_S6_L001_2.fastp.fastq.gz_fastqc_data.txt",
                "sim-data/s6_S6_L001_2.fastp.fastq.gz_fastqc_report.html",
                "sim-data/s6_S6_L001_2.fastp.fastq.gz_summary.txt",
                "sim-data/s7_S7_L001.fastp.html",
                "sim-data/s7_S7_L001.fastp.json",
                "sim-data/s7_S7_L001_1.fastp.fastq.gz",
                "sim-data/s7_S7_L001_1.fastp.fastq.gz.md5",
                "sim-data/s7_S7_L001_1.fastp.fastq.gz_fastqc_data.txt",
                "sim-data/s7_S7_L001_1.fastp.fastq.gz_fastqc_report.html",
                "sim-data/s7_S7_L001_1.fastp.fastq.gz_summary.txt",
                "sim-data/s7_S7_L001_2.fastp.fastq.gz",
                "sim-data/s7_S7_L001_2.fastp.fastq.gz.md5",
                "sim-data/s7_S7_L001_2.fastp.fastq.gz_fastqc_data.txt",
                "sim-data/s7_S7_L001_2.fastp.fastq.gz_fastqc_report.html",
                "sim-data/s7_S7_L001_2.fastp.fastq.gz_summary.txt",
                "sim-data/s8_S8_L001.fastp.html",
                "sim-data/s8_S8_L001.fastp.json",
                "sim-data/s8_S8_L001_1.fastp.fastq.gz",
                "sim-data/s8_S8_L001_1.fastp.fastq.gz.md5",
                "sim-data/s8_S8_L001_1.fastp.fastq.gz_fastqc_data.txt",
                "sim-data/s8_S8_L001_1.fastp.fastq.gz_fastqc_report.html",
                "sim-data/s8_S8_L001_1.fastp.fastq.gz_summary.txt",
                "sim-data/s8_S8_L001_2.fastp.fastq.gz",
                "sim-data/s8_S8_L001_2.fastp.fastq.gz.md5",
                "sim-data/s8_S8_L001_2.fastp.fastq.gz_fastqc_data.txt",
                "sim-data/s8_S8_L001_2.fastp.fastq.gz_fastqc_report.html",
                "sim-data/s8_S8_L001_2.fastp.fastq.gz_summary.txt",
                "sim-data/s9_S9_L001.fastp.html",
                "sim-data/s9_S9_L001.fastp.json",
                "sim-data/s9_S9_L001_1.fastp.fastq.gz",
                "sim-data/s9_S9_L001_1.fastp.fastq.gz.md5",
                "sim-data/s9_S9_L001_1.fastp.fastq.gz_fastqc_data.txt",
                "sim-data/s9_S9_L001_1.fastp.fastq.gz_fastqc_report.html",
                "sim-data/s9_S9_L001_1.fastp.fastq.gz_summary.txt",
                "sim-data/s9_S9_L001_2.fastp.fastq.gz",
                "sim-data/s9_S9_L001_2.fastp.fastq.gz.md5",
                "sim-data/s9_S9_L001_2.fastp.fastq.gz_fastqc_data.txt",
                "sim-data/s9_S9_L001_2.fastp.fastq.gz_fastqc_report.html",
                "sim-data/s9_S9_L001_2.fastp.fastq.gz_summary.txt"
            ],
            [
                "fastp-seq-content-gc-plot_Read_1_After_filtering.txt:md5,f611c2c31ef1232031747976b974279e",
                "fastp-seq-content-gc-plot_Read_1_Before_filtering.txt:md5,f611c2c31ef1232031747976b974279e",
                "fastp-seq-content-gc-plot_Read_2_After_filtering.txt:md5,adb9612f471f419e7d4ab36b1362c3f0",
                "fastp-seq-content-gc-plot_Read_2_Before_filtering.txt:md5,adb9612f471f419e7d4ab36b1362c3f0",
                "fastp-seq-content-n-plot_Read_1_After_filtering.txt:md5,943a3f4525c31276a82e0b5e63424901",
                "fastp-seq-content-n-plot_Read_1_Before_filtering.txt:md5,943a3f4525c31276a82e0b5e63424901",
                "fastp-seq-content-n-plot_Read_2_After_filtering.txt:md5,943a3f4525c31276a82e0b5e63424901",
                "fastp-seq-content-n-plot_Read_2_Before_filtering.txt:md5,943a3f4525c31276a82e0b5e63424901",
                "fastp-seq-quality-plot_Read_1_After_filtering.txt:md5,63ee134b113f533a1f690ba92141c2c9",
                "fastp-seq-quality-plot_Read_1_Before_filtering.txt:md5,63ee134b113f533a1f690ba92141c2c9",
                "fastp-seq-quality-plot_Read_2_After_filtering.txt:md5,63ee134b113f533a1f690ba92141c2c9",
                "fastp-seq-quality-plot_Read_2_Before_filtering.txt:md5,63ee134b113f533a1f690ba92141c2c9",
                "fastp_filtered_reads_plot.txt:md5,0f9da8397a043f7ba3aa8305e19bb583",
                "fastqc-1_per_base_n_content_plot.txt:md5,c0d889e3447bb580a91c26d58367ea3d",
                "fastqc-1_per_base_sequence_quality_plot.txt:md5,fc98fee907d0942dc1e0a2c046e697fc",
                "fastqc-1_per_sequence_gc_content_plot_Counts.txt:md5,d76e3dbdcdcbb0c5dc60912c275be5e1",
                "fastqc-1_per_sequence_gc_content_plot_Percentages.txt:md5,727231c2c86c657e506296c2fda2025d",
                "fastqc-1_per_sequence_quality_scores_plot.txt:md5,89cb687875c238d4920f01401635edd4",
                "fastqc-1_sequence_counts_plot.txt:md5,572d9cf2018cdf7b888539ee3ae68f23",
                "fastqc-1_sequence_duplication_levels_plot.txt:md5,3c42607c5bda6eb3d39f45982f1c8e53",
                "fastqc-2_per_base_n_content_plot.txt:md5,dee7d9c094c60dc3a67c4da1954303f2",
                "fastqc-2_per_base_sequence_quality_plot.txt:md5,5d63f6647b7589d04bf2f2f9db88f584",
                "fastqc-2_per_sequence_gc_content_plot_Counts.txt:md5,ae1a7e984622d704f03cb658d5f160f5",
                "fastqc-2_per_sequence_gc_content_plot_Percentages.txt:md5,7ade5018e5188777fddc82e35b06ef3f",
                "fastqc-2_per_sequence_quality_scores_plot.txt:md5,5d1d91faa379b3551b27a9b5c39ce5b0",
                "fastqc-2_sequence_counts_plot.txt:md5,41aaa475ba7617bf7b3739e8cf2f2642",
                "fastqc-2_sequence_duplication_levels_plot.txt:md5,a524a5e16ed509a3615ea05aa6d36bd0",
                "fastqc_per_base_n_content_plot.txt:md5,7ff8b415ac7fa10724caaa45c4daff6b",
                "fastqc_per_base_sequence_quality_plot.txt:md5,52dff24383e7e929b172ab84f8759470",
                "fastqc_per_sequence_gc_content_plot_Counts.txt:md5,4b9b28734df6bfbd8fffa2c2654dc3e4",
                "fastqc_per_sequence_gc_content_plot_Percentages.txt:md5,400d6cd03c9e676c9f7a2b5501e891b7",
                "fastqc_per_sequence_quality_scores_plot.txt:md5,ccc4fd151f23d6e851aca78439e3df3a",
                "fastqc_sequence_counts_plot.txt:md5,762396a28e7314979497b088231e3fce",
                "fastqc_sequence_duplication_levels_plot.txt:md5,f97297f503fc6ea69761aafdda82f513",
                "multiqc_citations.txt:md5,d35df50e9903a96a2b3bce3c1fbc8ad2",
                "sim-data.csv:md5,a5ea0ad63c5df73b5fc2436dd8d9dbfe",
                "Undetermined_S25_L001.fastp.json:md5,065b8ad341742b93c022259394ab4cbd",
                "out_L001.fastp.json:md5,3efb43fff3a0fe6831d078ba1915cdd2",
                "s10_S10_L001.fastp.json:md5,fc3ef28c48154981a7d904e600532bbf",
                "s11_S11_L001.fastp.json:md5,8a4de2fab05540dad5ab975734d6dd94",
                "s12_S12_L001.fastp.json:md5,bf284ba33e43151b50cbe450e4d7c7e3",
                "s13_S13_L001.fastp.json:md5,440ffe1ff4ed4c5da059a946e7881d2d",
                "s14_S14_L001.fastp.json:md5,8451222bf77da8ac5ca58777cd9d5101",
                "s15_S15_L001.fastp.json:md5,79ea9ad4edae29242b8e3f408609df95",
                "s16_S16_L001.fastp.json:md5,6ce3a417f274ce322c8c51c6505894c3",
                "s17_S17_L001.fastp.json:md5,8b9c19012a07a7149ebb92b97d28aa9c",
                "s18_S18_L001.fastp.json:md5,9e49e271ff9b11a7e8d2ecf01a68e30a",
                "s19_S19_L001.fastp.json:md5,74a85c0df2721689bb08342932e4df08",
                "s1_S1_L001.fastp.json:md5,3b6dfbc7b805f780c964be8b0efeabef",
                "s20_S20_L001.fastp.json:md5,9008687f5c7c6bf1c9fa4157e72b5654",
                "s21_S21_L001.fastp.json:md5,edcd3d44529f890db81c32a65199caa6",
                "s22_S22_L001.fastp.json:md5,b7d7545abba78ef11a6c8c8dcb4c4491",
                "s23_S23_L001.fastp.json:md5,dfa8c994db5a0376fbcf6f9dd52ad04f",
                "s24_S24_L001.fastp.json:md5,5e122ffaf63b369d4e8fb3384a9769a5",
                "s2_S2_L001.fastp.json:md5,a9df368f4aae7681b42440d3bcc1732f",
                "s3_S3_L001.fastp.json:md5,9642c58d866791a4723dfa476d6347ca",
                "s4_S4_L001.fastp.json:md5,ba4ad75952d1e2b56acd0b8a7af38677",
                "s5_S5_L001.fastp.json:md5,5006781a13012e68974d2d30e3e4875d",
                "s6_S6_L001.fastp.json:md5,dbad3860f4db080326abd3740ca0702b",
                "s7_S7_L001.fastp.json:md5,9ab79dc7d38a64cd9cf49627aeb8199d",
                "s8_S8_L001.fastp.json:md5,cf536bd0cd461e1d7b473248db8e44d5",
                "s9_S9_L001.fastp.json:md5,af41a9492a9c9daebf8966513589fdd6"
            ],
            [
                [
                    "atacseq_samplesheet.csv",
                    true
                ],
                [
                    "methylseq_samplesheet.csv",
                    true
                ],
                [
                    "rnaseq_samplesheet.csv",
                    true
                ],
                [
                    "sarek_samplesheet.csv",
                    true
                ],
                [
                    "taxprofiler_samplesheet.csv",
                    true
                ]
            ]
        ],
        "meta": {
            "nf-test": "0.9.2",
            "nextflow": "25.04.6"
        },
        "timestamp": "2025-07-16T13:08:45.477173824"
    }
}