{
    "sarek_samplesheet": {
        "content": [
            true
        ],
        "meta": {
            "nf-test": "0.9.2",
            "nextflow": "24.04.4"
        },
        "timestamp": "2025-01-29T12:50:47.705643887"
    },
    "rnaseq_samplesheet": {
        "content": [
            true
        ],
        "meta": {
            "nf-test": "0.9.0",
            "nextflow": "24.04.4"
        },
        "timestamp": "2024-10-30T15:42:08.871060618"
    },
    "methylseq_samplesheet": {
        "content": [
            true
        ],
        "meta": {
            "nf-test": "0.9.2",
            "nextflow": "24.04.4"
        },
        "timestamp": "2025-01-29T12:50:47.788568766"
    },
    "SGDEMUX": {
        "content": [
            108,
            {
                "FALCO": {
                    "falco": "1.2.1"
                },
                "FASTP": {
                    "fastp": "0.23.4"
                },
                "MD5SUM": {
                    "md5sum": 8.3
                },
                "SGDEMUX": {
                    "sgdemux": "1.1.1"
                },
                "UNTAR_FLOWCELL": {
                    "untar": 1.34
                },
                "Workflow": {
                    "nf-core/demultiplex": "v1.6.1"
                }
            },
            [
                "multiqc",
                "multiqc/multiqc_data",
                "multiqc/multiqc_data/fastp-seq-content-gc-plot_Read_1_After_filtering.txt",
                "multiqc/multiqc_data/fastp-seq-content-gc-plot_Read_1_Before_filtering.txt",
                "multiqc/multiqc_data/fastp-seq-content-gc-plot_Read_2_After_filtering.txt",
                "multiqc/multiqc_data/fastp-seq-content-gc-plot_Read_2_Before_filtering.txt",
                "multiqc/multiqc_data/fastp-seq-content-n-plot_Read_1_After_filtering.txt",
                "multiqc/multiqc_data/fastp-seq-content-n-plot_Read_1_Before_filtering.txt",
                "multiqc/multiqc_data/fastp-seq-content-n-plot_Read_2_After_filtering.txt",
                "multiqc/multiqc_data/fastp-seq-content-n-plot_Read_2_Before_filtering.txt",
                "multiqc/multiqc_data/fastp-seq-quality-plot_Read_1_After_filtering.txt",
                "multiqc/multiqc_data/fastp-seq-quality-plot_Read_1_Before_filtering.txt",
                "multiqc/multiqc_data/fastp-seq-quality-plot_Read_2_After_filtering.txt",
                "multiqc/multiqc_data/fastp-seq-quality-plot_Read_2_Before_filtering.txt",
                "multiqc/multiqc_data/fastp_filtered_reads_plot.txt",
                "multiqc/multiqc_data/fastqc-1-status-check-heatmap.txt",
                "multiqc/multiqc_data/fastqc-1_per_base_n_content_plot.txt",
                "multiqc/multiqc_data/fastqc-1_per_base_sequence_quality_plot.txt",
                "multiqc/multiqc_data/fastqc-1_per_sequence_gc_content_plot_Counts.txt",
                "multiqc/multiqc_data/fastqc-1_per_sequence_gc_content_plot_Percentages.txt",
                "multiqc/multiqc_data/fastqc-1_per_sequence_quality_scores_plot.txt",
                "multiqc/multiqc_data/fastqc-1_sequence_counts_plot.txt",
                "multiqc/multiqc_data/fastqc-1_sequence_duplication_levels_plot.txt",
                "multiqc/multiqc_data/fastqc-1_top_overrepresented_sequences_table.txt",
                "multiqc/multiqc_data/fastqc-2-status-check-heatmap.txt",
                "multiqc/multiqc_data/fastqc-2_per_base_n_content_plot.txt",
                "multiqc/multiqc_data/fastqc-2_per_base_sequence_quality_plot.txt",
                "multiqc/multiqc_data/fastqc-2_per_sequence_gc_content_plot_Counts.txt",
                "multiqc/multiqc_data/fastqc-2_per_sequence_gc_content_plot_Percentages.txt",
                "multiqc/multiqc_data/fastqc-2_per_sequence_quality_scores_plot.txt",
                "multiqc/multiqc_data/fastqc-2_sequence_counts_plot.txt",
                "multiqc/multiqc_data/fastqc-2_sequence_duplication_levels_plot.txt",
                "multiqc/multiqc_data/fastqc-2_top_overrepresented_sequences_table.txt",
                "multiqc/multiqc_data/multiqc.log",
                "multiqc/multiqc_data/multiqc_citations.txt",
                "multiqc/multiqc_data/multiqc_data.json",
                "multiqc/multiqc_data/multiqc_fastp.txt",
                "multiqc/multiqc_data/multiqc_fastqc.txt",
                "multiqc/multiqc_data/multiqc_fastqc_1.txt",
                "multiqc/multiqc_data/multiqc_general_stats.txt",
                "multiqc/multiqc_data/multiqc_software_versions.txt",
                "multiqc/multiqc_data/multiqc_sources.txt",
                "multiqc/multiqc_plots",
                "multiqc/multiqc_plots/pdf",
                "multiqc/multiqc_plots/pdf/fastp-seq-content-gc-plot_Read_1_After_filtering.pdf",
                "multiqc/multiqc_plots/pdf/fastp-seq-content-gc-plot_Read_1_Before_filtering.pdf",
                "multiqc/multiqc_plots/pdf/fastp-seq-content-gc-plot_Read_2_After_filtering.pdf",
                "multiqc/multiqc_plots/pdf/fastp-seq-content-gc-plot_Read_2_Before_filtering.pdf",
                "multiqc/multiqc_plots/pdf/fastp-seq-content-n-plot_Read_1_After_filtering.pdf",
                "multiqc/multiqc_plots/pdf/fastp-seq-content-n-plot_Read_1_Before_filtering.pdf",
                "multiqc/multiqc_plots/pdf/fastp-seq-content-n-plot_Read_2_After_filtering.pdf",
                "multiqc/multiqc_plots/pdf/fastp-seq-content-n-plot_Read_2_Before_filtering.pdf",
                "multiqc/multiqc_plots/pdf/fastp-seq-quality-plot_Read_1_After_filtering.pdf",
                "multiqc/multiqc_plots/pdf/fastp-seq-quality-plot_Read_1_Before_filtering.pdf",
                "multiqc/multiqc_plots/pdf/fastp-seq-quality-plot_Read_2_After_filtering.pdf",
                "multiqc/multiqc_plots/pdf/fastp-seq-quality-plot_Read_2_Before_filtering.pdf",
                "multiqc/multiqc_plots/pdf/fastp_filtered_reads_plot-cnt.pdf",
                "multiqc/multiqc_plots/pdf/fastp_filtered_reads_plot-pct.pdf",
                "multiqc/multiqc_plots/pdf/fastqc-1-status-check-heatmap.pdf",
                "multiqc/multiqc_plots/pdf/fastqc-1_per_base_n_content_plot.pdf",
                "multiqc/multiqc_plots/pdf/fastqc-1_per_base_sequence_quality_plot.pdf",
                "multiqc/multiqc_plots/pdf/fastqc-1_per_sequence_gc_content_plot_Counts.pdf",
                "multiqc/multiqc_plots/pdf/fastqc-1_per_sequence_gc_content_plot_Percentages.pdf",
                "multiqc/multiqc_plots/pdf/fastqc-1_per_sequence_quality_scores_plot.pdf",
                "multiqc/multiqc_plots/pdf/fastqc-1_sequence_counts_plot-cnt.pdf",
                "multiqc/multiqc_plots/pdf/fastqc-1_sequence_counts_plot-pct.pdf",
                "multiqc/multiqc_plots/pdf/fastqc-1_sequence_duplication_levels_plot.pdf",
                "multiqc/multiqc_plots/pdf/fastqc-1_top_overrepresented_sequences_table.pdf",
                "multiqc/multiqc_plots/pdf/fastqc-2-status-check-heatmap.pdf",
                "multiqc/multiqc_plots/pdf/fastqc-2_per_base_n_content_plot.pdf",
                "multiqc/multiqc_plots/pdf/fastqc-2_per_base_sequence_quality_plot.pdf",
                "multiqc/multiqc_plots/pdf/fastqc-2_per_sequence_gc_content_plot_Counts.pdf",
                "multiqc/multiqc_plots/pdf/fastqc-2_per_sequence_gc_content_plot_Percentages.pdf",
                "multiqc/multiqc_plots/pdf/fastqc-2_per_sequence_quality_scores_plot.pdf",
                "multiqc/multiqc_plots/pdf/fastqc-2_sequence_counts_plot-cnt.pdf",
                "multiqc/multiqc_plots/pdf/fastqc-2_sequence_counts_plot-pct.pdf",
                "multiqc/multiqc_plots/pdf/fastqc-2_sequence_duplication_levels_plot.pdf",
                "multiqc/multiqc_plots/pdf/fastqc-2_top_overrepresented_sequences_table.pdf",
                "multiqc/multiqc_plots/pdf/general_stats_table.pdf",
                "multiqc/multiqc_plots/png",
                "multiqc/multiqc_plots/png/fastp-seq-content-gc-plot_Read_1_After_filtering.png",
                "multiqc/multiqc_plots/png/fastp-seq-content-gc-plot_Read_1_Before_filtering.png",
                "multiqc/multiqc_plots/png/fastp-seq-content-gc-plot_Read_2_After_filtering.png",
                "multiqc/multiqc_plots/png/fastp-seq-content-gc-plot_Read_2_Before_filtering.png",
                "multiqc/multiqc_plots/png/fastp-seq-content-n-plot_Read_1_After_filtering.png",
                "multiqc/multiqc_plots/png/fastp-seq-content-n-plot_Read_1_Before_filtering.png",
                "multiqc/multiqc_plots/png/fastp-seq-content-n-plot_Read_2_After_filtering.png",
                "multiqc/multiqc_plots/png/fastp-seq-content-n-plot_Read_2_Before_filtering.png",
                "multiqc/multiqc_plots/png/fastp-seq-quality-plot_Read_1_After_filtering.png",
                "multiqc/multiqc_plots/png/fastp-seq-quality-plot_Read_1_Before_filtering.png",
                "multiqc/multiqc_plots/png/fastp-seq-quality-plot_Read_2_After_filtering.png",
                "multiqc/multiqc_plots/png/fastp-seq-quality-plot_Read_2_Before_filtering.png",
                "multiqc/multiqc_plots/png/fastp_filtered_reads_plot-cnt.png",
                "multiqc/multiqc_plots/png/fastp_filtered_reads_plot-pct.png",
                "multiqc/multiqc_plots/png/fastqc-1-status-check-heatmap.png",
                "multiqc/multiqc_plots/png/fastqc-1_per_base_n_content_plot.png",
                "multiqc/multiqc_plots/png/fastqc-1_per_base_sequence_quality_plot.png",
                "multiqc/multiqc_plots/png/fastqc-1_per_sequence_gc_content_plot_Counts.png",
                "multiqc/multiqc_plots/png/fastqc-1_per_sequence_gc_content_plot_Percentages.png",
                "multiqc/multiqc_plots/png/fastqc-1_per_sequence_quality_scores_plot.png",
                "multiqc/multiqc_plots/png/fastqc-1_sequence_counts_plot-cnt.png",
                "multiqc/multiqc_plots/png/fastqc-1_sequence_counts_plot-pct.png",
                "multiqc/multiqc_plots/png/fastqc-1_sequence_duplication_levels_plot.png",
                "multiqc/multiqc_plots/png/fastqc-1_top_overrepresented_sequences_table.png",
                "multiqc/multiqc_plots/png/fastqc-2-status-check-heatmap.png",
                "multiqc/multiqc_plots/png/fastqc-2_per_base_n_content_plot.png",
                "multiqc/multiqc_plots/png/fastqc-2_per_base_sequence_quality_plot.png",
                "multiqc/multiqc_plots/png/fastqc-2_per_sequence_gc_content_plot_Counts.png",
                "multiqc/multiqc_plots/png/fastqc-2_per_sequence_gc_content_plot_Percentages.png",
                "multiqc/multiqc_plots/png/fastqc-2_per_sequence_quality_scores_plot.png",
                "multiqc/multiqc_plots/png/fastqc-2_sequence_counts_plot-cnt.png",
                "multiqc/multiqc_plots/png/fastqc-2_sequence_counts_plot-pct.png",
                "multiqc/multiqc_plots/png/fastqc-2_sequence_duplication_levels_plot.png",
                "multiqc/multiqc_plots/png/fastqc-2_top_overrepresented_sequences_table.png",
                "multiqc/multiqc_plots/png/general_stats_table.png",
                "multiqc/multiqc_plots/svg",
                "multiqc/multiqc_plots/svg/fastp-seq-content-gc-plot_Read_1_After_filtering.svg",
                "multiqc/multiqc_plots/svg/fastp-seq-content-gc-plot_Read_1_Before_filtering.svg",
                "multiqc/multiqc_plots/svg/fastp-seq-content-gc-plot_Read_2_After_filtering.svg",
                "multiqc/multiqc_plots/svg/fastp-seq-content-gc-plot_Read_2_Before_filtering.svg",
                "multiqc/multiqc_plots/svg/fastp-seq-content-n-plot_Read_1_After_filtering.svg",
                "multiqc/multiqc_plots/svg/fastp-seq-content-n-plot_Read_1_Before_filtering.svg",
                "multiqc/multiqc_plots/svg/fastp-seq-content-n-plot_Read_2_After_filtering.svg",
                "multiqc/multiqc_plots/svg/fastp-seq-content-n-plot_Read_2_Before_filtering.svg",
                "multiqc/multiqc_plots/svg/fastp-seq-quality-plot_Read_1_After_filtering.svg",
                "multiqc/multiqc_plots/svg/fastp-seq-quality-plot_Read_1_Before_filtering.svg",
                "multiqc/multiqc_plots/svg/fastp-seq-quality-plot_Read_2_After_filtering.svg",
                "multiqc/multiqc_plots/svg/fastp-seq-quality-plot_Read_2_Before_filtering.svg",
                "multiqc/multiqc_plots/svg/fastp_filtered_reads_plot-cnt.svg",
                "multiqc/multiqc_plots/svg/fastp_filtered_reads_plot-pct.svg",
                "multiqc/multiqc_plots/svg/fastqc-1-status-check-heatmap.svg",
                "multiqc/multiqc_plots/svg/fastqc-1_per_base_n_content_plot.svg",
                "multiqc/multiqc_plots/svg/fastqc-1_per_base_sequence_quality_plot.svg",
                "multiqc/multiqc_plots/svg/fastqc-1_per_sequence_gc_content_plot_Counts.svg",
                "multiqc/multiqc_plots/svg/fastqc-1_per_sequence_gc_content_plot_Percentages.svg",
                "multiqc/multiqc_plots/svg/fastqc-1_per_sequence_quality_scores_plot.svg",
                "multiqc/multiqc_plots/svg/fastqc-1_sequence_counts_plot-cnt.svg",
                "multiqc/multiqc_plots/svg/fastqc-1_sequence_counts_plot-pct.svg",
                "multiqc/multiqc_plots/svg/fastqc-1_sequence_duplication_levels_plot.svg",
                "multiqc/multiqc_plots/svg/fastqc-1_top_overrepresented_sequences_table.svg",
                "multiqc/multiqc_plots/svg/fastqc-2-status-check-heatmap.svg",
                "multiqc/multiqc_plots/svg/fastqc-2_per_base_n_content_plot.svg",
                "multiqc/multiqc_plots/svg/fastqc-2_per_base_sequence_quality_plot.svg",
                "multiqc/multiqc_plots/svg/fastqc-2_per_sequence_gc_content_plot_Counts.svg",
                "multiqc/multiqc_plots/svg/fastqc-2_per_sequence_gc_content_plot_Percentages.svg",
                "multiqc/multiqc_plots/svg/fastqc-2_per_sequence_quality_scores_plot.svg",
                "multiqc/multiqc_plots/svg/fastqc-2_sequence_counts_plot-cnt.svg",
                "multiqc/multiqc_plots/svg/fastqc-2_sequence_counts_plot-pct.svg",
                "multiqc/multiqc_plots/svg/fastqc-2_sequence_duplication_levels_plot.svg",
                "multiqc/multiqc_plots/svg/fastqc-2_top_overrepresented_sequences_table.svg",
                "multiqc/multiqc_plots/svg/general_stats_table.svg",
                "multiqc/multiqc_report.html",
                "pipeline_info",
                "pipeline_info/nf_core_demultiplex_software_mqc_versions.yml",
                "samplesheet",
                "samplesheet/atacseq_samplesheet.csv",
                "samplesheet/methylseq_samplesheet.csv",
                "samplesheet/rnaseq_samplesheet.csv",
                "samplesheet/sarek_samplesheet.csv",
                "samplesheet/taxprofiler_samplesheet.csv",
                "sim-data",
                "sim-data.csv",
                "sim-data/Undetermined_S25_L001.fastp.html",
                "sim-data/Undetermined_S25_L001.fastp.json",
                "sim-data/Undetermined_S25_L001_1.fastp.fastq.gz",
                "sim-data/Undetermined_S25_L001_1.fastp.fastq.gz.md5",
                "sim-data/Undetermined_S25_L001_1.fastp.fastq.gz_fastqc_data.txt",
                "sim-data/Undetermined_S25_L001_1.fastp.fastq.gz_fastqc_report.html",
                "sim-data/Undetermined_S25_L001_1.fastp.fastq.gz_summary.txt",
                "sim-data/Undetermined_S25_L001_2.fastp.fastq.gz",
                "sim-data/Undetermined_S25_L001_2.fastp.fastq.gz.md5",
                "sim-data/Undetermined_S25_L001_2.fastp.fastq.gz_fastqc_data.txt",
                "sim-data/Undetermined_S25_L001_2.fastp.fastq.gz_fastqc_report.html",
                "sim-data/Undetermined_S25_L001_2.fastp.fastq.gz_summary.txt",
                "sim-data/Undetermined_S25_L001_R1_001.fastq.gz",
                "sim-data/Undetermined_S25_L001_R2_001.fastq.gz",
                "sim-data/metrics.tsv",
                "sim-data/most_frequent_unmatched.tsv",
                "sim-data/per_project_metrics.tsv",
                "sim-data/per_sample_metrics.tsv",
                "sim-data/s10_S10_L001.fastp.html",
                "sim-data/s10_S10_L001.fastp.json",
                "sim-data/s10_S10_L001_1.fastp.fastq.gz",
                "sim-data/s10_S10_L001_1.fastp.fastq.gz.md5",
                "sim-data/s10_S10_L001_1.fastp.fastq.gz_fastqc_data.txt",
                "sim-data/s10_S10_L001_1.fastp.fastq.gz_fastqc_report.html",
                "sim-data/s10_S10_L001_1.fastp.fastq.gz_summary.txt",
                "sim-data/s10_S10_L001_2.fastp.fastq.gz",
                "sim-data/s10_S10_L001_2.fastp.fastq.gz.md5",
                "sim-data/s10_S10_L001_2.fastp.fastq.gz_fastqc_data.txt",
                "sim-data/s10_S10_L001_2.fastp.fastq.gz_fastqc_report.html",
                "sim-data/s10_S10_L001_2.fastp.fastq.gz_summary.txt",
                "sim-data/s10_S10_L001_R1_001.fastq.gz",
                "sim-data/s10_S10_L001_R2_001.fastq.gz",
                "sim-data/s11_S11_L001.fastp.html",
                "sim-data/s11_S11_L001.fastp.json",
                "sim-data/s11_S11_L001_1.fastp.fastq.gz",
                "sim-data/s11_S11_L001_1.fastp.fastq.gz.md5",
                "sim-data/s11_S11_L001_1.fastp.fastq.gz_fastqc_data.txt",
                "sim-data/s11_S11_L001_1.fastp.fastq.gz_fastqc_report.html",
                "sim-data/s11_S11_L001_1.fastp.fastq.gz_summary.txt",
                "sim-data/s11_S11_L001_2.fastp.fastq.gz",
                "sim-data/s11_S11_L001_2.fastp.fastq.gz.md5",
                "sim-data/s11_S11_L001_2.fastp.fastq.gz_fastqc_data.txt",
                "sim-data/s11_S11_L001_2.fastp.fastq.gz_fastqc_report.html",
                "sim-data/s11_S11_L001_2.fastp.fastq.gz_summary.txt",
                "sim-data/s11_S11_L001_R1_001.fastq.gz",
                "sim-data/s11_S11_L001_R2_001.fastq.gz",
                "sim-data/s12_S12_L001.fastp.html",
                "sim-data/s12_S12_L001.fastp.json",
                "sim-data/s12_S12_L001_1.fastp.fastq.gz",
                "sim-data/s12_S12_L001_1.fastp.fastq.gz.md5",
                "sim-data/s12_S12_L001_1.fastp.fastq.gz_fastqc_data.txt",
                "sim-data/s12_S12_L001_1.fastp.fastq.gz_fastqc_report.html",
                "sim-data/s12_S12_L001_1.fastp.fastq.gz_summary.txt",
                "sim-data/s12_S12_L001_2.fastp.fastq.gz",
                "sim-data/s12_S12_L001_2.fastp.fastq.gz.md5",
                "sim-data/s12_S12_L001_2.fastp.fastq.gz_fastqc_data.txt",
                "sim-data/s12_S12_L001_2.fastp.fastq.gz_fastqc_report.html",
                "sim-data/s12_S12_L001_2.fastp.fastq.gz_summary.txt",
                "sim-data/s12_S12_L001_R1_001.fastq.gz",
                "sim-data/s12_S12_L001_R2_001.fastq.gz",
                "sim-data/s13_S13_L001.fastp.html",
                "sim-data/s13_S13_L001.fastp.json",
                "sim-data/s13_S13_L001_1.fastp.fastq.gz",
                "sim-data/s13_S13_L001_1.fastp.fastq.gz.md5",
                "sim-data/s13_S13_L001_1.fastp.fastq.gz_fastqc_data.txt",
                "sim-data/s13_S13_L001_1.fastp.fastq.gz_fastqc_report.html",
                "sim-data/s13_S13_L001_1.fastp.fastq.gz_summary.txt",
                "sim-data/s13_S13_L001_2.fastp.fastq.gz",
                "sim-data/s13_S13_L001_2.fastp.fastq.gz.md5",
                "sim-data/s13_S13_L001_2.fastp.fastq.gz_fastqc_data.txt",
                "sim-data/s13_S13_L001_2.fastp.fastq.gz_fastqc_report.html",
                "sim-data/s13_S13_L001_2.fastp.fastq.gz_summary.txt",
                "sim-data/s13_S13_L001_R1_001.fastq.gz",
                "sim-data/s13_S13_L001_R2_001.fastq.gz",
                "sim-data/s14_S14_L001.fastp.html",
                "sim-data/s14_S14_L001.fastp.json",
                "sim-data/s14_S14_L001_1.fastp.fastq.gz",
                "sim-data/s14_S14_L001_1.fastp.fastq.gz.md5",
                "sim-data/s14_S14_L001_1.fastp.fastq.gz_fastqc_data.txt",
                "sim-data/s14_S14_L001_1.fastp.fastq.gz_fastqc_report.html",
                "sim-data/s14_S14_L001_1.fastp.fastq.gz_summary.txt",
                "sim-data/s14_S14_L001_2.fastp.fastq.gz",
                "sim-data/s14_S14_L001_2.fastp.fastq.gz.md5",
                "sim-data/s14_S14_L001_2.fastp.fastq.gz_fastqc_data.txt",
                "sim-data/s14_S14_L001_2.fastp.fastq.gz_fastqc_report.html",
                "sim-data/s14_S14_L001_2.fastp.fastq.gz_summary.txt",
                "sim-data/s14_S14_L001_R1_001.fastq.gz",
                "sim-data/s14_S14_L001_R2_001.fastq.gz",
                "sim-data/s15_S15_L001.fastp.html",
                "sim-data/s15_S15_L001.fastp.json",
                "sim-data/s15_S15_L001_1.fastp.fastq.gz",
                "sim-data/s15_S15_L001_1.fastp.fastq.gz.md5",
                "sim-data/s15_S15_L001_1.fastp.fastq.gz_fastqc_data.txt",
                "sim-data/s15_S15_L001_1.fastp.fastq.gz_fastqc_report.html",
                "sim-data/s15_S15_L001_1.fastp.fastq.gz_summary.txt",
                "sim-data/s15_S15_L001_2.fastp.fastq.gz",
                "sim-data/s15_S15_L001_2.fastp.fastq.gz.md5",
                "sim-data/s15_S15_L001_2.fastp.fastq.gz_fastqc_data.txt",
                "sim-data/s15_S15_L001_2.fastp.fastq.gz_fastqc_report.html",
                "sim-data/s15_S15_L001_2.fastp.fastq.gz_summary.txt",
                "sim-data/s15_S15_L001_R1_001.fastq.gz",
                "sim-data/s15_S15_L001_R2_001.fastq.gz",
                "sim-data/s16_S16_L001.fastp.html",
                "sim-data/s16_S16_L001.fastp.json",
                "sim-data/s16_S16_L001_1.fastp.fastq.gz",
                "sim-data/s16_S16_L001_1.fastp.fastq.gz.md5",
                "sim-data/s16_S16_L001_1.fastp.fastq.gz_fastqc_data.txt",
                "sim-data/s16_S16_L001_1.fastp.fastq.gz_fastqc_report.html",
                "sim-data/s16_S16_L001_1.fastp.fastq.gz_summary.txt",
                "sim-data/s16_S16_L001_2.fastp.fastq.gz",
                "sim-data/s16_S16_L001_2.fastp.fastq.gz.md5",
                "sim-data/s16_S16_L001_2.fastp.fastq.gz_fastqc_data.txt",
                "sim-data/s16_S16_L001_2.fastp.fastq.gz_fastqc_report.html",
                "sim-data/s16_S16_L001_2.fastp.fastq.gz_summary.txt",
                "sim-data/s16_S16_L001_R1_001.fastq.gz",
                "sim-data/s16_S16_L001_R2_001.fastq.gz",
                "sim-data/s17_S17_L001.fastp.html",
                "sim-data/s17_S17_L001.fastp.json",
                "sim-data/s17_S17_L001_1.fastp.fastq.gz",
                "sim-data/s17_S17_L001_1.fastp.fastq.gz.md5",
                "sim-data/s17_S17_L001_1.fastp.fastq.gz_fastqc_data.txt",
                "sim-data/s17_S17_L001_1.fastp.fastq.gz_fastqc_report.html",
                "sim-data/s17_S17_L001_1.fastp.fastq.gz_summary.txt",
                "sim-data/s17_S17_L001_2.fastp.fastq.gz",
                "sim-data/s17_S17_L001_2.fastp.fastq.gz.md5",
                "sim-data/s17_S17_L001_2.fastp.fastq.gz_fastqc_data.txt",
                "sim-data/s17_S17_L001_2.fastp.fastq.gz_fastqc_report.html",
                "sim-data/s17_S17_L001_2.fastp.fastq.gz_summary.txt",
                "sim-data/s17_S17_L001_R1_001.fastq.gz",
                "sim-data/s17_S17_L001_R2_001.fastq.gz",
                "sim-data/s18_S18_L001.fastp.html",
                "sim-data/s18_S18_L001.fastp.json",
                "sim-data/s18_S18_L001_1.fastp.fastq.gz",
                "sim-data/s18_S18_L001_1.fastp.fastq.gz.md5",
                "sim-data/s18_S18_L001_1.fastp.fastq.gz_fastqc_data.txt",
                "sim-data/s18_S18_L001_1.fastp.fastq.gz_fastqc_report.html",
                "sim-data/s18_S18_L001_1.fastp.fastq.gz_summary.txt",
                "sim-data/s18_S18_L001_2.fastp.fastq.gz",
                "sim-data/s18_S18_L001_2.fastp.fastq.gz.md5",
                "sim-data/s18_S18_L001_2.fastp.fastq.gz_fastqc_data.txt",
                "sim-data/s18_S18_L001_2.fastp.fastq.gz_fastqc_report.html",
                "sim-data/s18_S18_L001_2.fastp.fastq.gz_summary.txt",
                "sim-data/s18_S18_L001_R1_001.fastq.gz",
                "sim-data/s18_S18_L001_R2_001.fastq.gz",
                "sim-data/s19_S19_L001.fastp.html",
                "sim-data/s19_S19_L001.fastp.json",
                "sim-data/s19_S19_L001_1.fastp.fastq.gz",
                "sim-data/s19_S19_L001_1.fastp.fastq.gz.md5",
                "sim-data/s19_S19_L001_1.fastp.fastq.gz_fastqc_data.txt",
                "sim-data/s19_S19_L001_1.fastp.fastq.gz_fastqc_report.html",
                "sim-data/s19_S19_L001_1.fastp.fastq.gz_summary.txt",
                "sim-data/s19_S19_L001_2.fastp.fastq.gz",
                "sim-data/s19_S19_L001_2.fastp.fastq.gz.md5",
                "sim-data/s19_S19_L001_2.fastp.fastq.gz_fastqc_data.txt",
                "sim-data/s19_S19_L001_2.fastp.fastq.gz_fastqc_report.html",
                "sim-data/s19_S19_L001_2.fastp.fastq.gz_summary.txt",
                "sim-data/s19_S19_L001_R1_001.fastq.gz",
                "sim-data/s19_S19_L001_R2_001.fastq.gz",
                "sim-data/s1_S1_L001.fastp.html",
                "sim-data/s1_S1_L001.fastp.json",
                "sim-data/s1_S1_L001_1.fastp.fastq.gz",
                "sim-data/s1_S1_L001_1.fastp.fastq.gz.md5",
                "sim-data/s1_S1_L001_1.fastp.fastq.gz_fastqc_data.txt",
                "sim-data/s1_S1_L001_1.fastp.fastq.gz_fastqc_report.html",
                "sim-data/s1_S1_L001_1.fastp.fastq.gz_summary.txt",
                "sim-data/s1_S1_L001_2.fastp.fastq.gz",
                "sim-data/s1_S1_L001_2.fastp.fastq.gz.md5",
                "sim-data/s1_S1_L001_2.fastp.fastq.gz_fastqc_data.txt",
                "sim-data/s1_S1_L001_2.fastp.fastq.gz_fastqc_report.html",
                "sim-data/s1_S1_L001_2.fastp.fastq.gz_summary.txt",
                "sim-data/s1_S1_L001_R1_001.fastq.gz",
                "sim-data/s1_S1_L001_R2_001.fastq.gz",
                "sim-data/s20_S20_L001.fastp.html",
                "sim-data/s20_S20_L001.fastp.json",
                "sim-data/s20_S20_L001_1.fastp.fastq.gz",
                "sim-data/s20_S20_L001_1.fastp.fastq.gz.md5",
                "sim-data/s20_S20_L001_1.fastp.fastq.gz_fastqc_data.txt",
                "sim-data/s20_S20_L001_1.fastp.fastq.gz_fastqc_report.html",
                "sim-data/s20_S20_L001_1.fastp.fastq.gz_summary.txt",
                "sim-data/s20_S20_L001_2.fastp.fastq.gz",
                "sim-data/s20_S20_L001_2.fastp.fastq.gz.md5",
                "sim-data/s20_S20_L001_2.fastp.fastq.gz_fastqc_data.txt",
                "sim-data/s20_S20_L001_2.fastp.fastq.gz_fastqc_report.html",
                "sim-data/s20_S20_L001_2.fastp.fastq.gz_summary.txt",
                "sim-data/s20_S20_L001_R1_001.fastq.gz",
                "sim-data/s20_S20_L001_R2_001.fastq.gz",
                "sim-data/s21_S21_L001.fastp.html",
                "sim-data/s21_S21_L001.fastp.json",
                "sim-data/s21_S21_L001_1.fastp.fastq.gz",
                "sim-data/s21_S21_L001_1.fastp.fastq.gz.md5",
                "sim-data/s21_S21_L001_1.fastp.fastq.gz_fastqc_data.txt",
                "sim-data/s21_S21_L001_1.fastp.fastq.gz_fastqc_report.html",
                "sim-data/s21_S21_L001_1.fastp.fastq.gz_summary.txt",
                "sim-data/s21_S21_L001_2.fastp.fastq.gz",
                "sim-data/s21_S21_L001_2.fastp.fastq.gz.md5",
                "sim-data/s21_S21_L001_2.fastp.fastq.gz_fastqc_data.txt",
                "sim-data/s21_S21_L001_2.fastp.fastq.gz_fastqc_report.html",
                "sim-data/s21_S21_L001_2.fastp.fastq.gz_summary.txt",
                "sim-data/s21_S21_L001_R1_001.fastq.gz",
                "sim-data/s21_S21_L001_R2_001.fastq.gz",
                "sim-data/s22_S22_L001.fastp.html",
                "sim-data/s22_S22_L001.fastp.json",
                "sim-data/s22_S22_L001_1.fastp.fastq.gz",
                "sim-data/s22_S22_L001_1.fastp.fastq.gz.md5",
                "sim-data/s22_S22_L001_1.fastp.fastq.gz_fastqc_data.txt",
                "sim-data/s22_S22_L001_1.fastp.fastq.gz_fastqc_report.html",
                "sim-data/s22_S22_L001_1.fastp.fastq.gz_summary.txt",
                "sim-data/s22_S22_L001_2.fastp.fastq.gz",
                "sim-data/s22_S22_L001_2.fastp.fastq.gz.md5",
                "sim-data/s22_S22_L001_2.fastp.fastq.gz_fastqc_data.txt",
                "sim-data/s22_S22_L001_2.fastp.fastq.gz_fastqc_report.html",
                "sim-data/s22_S22_L001_2.fastp.fastq.gz_summary.txt",
                "sim-data/s22_S22_L001_R1_001.fastq.gz",
                "sim-data/s22_S22_L001_R2_001.fastq.gz",
                "sim-data/s23_S23_L001.fastp.html",
                "sim-data/s23_S23_L001.fastp.json",
                "sim-data/s23_S23_L001_1.fastp.fastq.gz",
                "sim-data/s23_S23_L001_1.fastp.fastq.gz.md5",
                "sim-data/s23_S23_L001_1.fastp.fastq.gz_fastqc_data.txt",
                "sim-data/s23_S23_L001_1.fastp.fastq.gz_fastqc_report.html",
                "sim-data/s23_S23_L001_1.fastp.fastq.gz_summary.txt",
                "sim-data/s23_S23_L001_2.fastp.fastq.gz",
                "sim-data/s23_S23_L001_2.fastp.fastq.gz.md5",
                "sim-data/s23_S23_L001_2.fastp.fastq.gz_fastqc_data.txt",
                "sim-data/s23_S23_L001_2.fastp.fastq.gz_fastqc_report.html",
                "sim-data/s23_S23_L001_2.fastp.fastq.gz_summary.txt",
                "sim-data/s23_S23_L001_R1_001.fastq.gz",
                "sim-data/s23_S23_L001_R2_001.fastq.gz",
                "sim-data/s24_S24_L001.fastp.html",
                "sim-data/s24_S24_L001.fastp.json",
                "sim-data/s24_S24_L001_1.fastp.fastq.gz",
                "sim-data/s24_S24_L001_1.fastp.fastq.gz.md5",
                "sim-data/s24_S24_L001_1.fastp.fastq.gz_fastqc_data.txt",
                "sim-data/s24_S24_L001_1.fastp.fastq.gz_fastqc_report.html",
                "sim-data/s24_S24_L001_1.fastp.fastq.gz_summary.txt",
                "sim-data/s24_S24_L001_2.fastp.fastq.gz",
                "sim-data/s24_S24_L001_2.fastp.fastq.gz.md5",
                "sim-data/s24_S24_L001_2.fastp.fastq.gz_fastqc_data.txt",
                "sim-data/s24_S24_L001_2.fastp.fastq.gz_fastqc_report.html",
                "sim-data/s24_S24_L001_2.fastp.fastq.gz_summary.txt",
                "sim-data/s24_S24_L001_R1_001.fastq.gz",
                "sim-data/s24_S24_L001_R2_001.fastq.gz",
                "sim-data/s2_S2_L001.fastp.html",
                "sim-data/s2_S2_L001.fastp.json",
                "sim-data/s2_S2_L001_1.fastp.fastq.gz",
                "sim-data/s2_S2_L001_1.fastp.fastq.gz.md5",
                "sim-data/s2_S2_L001_1.fastp.fastq.gz_fastqc_data.txt",
                "sim-data/s2_S2_L001_1.fastp.fastq.gz_fastqc_report.html",
                "sim-data/s2_S2_L001_1.fastp.fastq.gz_summary.txt",
                "sim-data/s2_S2_L001_2.fastp.fastq.gz",
                "sim-data/s2_S2_L001_2.fastp.fastq.gz.md5",
                "sim-data/s2_S2_L001_2.fastp.fastq.gz_fastqc_data.txt",
                "sim-data/s2_S2_L001_2.fastp.fastq.gz_fastqc_report.html",
                "sim-data/s2_S2_L001_2.fastp.fastq.gz_summary.txt",
                "sim-data/s2_S2_L001_R1_001.fastq.gz",
                "sim-data/s2_S2_L001_R2_001.fastq.gz",
                "sim-data/s3_S3_L001.fastp.html",
                "sim-data/s3_S3_L001.fastp.json",
                "sim-data/s3_S3_L001_1.fastp.fastq.gz",
                "sim-data/s3_S3_L001_1.fastp.fastq.gz.md5",
                "sim-data/s3_S3_L001_1.fastp.fastq.gz_fastqc_data.txt",
                "sim-data/s3_S3_L001_1.fastp.fastq.gz_fastqc_report.html",
                "sim-data/s3_S3_L001_1.fastp.fastq.gz_summary.txt",
                "sim-data/s3_S3_L001_2.fastp.fastq.gz",
                "sim-data/s3_S3_L001_2.fastp.fastq.gz.md5",
                "sim-data/s3_S3_L001_2.fastp.fastq.gz_fastqc_data.txt",
                "sim-data/s3_S3_L001_2.fastp.fastq.gz_fastqc_report.html",
                "sim-data/s3_S3_L001_2.fastp.fastq.gz_summary.txt",
                "sim-data/s3_S3_L001_R1_001.fastq.gz",
                "sim-data/s3_S3_L001_R2_001.fastq.gz",
                "sim-data/s4_S4_L001.fastp.html",
                "sim-data/s4_S4_L001.fastp.json",
                "sim-data/s4_S4_L001_1.fastp.fastq.gz",
                "sim-data/s4_S4_L001_1.fastp.fastq.gz.md5",
                "sim-data/s4_S4_L001_1.fastp.fastq.gz_fastqc_data.txt",
                "sim-data/s4_S4_L001_1.fastp.fastq.gz_fastqc_report.html",
                "sim-data/s4_S4_L001_1.fastp.fastq.gz_summary.txt",
                "sim-data/s4_S4_L001_2.fastp.fastq.gz",
                "sim-data/s4_S4_L001_2.fastp.fastq.gz.md5",
                "sim-data/s4_S4_L001_2.fastp.fastq.gz_fastqc_data.txt",
                "sim-data/s4_S4_L001_2.fastp.fastq.gz_fastqc_report.html",
                "sim-data/s4_S4_L001_2.fastp.fastq.gz_summary.txt",
                "sim-data/s4_S4_L001_R1_001.fastq.gz",
                "sim-data/s4_S4_L001_R2_001.fastq.gz",
                "sim-data/s5_S5_L001.fastp.html",
                "sim-data/s5_S5_L001.fastp.json",
                "sim-data/s5_S5_L001_1.fastp.fastq.gz",
                "sim-data/s5_S5_L001_1.fastp.fastq.gz.md5",
                "sim-data/s5_S5_L001_1.fastp.fastq.gz_fastqc_data.txt",
                "sim-data/s5_S5_L001_1.fastp.fastq.gz_fastqc_report.html",
                "sim-data/s5_S5_L001_1.fastp.fastq.gz_summary.txt",
                "sim-data/s5_S5_L001_2.fastp.fastq.gz",
                "sim-data/s5_S5_L001_2.fastp.fastq.gz.md5",
                "sim-data/s5_S5_L001_2.fastp.fastq.gz_fastqc_data.txt",
                "sim-data/s5_S5_L001_2.fastp.fastq.gz_fastqc_report.html",
                "sim-data/s5_S5_L001_2.fastp.fastq.gz_summary.txt",
                "sim-data/s5_S5_L001_R1_001.fastq.gz",
                "sim-data/s5_S5_L001_R2_001.fastq.gz",
                "sim-data/s6_S6_L001.fastp.html",
                "sim-data/s6_S6_L001.fastp.json",
                "sim-data/s6_S6_L001_1.fastp.fastq.gz",
                "sim-data/s6_S6_L001_1.fastp.fastq.gz.md5",
                "sim-data/s6_S6_L001_1.fastp.fastq.gz_fastqc_data.txt",
                "sim-data/s6_S6_L001_1.fastp.fastq.gz_fastqc_report.html",
                "sim-data/s6_S6_L001_1.fastp.fastq.gz_summary.txt",
                "sim-data/s6_S6_L001_2.fastp.fastq.gz",
                "sim-data/s6_S6_L001_2.fastp.fastq.gz.md5",
                "sim-data/s6_S6_L001_2.fastp.fastq.gz_fastqc_data.txt",
                "sim-data/s6_S6_L001_2.fastp.fastq.gz_fastqc_report.html",
                "sim-data/s6_S6_L001_2.fastp.fastq.gz_summary.txt",
                "sim-data/s6_S6_L001_R1_001.fastq.gz",
                "sim-data/s6_S6_L001_R2_001.fastq.gz",
                "sim-data/s7_S7_L001.fastp.html",
                "sim-data/s7_S7_L001.fastp.json",
                "sim-data/s7_S7_L001_1.fastp.fastq.gz",
                "sim-data/s7_S7_L001_1.fastp.fastq.gz.md5",
                "sim-data/s7_S7_L001_1.fastp.fastq.gz_fastqc_data.txt",
                "sim-data/s7_S7_L001_1.fastp.fastq.gz_fastqc_report.html",
                "sim-data/s7_S7_L001_1.fastp.fastq.gz_summary.txt",
                "sim-data/s7_S7_L001_2.fastp.fastq.gz",
                "sim-data/s7_S7_L001_2.fastp.fastq.gz.md5",
                "sim-data/s7_S7_L001_2.fastp.fastq.gz_fastqc_data.txt",
                "sim-data/s7_S7_L001_2.fastp.fastq.gz_fastqc_report.html",
                "sim-data/s7_S7_L001_2.fastp.fastq.gz_summary.txt",
                "sim-data/s7_S7_L001_R1_001.fastq.gz",
                "sim-data/s7_S7_L001_R2_001.fastq.gz",
                "sim-data/s8_S8_L001.fastp.html",
                "sim-data/s8_S8_L001.fastp.json",
                "sim-data/s8_S8_L001_1.fastp.fastq.gz",
                "sim-data/s8_S8_L001_1.fastp.fastq.gz.md5",
                "sim-data/s8_S8_L001_1.fastp.fastq.gz_fastqc_data.txt",
                "sim-data/s8_S8_L001_1.fastp.fastq.gz_fastqc_report.html",
                "sim-data/s8_S8_L001_1.fastp.fastq.gz_summary.txt",
                "sim-data/s8_S8_L001_2.fastp.fastq.gz",
                "sim-data/s8_S8_L001_2.fastp.fastq.gz.md5",
                "sim-data/s8_S8_L001_2.fastp.fastq.gz_fastqc_data.txt",
                "sim-data/s8_S8_L001_2.fastp.fastq.gz_fastqc_report.html",
                "sim-data/s8_S8_L001_2.fastp.fastq.gz_summary.txt",
                "sim-data/s8_S8_L001_R1_001.fastq.gz",
                "sim-data/s8_S8_L001_R2_001.fastq.gz",
                "sim-data/s9_S9_L001.fastp.html",
                "sim-data/s9_S9_L001.fastp.json",
                "sim-data/s9_S9_L001_1.fastp.fastq.gz",
                "sim-data/s9_S9_L001_1.fastp.fastq.gz.md5",
                "sim-data/s9_S9_L001_1.fastp.fastq.gz_fastqc_data.txt",
                "sim-data/s9_S9_L001_1.fastp.fastq.gz_fastqc_report.html",
                "sim-data/s9_S9_L001_1.fastp.fastq.gz_summary.txt",
                "sim-data/s9_S9_L001_2.fastp.fastq.gz",
                "sim-data/s9_S9_L001_2.fastp.fastq.gz.md5",
                "sim-data/s9_S9_L001_2.fastp.fastq.gz_fastqc_data.txt",
                "sim-data/s9_S9_L001_2.fastp.fastq.gz_fastqc_report.html",
                "sim-data/s9_S9_L001_2.fastp.fastq.gz_summary.txt",
                "sim-data/s9_S9_L001_R1_001.fastq.gz",
                "sim-data/s9_S9_L001_R2_001.fastq.gz",
                "sim-data/sample_barcode_hop_metrics.tsv"
            ],
            [
                "fastp-seq-content-gc-plot_Read_1_After_filtering.txt:md5,f574676225613f374b561ef8d4779f33",
                "fastp-seq-content-gc-plot_Read_1_Before_filtering.txt:md5,f574676225613f374b561ef8d4779f33",
                "fastp-seq-content-gc-plot_Read_2_After_filtering.txt:md5,c5c2bfa3d096ebeef6823d147fa652fb",
                "fastp-seq-content-gc-plot_Read_2_Before_filtering.txt:md5,c5c2bfa3d096ebeef6823d147fa652fb",
                "fastp-seq-content-n-plot_Read_1_After_filtering.txt:md5,d2c7fc0c344909e4823099492d72e209",
                "fastp-seq-content-n-plot_Read_1_Before_filtering.txt:md5,d2c7fc0c344909e4823099492d72e209",
                "fastp-seq-content-n-plot_Read_2_After_filtering.txt:md5,d2c7fc0c344909e4823099492d72e209",
                "fastp-seq-content-n-plot_Read_2_Before_filtering.txt:md5,d2c7fc0c344909e4823099492d72e209",
                "fastp-seq-quality-plot_Read_1_After_filtering.txt:md5,b5e3d7a8aca6895859654a4115b38708",
                "fastp-seq-quality-plot_Read_1_Before_filtering.txt:md5,b5e3d7a8aca6895859654a4115b38708",
                "fastp-seq-quality-plot_Read_2_After_filtering.txt:md5,b5e3d7a8aca6895859654a4115b38708",
                "fastp-seq-quality-plot_Read_2_Before_filtering.txt:md5,b5e3d7a8aca6895859654a4115b38708",
                "fastp_filtered_reads_plot.txt:md5,d19705f9d27800b37b8431d2da361336",
                "fastqc-1_per_base_n_content_plot.txt:md5,c0d889e3447bb580a91c26d58367ea3d",
                "fastqc-1_per_base_sequence_quality_plot.txt:md5,fc98fee907d0942dc1e0a2c046e697fc",
                "fastqc-1_per_sequence_gc_content_plot_Counts.txt:md5,d76e3dbdcdcbb0c5dc60912c275be5e1",
                "fastqc-1_per_sequence_gc_content_plot_Percentages.txt:md5,727231c2c86c657e506296c2fda2025d",
                "fastqc-1_per_sequence_quality_scores_plot.txt:md5,89cb687875c238d4920f01401635edd4",
                "fastqc-1_sequence_counts_plot.txt:md5,572d9cf2018cdf7b888539ee3ae68f23",
                "fastqc-1_sequence_duplication_levels_plot.txt:md5,3c42607c5bda6eb3d39f45982f1c8e53",
                "fastqc-1_top_overrepresented_sequences_table.txt:md5,d41d8cd98f00b204e9800998ecf8427e",
                "fastqc-2_per_base_n_content_plot.txt:md5,dee7d9c094c60dc3a67c4da1954303f2",
                "fastqc-2_per_base_sequence_quality_plot.txt:md5,5d63f6647b7589d04bf2f2f9db88f584",
                "fastqc-2_per_sequence_gc_content_plot_Counts.txt:md5,ae1a7e984622d704f03cb658d5f160f5",
                "fastqc-2_per_sequence_gc_content_plot_Percentages.txt:md5,7ade5018e5188777fddc82e35b06ef3f",
                "fastqc-2_per_sequence_quality_scores_plot.txt:md5,5d1d91faa379b3551b27a9b5c39ce5b0",
                "fastqc-2_sequence_counts_plot.txt:md5,41aaa475ba7617bf7b3739e8cf2f2642",
                "fastqc-2_sequence_duplication_levels_plot.txt:md5,a524a5e16ed509a3615ea05aa6d36bd0",
                "fastqc-2_top_overrepresented_sequences_table.txt:md5,d41d8cd98f00b204e9800998ecf8427e",
                "multiqc_citations.txt:md5,d35df50e9903a96a2b3bce3c1fbc8ad2",
                "sim-data.csv:md5,a5ea0ad63c5df73b5fc2436dd8d9dbfe",
                "Undetermined_S25_L001.fastp.json:md5,577922aa75bb6ab549ed7699ae45becc",
                "metrics.tsv:md5,7627e4bd2a56ea551fd74b4a2b5cb4b2",
                "per_project_metrics.tsv:md5,7393bc580c8ed8431107ad3dd00a7d2a",
                "per_sample_metrics.tsv:md5,fb8ce024ad2508e7b22a4af65fe44358",
                "s10_S10_L001.fastp.json:md5,80d48c6afeade19ad0d7abf001cd95c5",
                "s11_S11_L001.fastp.json:md5,69c21db3faf4208f655d0188c64b2368",
                "s12_S12_L001.fastp.json:md5,6c79234c342d223124a5ebedf05160c0",
                "s13_S13_L001.fastp.json:md5,158cd7b4e8fad3d8a94589b302b83f72",
                "s14_S14_L001.fastp.json:md5,afd266c7c3ec51f1a12dc8bc78a72679",
                "s15_S15_L001.fastp.json:md5,ad5562b2e1dae32e7e0f2cf9b513ffc0",
                "s16_S16_L001.fastp.json:md5,cb64e853c84f114a9656e3447d64ddec",
                "s17_S17_L001.fastp.json:md5,9d0fb23f4f0f2f2ad884c9b0c2e63b4b",
                "s18_S18_L001.fastp.json:md5,3dc0e57ad9b6e43bb5ae899271168760",
                "s19_S19_L001.fastp.json:md5,4bf894d2ea823cfaa9815ade88052247",
                "s1_S1_L001.fastp.json:md5,0dee4ce864b6a67bea6978c0da10324a",
                "s20_S20_L001.fastp.json:md5,a68d9f92ae4d7aec288a66333f4a47a6",
                "s21_S21_L001.fastp.json:md5,39b0ff239f397b3401e68a33f2cd3b9c",
                "s22_S22_L001.fastp.json:md5,b53166d2c855f23743d0f97490f19188",
                "s23_S23_L001.fastp.json:md5,708c0041dc1dfc697f728c04c6641b10",
                "s24_S24_L001.fastp.json:md5,795c7967006f2118b5e03de8f2f725fa",
                "s2_S2_L001.fastp.json:md5,b6bf8ddbc93f1902eca96b2648ee3b4c",
                "s3_S3_L001.fastp.json:md5,128aaded1b45ae930d1930f9123216db",
                "s4_S4_L001.fastp.json:md5,bfc777692caeef686a843bc437e95c62",
                "s5_S5_L001.fastp.json:md5,6134ea1b573fcb10db241b23d45d0f7f",
                "s6_S6_L001.fastp.json:md5,d469259e79944977e78398650bc044aa",
                "s7_S7_L001.fastp.json:md5,7eb2472f134e22ea1923da56ff7fcd5a",
                "s8_S8_L001.fastp.json:md5,5bfcfe29a43c0d0ba8fac7fc9f084f04",
                "s9_S9_L001.fastp.json:md5,709a327e837b44dc186c3407b91ab9c4",
                "sample_barcode_hop_metrics.tsv:md5,d41d8cd98f00b204e9800998ecf8427e"
            ]
        ],
        "meta": {
            "nf-test": "0.9.2",
            "nextflow": "24.10.5"
        },
        "timestamp": "2025-04-22T19:30:36.240697865"
    },
    "atacseq_samplesheet": {
        "content": [
            true
        ],
        "meta": {
            "nf-test": "0.9.0",
            "nextflow": "24.04.4"
        },
        "timestamp": "2024-10-30T15:42:08.83444814"
    },
    "taxprofiler_samplesheet": {
        "content": [
            true
        ],
        "meta": {
            "nf-test": "0.9.0",
            "nextflow": "24.04.4"
        },
        "timestamp": "2024-10-30T15:42:08.908513986"
    }
}