{
    "User wants to skip trimming with the demultiplexer, and trim with fastp": {
        "content": [
            12,
            {
                "BCLCONVERT": {
                    "bclconvert": "4.3.13"
                },
                "FASTP": {
                    "fastp": "0.24.0"
                },
                "MD5SUM": {
                    "md5sum": 9.5
                }
            },
            [
                "multiqc",
                "multiqc/multiqc_data",
                "multiqc/multiqc_data/BETA-multiqc.parquet",
                "multiqc/multiqc_data/bclconvert-lane-stats-table.txt",
                "multiqc/multiqc_data/bclconvert-sample-stats-table.txt",
                "multiqc/multiqc_data/bclconvert_lane_counts.txt",
                "multiqc/multiqc_data/bclconvert_sample_counts_Counts_per_lane.txt",
                "multiqc/multiqc_data/bclconvert_sample_counts_Index_mismatches.txt",
                "multiqc/multiqc_data/fastp-seq-content-gc-plot_Read_1_After_filtering.txt",
                "multiqc/multiqc_data/fastp-seq-content-gc-plot_Read_1_Before_filtering.txt",
                "multiqc/multiqc_data/fastp-seq-content-n-plot_Read_1_After_filtering.txt",
                "multiqc/multiqc_data/fastp-seq-content-n-plot_Read_1_Before_filtering.txt",
                "multiqc/multiqc_data/fastp-seq-quality-plot_Read_1_After_filtering.txt",
                "multiqc/multiqc_data/fastp-seq-quality-plot_Read_1_Before_filtering.txt",
                "multiqc/multiqc_data/fastp_filtered_reads_plot.txt",
                "multiqc/multiqc_data/llms-full.txt",
                "multiqc/multiqc_data/multiqc.log",
                "multiqc/multiqc_data/multiqc_bclconvert_bylane.txt",
                "multiqc/multiqc_data/multiqc_bclconvert_bysample.txt",
                "multiqc/multiqc_data/multiqc_citations.txt",
                "multiqc/multiqc_data/multiqc_data.json",
                "multiqc/multiqc_data/multiqc_fastp.txt",
                "multiqc/multiqc_data/multiqc_general_stats.txt",
                "multiqc/multiqc_data/multiqc_software_versions.txt",
                "multiqc/multiqc_data/multiqc_sources.txt",
                "multiqc/multiqc_plots",
                "multiqc/multiqc_plots/pdf",
                "multiqc/multiqc_plots/pdf/bclconvert-lane-stats-table.pdf",
                "multiqc/multiqc_plots/pdf/bclconvert-sample-stats-table.pdf",
                "multiqc/multiqc_plots/pdf/bclconvert_lane_counts-cnt.pdf",
                "multiqc/multiqc_plots/pdf/bclconvert_lane_counts-pct.pdf",
                "multiqc/multiqc_plots/pdf/bclconvert_sample_counts_Counts_per_lane-cnt.pdf",
                "multiqc/multiqc_plots/pdf/bclconvert_sample_counts_Counts_per_lane-pct.pdf",
                "multiqc/multiqc_plots/pdf/bclconvert_sample_counts_Index_mismatches-cnt.pdf",
                "multiqc/multiqc_plots/pdf/bclconvert_sample_counts_Index_mismatches-pct.pdf",
                "multiqc/multiqc_plots/pdf/fastp-seq-content-gc-plot_Read_1_After_filtering.pdf",
                "multiqc/multiqc_plots/pdf/fastp-seq-content-gc-plot_Read_1_Before_filtering.pdf",
                "multiqc/multiqc_plots/pdf/fastp-seq-content-n-plot_Read_1_After_filtering.pdf",
                "multiqc/multiqc_plots/pdf/fastp-seq-content-n-plot_Read_1_Before_filtering.pdf",
                "multiqc/multiqc_plots/pdf/fastp-seq-quality-plot_Read_1_After_filtering.pdf",
                "multiqc/multiqc_plots/pdf/fastp-seq-quality-plot_Read_1_Before_filtering.pdf",
                "multiqc/multiqc_plots/pdf/fastp_filtered_reads_plot-cnt.pdf",
                "multiqc/multiqc_plots/pdf/fastp_filtered_reads_plot-pct.pdf",
                "multiqc/multiqc_plots/png",
                "multiqc/multiqc_plots/png/bclconvert-lane-stats-table.png",
                "multiqc/multiqc_plots/png/bclconvert-sample-stats-table.png",
                "multiqc/multiqc_plots/png/bclconvert_lane_counts-cnt.png",
                "multiqc/multiqc_plots/png/bclconvert_lane_counts-pct.png",
                "multiqc/multiqc_plots/png/bclconvert_sample_counts_Counts_per_lane-cnt.png",
                "multiqc/multiqc_plots/png/bclconvert_sample_counts_Counts_per_lane-pct.png",
                "multiqc/multiqc_plots/png/bclconvert_sample_counts_Index_mismatches-cnt.png",
                "multiqc/multiqc_plots/png/bclconvert_sample_counts_Index_mismatches-pct.png",
                "multiqc/multiqc_plots/png/fastp-seq-content-gc-plot_Read_1_After_filtering.png",
                "multiqc/multiqc_plots/png/fastp-seq-content-gc-plot_Read_1_Before_filtering.png",
                "multiqc/multiqc_plots/png/fastp-seq-content-n-plot_Read_1_After_filtering.png",
                "multiqc/multiqc_plots/png/fastp-seq-content-n-plot_Read_1_Before_filtering.png",
                "multiqc/multiqc_plots/png/fastp-seq-quality-plot_Read_1_After_filtering.png",
                "multiqc/multiqc_plots/png/fastp-seq-quality-plot_Read_1_Before_filtering.png",
                "multiqc/multiqc_plots/png/fastp_filtered_reads_plot-cnt.png",
                "multiqc/multiqc_plots/png/fastp_filtered_reads_plot-pct.png",
                "multiqc/multiqc_plots/svg",
                "multiqc/multiqc_plots/svg/bclconvert-lane-stats-table.svg",
                "multiqc/multiqc_plots/svg/bclconvert-sample-stats-table.svg",
                "multiqc/multiqc_plots/svg/bclconvert_lane_counts-cnt.svg",
                "multiqc/multiqc_plots/svg/bclconvert_lane_counts-pct.svg",
                "multiqc/multiqc_plots/svg/bclconvert_sample_counts_Counts_per_lane-cnt.svg",
                "multiqc/multiqc_plots/svg/bclconvert_sample_counts_Counts_per_lane-pct.svg",
                "multiqc/multiqc_plots/svg/bclconvert_sample_counts_Index_mismatches-cnt.svg",
                "multiqc/multiqc_plots/svg/bclconvert_sample_counts_Index_mismatches-pct.svg",
                "multiqc/multiqc_plots/svg/fastp-seq-content-gc-plot_Read_1_After_filtering.svg",
                "multiqc/multiqc_plots/svg/fastp-seq-content-gc-plot_Read_1_Before_filtering.svg",
                "multiqc/multiqc_plots/svg/fastp-seq-content-n-plot_Read_1_After_filtering.svg",
                "multiqc/multiqc_plots/svg/fastp-seq-content-n-plot_Read_1_Before_filtering.svg",
                "multiqc/multiqc_plots/svg/fastp-seq-quality-plot_Read_1_After_filtering.svg",
                "multiqc/multiqc_plots/svg/fastp-seq-quality-plot_Read_1_Before_filtering.svg",
                "multiqc/multiqc_plots/svg/fastp_filtered_reads_plot-cnt.svg",
                "multiqc/multiqc_plots/svg/fastp_filtered_reads_plot-pct.svg",
                "multiqc/multiqc_report.html",
                "pipeline_info",
                "pipeline_info/nf_core_demultiplex_software_mqc_versions.yml",
                "samplesheet",
                "samplesheet/atacseq_samplesheet.csv",
                "samplesheet/methylseq_samplesheet.csv",
                "samplesheet/rnaseq_samplesheet.csv",
                "samplesheet/sarek_samplesheet.csv",
                "samplesheet/taxprofiler_samplesheet.csv",
                "test_adapter",
                "test_adapter.lane1_no_adapters.csv",
                "test_adapter/InterOp",
                "test_adapter/InterOp/ControlMetricsOut.bin",
                "test_adapter/InterOp/CorrectedIntMetricsOut.bin",
                "test_adapter/InterOp/ErrorMetricsOut.bin",
                "test_adapter/InterOp/ExtractionMetricsOut.bin",
                "test_adapter/InterOp/IndexMetricsOut.bin",
                "test_adapter/InterOp/QMetricsOut.bin",
                "test_adapter/InterOp/TileMetricsOut.bin",
                "test_adapter/L001",
                "test_adapter/L001/Reports",
                "test_adapter/L001/Reports/Adapter_Cycle_Metrics.csv",
                "test_adapter/L001/Reports/Adapter_Metrics.csv",
                "test_adapter/L001/Reports/Demultiplex_Stats.csv",
                "test_adapter/L001/Reports/Demultiplex_Tile_Stats.csv",
                "test_adapter/L001/Reports/IndexMetricsOut.bin",
                "test_adapter/L001/Reports/Index_Hopping_Counts.csv",
                "test_adapter/L001/Reports/Quality_Metrics.csv",
                "test_adapter/L001/Reports/Quality_Tile_Metrics.csv",
                "test_adapter/L001/Reports/RunInfo.xml",
                "test_adapter/L001/Reports/SampleSheet.csv",
                "test_adapter/L001/Reports/Top_Unknown_Barcodes.csv",
                "test_adapter/L001/Reports/fastq_list.csv",
                "test_adapter/L001/Sample1_S1_L001.fastp.fastq.gz",
                "test_adapter/L001/Sample1_S1_L001.fastp.fastq.gz.md5",
                "test_adapter/L001/Sample1_S1_L001.fastp.html",
                "test_adapter/L001/Sample1_S1_L001.fastp.json",
                "test_adapter/L001/Sample1_S1_L001_R1_001.fastq.gz",
                "test_adapter/L001/Undetermined_S0_L001_R1_001.fastq.gz",
                "test_no_adapter",
                "test_no_adapter.lane1_no_adapters.csv",
                "test_no_adapter/InterOp",
                "test_no_adapter/InterOp/ControlMetricsOut.bin",
                "test_no_adapter/InterOp/CorrectedIntMetricsOut.bin",
                "test_no_adapter/InterOp/ErrorMetricsOut.bin",
                "test_no_adapter/InterOp/ExtractionMetricsOut.bin",
                "test_no_adapter/InterOp/IndexMetricsOut.bin",
                "test_no_adapter/InterOp/QMetricsOut.bin",
                "test_no_adapter/InterOp/TileMetricsOut.bin",
                "test_no_adapter/L001",
                "test_no_adapter/L001/Reports",
                "test_no_adapter/L001/Reports/Adapter_Cycle_Metrics.csv",
                "test_no_adapter/L001/Reports/Adapter_Metrics.csv",
                "test_no_adapter/L001/Reports/Demultiplex_Stats.csv",
                "test_no_adapter/L001/Reports/Demultiplex_Tile_Stats.csv",
                "test_no_adapter/L001/Reports/IndexMetricsOut.bin",
                "test_no_adapter/L001/Reports/Index_Hopping_Counts.csv",
                "test_no_adapter/L001/Reports/Quality_Metrics.csv",
                "test_no_adapter/L001/Reports/Quality_Tile_Metrics.csv",
                "test_no_adapter/L001/Reports/RunInfo.xml",
                "test_no_adapter/L001/Reports/SampleSheet.csv",
                "test_no_adapter/L001/Reports/Top_Unknown_Barcodes.csv",
                "test_no_adapter/L001/Reports/fastq_list.csv",
                "test_no_adapter/L001/Sample1_S1_L001.fastp.fastq.gz",
                "test_no_adapter/L001/Sample1_S1_L001.fastp.fastq.gz.md5",
                "test_no_adapter/L001/Sample1_S1_L001.fastp.html",
                "test_no_adapter/L001/Sample1_S1_L001.fastp.json",
                "test_no_adapter/L001/Sample1_S1_L001_R1_001.fastq.gz",
                "test_no_adapter/L001/Undetermined_S0_L001_R1_001.fastq.gz"
            ],
            [
                "bclconvert-lane-stats-table.txt:md5,540061dc1e04afedc3a5b4122a40e963",
                "bclconvert-sample-stats-table.txt:md5,d852583a8dc32985149f4ce79fcc48e9",
                "bclconvert_lane_counts.txt:md5,72f3992e96934b3774c682dde9a087b0",
                "bclconvert_sample_counts_Counts_per_lane.txt:md5,a7e57ab911ba2cf74ec7bd93b921036d",
                "bclconvert_sample_counts_Index_mismatches.txt:md5,42e7e13db1325f733025ce775cd8cf1b",
                "fastp-seq-content-gc-plot_Read_1_After_filtering.txt:md5,8105d4ce1d752e1f8a26e4291e8d9c6c",
                "fastp-seq-content-gc-plot_Read_1_Before_filtering.txt:md5,0ac68e41c4de8ca35a1cd6ee7c6cb3f3",
                "fastp-seq-content-n-plot_Read_1_After_filtering.txt:md5,1ec69a9fd0d46a39dfb59e377733e98b",
                "fastp-seq-content-n-plot_Read_1_Before_filtering.txt:md5,1ec69a9fd0d46a39dfb59e377733e98b",
                "fastp-seq-quality-plot_Read_1_After_filtering.txt:md5,1701b40c23dca068210f5410788e3be1",
                "fastp-seq-quality-plot_Read_1_Before_filtering.txt:md5,35de9aebdc467b1bbc9fd1f40d3aece4",
                "fastp_filtered_reads_plot.txt:md5,02825e43da90036b7ae65efe82671c6e",
                "multiqc_bclconvert_bylane.txt:md5,142062290c4e4d4322369b593f37c02b",
                "multiqc_bclconvert_bysample.txt:md5,6f73a577eb31b33cca5fe5b111bc72ed",
                "multiqc_citations.txt:md5,d35df50e9903a96a2b3bce3c1fbc8ad2",
                "test_adapter.lane1_no_adapters.csv:md5,80921be4aa85eb59b672efa1b098bdf1",
                "ControlMetricsOut.bin:md5,6d77b38d0793a6e1ce1e85706e488953",
                "CorrectedIntMetricsOut.bin:md5,2bbf84d3be72734addaa2fe794711434",
                "ErrorMetricsOut.bin:md5,38c88def138e9bb832539911affdb286",
                "ExtractionMetricsOut.bin:md5,7497c3178837eea8f09350b5cd252e99",
                "IndexMetricsOut.bin:md5,d41d8cd98f00b204e9800998ecf8427e",
                "QMetricsOut.bin:md5,7e9f198d53ebdfbb699a5f94cf1ed51c",
                "TileMetricsOut.bin:md5,83891751ec1c91a425a524b476b6ca3c",
                "Adapter_Cycle_Metrics.csv:md5,5a0c88793b4a0885fe3dda16609b576e",
                "Adapter_Metrics.csv:md5,989240b8840b2169ac1061f952c90f6c",
                "Demultiplex_Stats.csv:md5,93949a8cd96f907d83e0808c1ec2a04b",
                "Demultiplex_Tile_Stats.csv:md5,83120160b0f22a1303fa1db31c19f6e9",
                "IndexMetricsOut.bin:md5,9e688c58a5487b8eaf69c9e1005ad0bf",
                "Index_Hopping_Counts.csv:md5,1059369e375fd8f8423c0f6c934be978",
                "Quality_Metrics.csv:md5,6614accb1bb414fe312b17b81f5521f7",
                "Quality_Tile_Metrics.csv:md5,cdc89fd2962bdd4a24f71e186112118a",
                "RunInfo.xml:md5,03038959f4dd181c86bc97ae71fe270a",
                "SampleSheet.csv:md5,80921be4aa85eb59b672efa1b098bdf1",
                "Top_Unknown_Barcodes.csv:md5,2e2faba761137f228e56bd3428453ccc",
                "fastq_list.csv:md5,ae1470cd741e33b87a4ad26f849a50f9",
                "Sample1_S1_L001.fastp.fastq.gz:md5,64639ff33d4b07d62a9079f88cbbd373",
                "Sample1_S1_L001.fastp.fastq.gz.md5:md5,9ecb28b42ff9624bf0c56297d8a21cb5",
                "Sample1_S1_L001.fastp.json:md5,f32924123fc99081ca2d98377e316ae5",
                "Sample1_S1_L001_R1_001.fastq.gz:md5,0675fb6365322eaafb33c0f8e862b54b",
                "Undetermined_S0_L001_R1_001.fastq.gz:md5,d41d8cd98f00b204e9800998ecf8427e",
                "test_no_adapter.lane1_no_adapters.csv:md5,ee5db2e12754e069998b0a96e535238c",
                "ControlMetricsOut.bin:md5,6d77b38d0793a6e1ce1e85706e488953",
                "CorrectedIntMetricsOut.bin:md5,2bbf84d3be72734addaa2fe794711434",
                "ErrorMetricsOut.bin:md5,38c88def138e9bb832539911affdb286",
                "ExtractionMetricsOut.bin:md5,7497c3178837eea8f09350b5cd252e99",
                "IndexMetricsOut.bin:md5,d41d8cd98f00b204e9800998ecf8427e",
                "QMetricsOut.bin:md5,7e9f198d53ebdfbb699a5f94cf1ed51c",
                "TileMetricsOut.bin:md5,83891751ec1c91a425a524b476b6ca3c",
                "Adapter_Cycle_Metrics.csv:md5,5a0c88793b4a0885fe3dda16609b576e",
                "Adapter_Metrics.csv:md5,989240b8840b2169ac1061f952c90f6c",
                "Demultiplex_Stats.csv:md5,93949a8cd96f907d83e0808c1ec2a04b",
                "Demultiplex_Tile_Stats.csv:md5,83120160b0f22a1303fa1db31c19f6e9",
                "IndexMetricsOut.bin:md5,9e688c58a5487b8eaf69c9e1005ad0bf",
                "Index_Hopping_Counts.csv:md5,1059369e375fd8f8423c0f6c934be978",
                "Quality_Metrics.csv:md5,6614accb1bb414fe312b17b81f5521f7",
                "Quality_Tile_Metrics.csv:md5,cdc89fd2962bdd4a24f71e186112118a",
                "RunInfo.xml:md5,03038959f4dd181c86bc97ae71fe270a",
                "SampleSheet.csv:md5,ee5db2e12754e069998b0a96e535238c",
                "Top_Unknown_Barcodes.csv:md5,2e2faba761137f228e56bd3428453ccc",
                "fastq_list.csv:md5,ae1470cd741e33b87a4ad26f849a50f9",
                "Sample1_S1_L001.fastp.fastq.gz:md5,64639ff33d4b07d62a9079f88cbbd373",
                "Sample1_S1_L001.fastp.fastq.gz.md5:md5,9ecb28b42ff9624bf0c56297d8a21cb5",
                "Sample1_S1_L001.fastp.json:md5,f32924123fc99081ca2d98377e316ae5",
                "Sample1_S1_L001_R1_001.fastq.gz:md5,0675fb6365322eaafb33c0f8e862b54b",
                "Undetermined_S0_L001_R1_001.fastq.gz:md5,d41d8cd98f00b204e9800998ecf8427e"
            ]
        ],
        "meta": {
            "nf-test": "0.9.2",
            "nextflow": "25.04.6"
        },
        "timestamp": "2025-07-15T20:14:48.835661485"
    },
    "User wants to trim with the demultiplexer": {
        "content": [
            10,
            {
                "BCLCONVERT": {
                    "bclconvert": "4.3.13"
                },
                "MD5SUM": {
                    "md5sum": 9.5
                }
            },
            [
                "multiqc",
                "multiqc/multiqc_data",
                "multiqc/multiqc_data/BETA-multiqc.parquet",
                "multiqc/multiqc_data/bclconvert-lane-stats-table.txt",
                "multiqc/multiqc_data/bclconvert-sample-stats-table.txt",
                "multiqc/multiqc_data/bclconvert_lane_counts.txt",
                "multiqc/multiqc_data/bclconvert_sample_counts_Counts_per_lane.txt",
                "multiqc/multiqc_data/bclconvert_sample_counts_Index_mismatches.txt",
                "multiqc/multiqc_data/llms-full.txt",
                "multiqc/multiqc_data/multiqc.log",
                "multiqc/multiqc_data/multiqc_bclconvert_bylane.txt",
                "multiqc/multiqc_data/multiqc_bclconvert_bysample.txt",
                "multiqc/multiqc_data/multiqc_citations.txt",
                "multiqc/multiqc_data/multiqc_data.json",
                "multiqc/multiqc_data/multiqc_software_versions.txt",
                "multiqc/multiqc_data/multiqc_sources.txt",
                "multiqc/multiqc_plots",
                "multiqc/multiqc_plots/pdf",
                "multiqc/multiqc_plots/pdf/bclconvert-lane-stats-table.pdf",
                "multiqc/multiqc_plots/pdf/bclconvert-sample-stats-table.pdf",
                "multiqc/multiqc_plots/pdf/bclconvert_lane_counts-cnt.pdf",
                "multiqc/multiqc_plots/pdf/bclconvert_lane_counts-pct.pdf",
                "multiqc/multiqc_plots/pdf/bclconvert_sample_counts_Counts_per_lane-cnt.pdf",
                "multiqc/multiqc_plots/pdf/bclconvert_sample_counts_Counts_per_lane-pct.pdf",
                "multiqc/multiqc_plots/pdf/bclconvert_sample_counts_Index_mismatches-cnt.pdf",
                "multiqc/multiqc_plots/pdf/bclconvert_sample_counts_Index_mismatches-pct.pdf",
                "multiqc/multiqc_plots/png",
                "multiqc/multiqc_plots/png/bclconvert-lane-stats-table.png",
                "multiqc/multiqc_plots/png/bclconvert-sample-stats-table.png",
                "multiqc/multiqc_plots/png/bclconvert_lane_counts-cnt.png",
                "multiqc/multiqc_plots/png/bclconvert_lane_counts-pct.png",
                "multiqc/multiqc_plots/png/bclconvert_sample_counts_Counts_per_lane-cnt.png",
                "multiqc/multiqc_plots/png/bclconvert_sample_counts_Counts_per_lane-pct.png",
                "multiqc/multiqc_plots/png/bclconvert_sample_counts_Index_mismatches-cnt.png",
                "multiqc/multiqc_plots/png/bclconvert_sample_counts_Index_mismatches-pct.png",
                "multiqc/multiqc_plots/svg",
                "multiqc/multiqc_plots/svg/bclconvert-lane-stats-table.svg",
                "multiqc/multiqc_plots/svg/bclconvert-sample-stats-table.svg",
                "multiqc/multiqc_plots/svg/bclconvert_lane_counts-cnt.svg",
                "multiqc/multiqc_plots/svg/bclconvert_lane_counts-pct.svg",
                "multiqc/multiqc_plots/svg/bclconvert_sample_counts_Counts_per_lane-cnt.svg",
                "multiqc/multiqc_plots/svg/bclconvert_sample_counts_Counts_per_lane-pct.svg",
                "multiqc/multiqc_plots/svg/bclconvert_sample_counts_Index_mismatches-cnt.svg",
                "multiqc/multiqc_plots/svg/bclconvert_sample_counts_Index_mismatches-pct.svg",
                "multiqc/multiqc_report.html",
                "pipeline_info",
                "pipeline_info/nf_core_demultiplex_software_mqc_versions.yml",
                "samplesheet",
                "samplesheet/atacseq_samplesheet.csv",
                "samplesheet/methylseq_samplesheet.csv",
                "samplesheet/rnaseq_samplesheet.csv",
                "samplesheet/sarek_samplesheet.csv",
                "samplesheet/taxprofiler_samplesheet.csv",
                "test_adapter",
                "test_adapter.csv",
                "test_adapter/InterOp",
                "test_adapter/InterOp/ControlMetricsOut.bin",
                "test_adapter/InterOp/CorrectedIntMetricsOut.bin",
                "test_adapter/InterOp/ErrorMetricsOut.bin",
                "test_adapter/InterOp/ExtractionMetricsOut.bin",
                "test_adapter/InterOp/IndexMetricsOut.bin",
                "test_adapter/InterOp/QMetricsOut.bin",
                "test_adapter/InterOp/TileMetricsOut.bin",
                "test_adapter/L001",
                "test_adapter/L001/Reports",
                "test_adapter/L001/Reports/Adapter_Cycle_Metrics.csv",
                "test_adapter/L001/Reports/Adapter_Metrics.csv",
                "test_adapter/L001/Reports/Demultiplex_Stats.csv",
                "test_adapter/L001/Reports/Demultiplex_Tile_Stats.csv",
                "test_adapter/L001/Reports/IndexMetricsOut.bin",
                "test_adapter/L001/Reports/Index_Hopping_Counts.csv",
                "test_adapter/L001/Reports/Quality_Metrics.csv",
                "test_adapter/L001/Reports/Quality_Tile_Metrics.csv",
                "test_adapter/L001/Reports/RunInfo.xml",
                "test_adapter/L001/Reports/SampleSheet.csv",
                "test_adapter/L001/Reports/Top_Unknown_Barcodes.csv",
                "test_adapter/L001/Reports/fastq_list.csv",
                "test_adapter/L001/Sample1_S1_L001_R1_001.fastq.gz",
                "test_adapter/L001/Sample1_S1_L001_R1_001.fastq.gz.md5",
                "test_adapter/L001/Undetermined_S0_L001_R1_001.fastq.gz",
                "test_no_adapter",
                "test_no_adapter.csv",
                "test_no_adapter/InterOp",
                "test_no_adapter/InterOp/ControlMetricsOut.bin",
                "test_no_adapter/InterOp/CorrectedIntMetricsOut.bin",
                "test_no_adapter/InterOp/ErrorMetricsOut.bin",
                "test_no_adapter/InterOp/ExtractionMetricsOut.bin",
                "test_no_adapter/InterOp/IndexMetricsOut.bin",
                "test_no_adapter/InterOp/QMetricsOut.bin",
                "test_no_adapter/InterOp/TileMetricsOut.bin",
                "test_no_adapter/L001",
                "test_no_adapter/L001/Reports",
                "test_no_adapter/L001/Reports/Adapter_Cycle_Metrics.csv",
                "test_no_adapter/L001/Reports/Adapter_Metrics.csv",
                "test_no_adapter/L001/Reports/Demultiplex_Stats.csv",
                "test_no_adapter/L001/Reports/Demultiplex_Tile_Stats.csv",
                "test_no_adapter/L001/Reports/IndexMetricsOut.bin",
                "test_no_adapter/L001/Reports/Index_Hopping_Counts.csv",
                "test_no_adapter/L001/Reports/Quality_Metrics.csv",
                "test_no_adapter/L001/Reports/Quality_Tile_Metrics.csv",
                "test_no_adapter/L001/Reports/RunInfo.xml",
                "test_no_adapter/L001/Reports/SampleSheet.csv",
                "test_no_adapter/L001/Reports/Top_Unknown_Barcodes.csv",
                "test_no_adapter/L001/Reports/fastq_list.csv",
                "test_no_adapter/L001/Sample1_S1_L001_R1_001.fastq.gz",
                "test_no_adapter/L001/Sample1_S1_L001_R1_001.fastq.gz.md5",
                "test_no_adapter/L001/Undetermined_S0_L001_R1_001.fastq.gz"
            ],
            [
                "bclconvert-lane-stats-table.txt:md5,540061dc1e04afedc3a5b4122a40e963",
                "bclconvert-sample-stats-table.txt:md5,d852583a8dc32985149f4ce79fcc48e9",
                "bclconvert_lane_counts.txt:md5,72f3992e96934b3774c682dde9a087b0",
                "bclconvert_sample_counts_Counts_per_lane.txt:md5,a7e57ab911ba2cf74ec7bd93b921036d",
                "bclconvert_sample_counts_Index_mismatches.txt:md5,42e7e13db1325f733025ce775cd8cf1b",
                "multiqc_bclconvert_bylane.txt:md5,142062290c4e4d4322369b593f37c02b",
                "multiqc_bclconvert_bysample.txt:md5,6f73a577eb31b33cca5fe5b111bc72ed",
                "multiqc_citations.txt:md5,4c806e63a283ec1b7e78cdae3a923d4f",
                "test_adapter.csv:md5,f254a7d2613a73a53c59a97a20cc05c7",
                "ControlMetricsOut.bin:md5,6d77b38d0793a6e1ce1e85706e488953",
                "CorrectedIntMetricsOut.bin:md5,2bbf84d3be72734addaa2fe794711434",
                "ErrorMetricsOut.bin:md5,38c88def138e9bb832539911affdb286",
                "ExtractionMetricsOut.bin:md5,7497c3178837eea8f09350b5cd252e99",
                "IndexMetricsOut.bin:md5,d41d8cd98f00b204e9800998ecf8427e",
                "QMetricsOut.bin:md5,7e9f198d53ebdfbb699a5f94cf1ed51c",
                "TileMetricsOut.bin:md5,83891751ec1c91a425a524b476b6ca3c",
                "Adapter_Cycle_Metrics.csv:md5,5a0c88793b4a0885fe3dda16609b576e",
                "Adapter_Metrics.csv:md5,989240b8840b2169ac1061f952c90f6c",
                "Demultiplex_Stats.csv:md5,93949a8cd96f907d83e0808c1ec2a04b",
                "Demultiplex_Tile_Stats.csv:md5,83120160b0f22a1303fa1db31c19f6e9",
                "IndexMetricsOut.bin:md5,9e688c58a5487b8eaf69c9e1005ad0bf",
                "Index_Hopping_Counts.csv:md5,1059369e375fd8f8423c0f6c934be978",
                "Quality_Metrics.csv:md5,6614accb1bb414fe312b17b81f5521f7",
                "Quality_Tile_Metrics.csv:md5,cdc89fd2962bdd4a24f71e186112118a",
                "RunInfo.xml:md5,03038959f4dd181c86bc97ae71fe270a",
                "SampleSheet.csv:md5,f254a7d2613a73a53c59a97a20cc05c7",
                "Top_Unknown_Barcodes.csv:md5,2e2faba761137f228e56bd3428453ccc",
                "fastq_list.csv:md5,ae1470cd741e33b87a4ad26f849a50f9",
                "Sample1_S1_L001_R1_001.fastq.gz:md5,0675fb6365322eaafb33c0f8e862b54b",
                "Sample1_S1_L001_R1_001.fastq.gz.md5:md5,10295d4e5ca66dae7788bbf24886cded",
                "Undetermined_S0_L001_R1_001.fastq.gz:md5,d41d8cd98f00b204e9800998ecf8427e",
                "test_no_adapter.csv:md5,2df2e405991814571c021dc8749c2a89",
                "ControlMetricsOut.bin:md5,6d77b38d0793a6e1ce1e85706e488953",
                "CorrectedIntMetricsOut.bin:md5,2bbf84d3be72734addaa2fe794711434",
                "ErrorMetricsOut.bin:md5,38c88def138e9bb832539911affdb286",
                "ExtractionMetricsOut.bin:md5,7497c3178837eea8f09350b5cd252e99",
                "IndexMetricsOut.bin:md5,d41d8cd98f00b204e9800998ecf8427e",
                "QMetricsOut.bin:md5,7e9f198d53ebdfbb699a5f94cf1ed51c",
                "TileMetricsOut.bin:md5,83891751ec1c91a425a524b476b6ca3c",
                "Adapter_Cycle_Metrics.csv:md5,5a0c88793b4a0885fe3dda16609b576e",
                "Adapter_Metrics.csv:md5,989240b8840b2169ac1061f952c90f6c",
                "Demultiplex_Stats.csv:md5,93949a8cd96f907d83e0808c1ec2a04b",
                "Demultiplex_Tile_Stats.csv:md5,83120160b0f22a1303fa1db31c19f6e9",
                "IndexMetricsOut.bin:md5,9e688c58a5487b8eaf69c9e1005ad0bf",
                "Index_Hopping_Counts.csv:md5,1059369e375fd8f8423c0f6c934be978",
                "Quality_Metrics.csv:md5,6614accb1bb414fe312b17b81f5521f7",
                "Quality_Tile_Metrics.csv:md5,cdc89fd2962bdd4a24f71e186112118a",
                "RunInfo.xml:md5,03038959f4dd181c86bc97ae71fe270a",
                "SampleSheet.csv:md5,2df2e405991814571c021dc8749c2a89",
                "Top_Unknown_Barcodes.csv:md5,2e2faba761137f228e56bd3428453ccc",
                "fastq_list.csv:md5,ae1470cd741e33b87a4ad26f849a50f9",
                "Sample1_S1_L001_R1_001.fastq.gz:md5,0675fb6365322eaafb33c0f8e862b54b",
                "Sample1_S1_L001_R1_001.fastq.gz.md5:md5,10295d4e5ca66dae7788bbf24886cded",
                "Undetermined_S0_L001_R1_001.fastq.gz:md5,d41d8cd98f00b204e9800998ecf8427e"
            ]
        ],
        "meta": {
            "nf-test": "0.9.2",
            "nextflow": "25.04.6"
        },
        "timestamp": "2025-07-15T20:15:43.811709856"
    },
    "User wants to skip trimming all together": {
        "content": [
            10,
            {
                "BCLCONVERT": {
                    "bclconvert": "4.3.13"
                },
                "MD5SUM": {
                    "md5sum": 9.5
                }
            },
            [
                "multiqc",
                "multiqc/multiqc_data",
                "multiqc/multiqc_data/BETA-multiqc.parquet",
                "multiqc/multiqc_data/bclconvert-lane-stats-table.txt",
                "multiqc/multiqc_data/bclconvert-sample-stats-table.txt",
                "multiqc/multiqc_data/bclconvert_lane_counts.txt",
                "multiqc/multiqc_data/bclconvert_sample_counts_Counts_per_lane.txt",
                "multiqc/multiqc_data/bclconvert_sample_counts_Index_mismatches.txt",
                "multiqc/multiqc_data/llms-full.txt",
                "multiqc/multiqc_data/multiqc.log",
                "multiqc/multiqc_data/multiqc_bclconvert_bylane.txt",
                "multiqc/multiqc_data/multiqc_bclconvert_bysample.txt",
                "multiqc/multiqc_data/multiqc_citations.txt",
                "multiqc/multiqc_data/multiqc_data.json",
                "multiqc/multiqc_data/multiqc_software_versions.txt",
                "multiqc/multiqc_data/multiqc_sources.txt",
                "multiqc/multiqc_plots",
                "multiqc/multiqc_plots/pdf",
                "multiqc/multiqc_plots/pdf/bclconvert-lane-stats-table.pdf",
                "multiqc/multiqc_plots/pdf/bclconvert-sample-stats-table.pdf",
                "multiqc/multiqc_plots/pdf/bclconvert_lane_counts-cnt.pdf",
                "multiqc/multiqc_plots/pdf/bclconvert_lane_counts-pct.pdf",
                "multiqc/multiqc_plots/pdf/bclconvert_sample_counts_Counts_per_lane-cnt.pdf",
                "multiqc/multiqc_plots/pdf/bclconvert_sample_counts_Counts_per_lane-pct.pdf",
                "multiqc/multiqc_plots/pdf/bclconvert_sample_counts_Index_mismatches-cnt.pdf",
                "multiqc/multiqc_plots/pdf/bclconvert_sample_counts_Index_mismatches-pct.pdf",
                "multiqc/multiqc_plots/png",
                "multiqc/multiqc_plots/png/bclconvert-lane-stats-table.png",
                "multiqc/multiqc_plots/png/bclconvert-sample-stats-table.png",
                "multiqc/multiqc_plots/png/bclconvert_lane_counts-cnt.png",
                "multiqc/multiqc_plots/png/bclconvert_lane_counts-pct.png",
                "multiqc/multiqc_plots/png/bclconvert_sample_counts_Counts_per_lane-cnt.png",
                "multiqc/multiqc_plots/png/bclconvert_sample_counts_Counts_per_lane-pct.png",
                "multiqc/multiqc_plots/png/bclconvert_sample_counts_Index_mismatches-cnt.png",
                "multiqc/multiqc_plots/png/bclconvert_sample_counts_Index_mismatches-pct.png",
                "multiqc/multiqc_plots/svg",
                "multiqc/multiqc_plots/svg/bclconvert-lane-stats-table.svg",
                "multiqc/multiqc_plots/svg/bclconvert-sample-stats-table.svg",
                "multiqc/multiqc_plots/svg/bclconvert_lane_counts-cnt.svg",
                "multiqc/multiqc_plots/svg/bclconvert_lane_counts-pct.svg",
                "multiqc/multiqc_plots/svg/bclconvert_sample_counts_Counts_per_lane-cnt.svg",
                "multiqc/multiqc_plots/svg/bclconvert_sample_counts_Counts_per_lane-pct.svg",
                "multiqc/multiqc_plots/svg/bclconvert_sample_counts_Index_mismatches-cnt.svg",
                "multiqc/multiqc_plots/svg/bclconvert_sample_counts_Index_mismatches-pct.svg",
                "multiqc/multiqc_report.html",
                "pipeline_info",
                "pipeline_info/nf_core_demultiplex_software_mqc_versions.yml",
                "samplesheet",
                "samplesheet/atacseq_samplesheet.csv",
                "samplesheet/methylseq_samplesheet.csv",
                "samplesheet/rnaseq_samplesheet.csv",
                "samplesheet/sarek_samplesheet.csv",
                "samplesheet/taxprofiler_samplesheet.csv",
                "test_adapter",
                "test_adapter.lane1_no_adapters.csv",
                "test_adapter/InterOp",
                "test_adapter/InterOp/ControlMetricsOut.bin",
                "test_adapter/InterOp/CorrectedIntMetricsOut.bin",
                "test_adapter/InterOp/ErrorMetricsOut.bin",
                "test_adapter/InterOp/ExtractionMetricsOut.bin",
                "test_adapter/InterOp/IndexMetricsOut.bin",
                "test_adapter/InterOp/QMetricsOut.bin",
                "test_adapter/InterOp/TileMetricsOut.bin",
                "test_adapter/L001",
                "test_adapter/L001/Reports",
                "test_adapter/L001/Reports/Adapter_Cycle_Metrics.csv",
                "test_adapter/L001/Reports/Adapter_Metrics.csv",
                "test_adapter/L001/Reports/Demultiplex_Stats.csv",
                "test_adapter/L001/Reports/Demultiplex_Tile_Stats.csv",
                "test_adapter/L001/Reports/IndexMetricsOut.bin",
                "test_adapter/L001/Reports/Index_Hopping_Counts.csv",
                "test_adapter/L001/Reports/Quality_Metrics.csv",
                "test_adapter/L001/Reports/Quality_Tile_Metrics.csv",
                "test_adapter/L001/Reports/RunInfo.xml",
                "test_adapter/L001/Reports/SampleSheet.csv",
                "test_adapter/L001/Reports/Top_Unknown_Barcodes.csv",
                "test_adapter/L001/Reports/fastq_list.csv",
                "test_adapter/L001/Sample1_S1_L001_R1_001.fastq.gz",
                "test_adapter/L001/Sample1_S1_L001_R1_001.fastq.gz.md5",
                "test_adapter/L001/Undetermined_S0_L001_R1_001.fastq.gz",
                "test_no_adapter",
                "test_no_adapter.lane1_no_adapters.csv",
                "test_no_adapter/InterOp",
                "test_no_adapter/InterOp/ControlMetricsOut.bin",
                "test_no_adapter/InterOp/CorrectedIntMetricsOut.bin",
                "test_no_adapter/InterOp/ErrorMetricsOut.bin",
                "test_no_adapter/InterOp/ExtractionMetricsOut.bin",
                "test_no_adapter/InterOp/IndexMetricsOut.bin",
                "test_no_adapter/InterOp/QMetricsOut.bin",
                "test_no_adapter/InterOp/TileMetricsOut.bin",
                "test_no_adapter/L001",
                "test_no_adapter/L001/Reports",
                "test_no_adapter/L001/Reports/Adapter_Cycle_Metrics.csv",
                "test_no_adapter/L001/Reports/Adapter_Metrics.csv",
                "test_no_adapter/L001/Reports/Demultiplex_Stats.csv",
                "test_no_adapter/L001/Reports/Demultiplex_Tile_Stats.csv",
                "test_no_adapter/L001/Reports/IndexMetricsOut.bin",
                "test_no_adapter/L001/Reports/Index_Hopping_Counts.csv",
                "test_no_adapter/L001/Reports/Quality_Metrics.csv",
                "test_no_adapter/L001/Reports/Quality_Tile_Metrics.csv",
                "test_no_adapter/L001/Reports/RunInfo.xml",
                "test_no_adapter/L001/Reports/SampleSheet.csv",
                "test_no_adapter/L001/Reports/Top_Unknown_Barcodes.csv",
                "test_no_adapter/L001/Reports/fastq_list.csv",
                "test_no_adapter/L001/Sample1_S1_L001_R1_001.fastq.gz",
                "test_no_adapter/L001/Sample1_S1_L001_R1_001.fastq.gz.md5",
                "test_no_adapter/L001/Undetermined_S0_L001_R1_001.fastq.gz"
            ],
            [
                "bclconvert-lane-stats-table.txt:md5,540061dc1e04afedc3a5b4122a40e963",
                "bclconvert-sample-stats-table.txt:md5,d852583a8dc32985149f4ce79fcc48e9",
                "bclconvert_lane_counts.txt:md5,72f3992e96934b3774c682dde9a087b0",
                "bclconvert_sample_counts_Counts_per_lane.txt:md5,a7e57ab911ba2cf74ec7bd93b921036d",
                "bclconvert_sample_counts_Index_mismatches.txt:md5,42e7e13db1325f733025ce775cd8cf1b",
                "multiqc_bclconvert_bylane.txt:md5,142062290c4e4d4322369b593f37c02b",
                "multiqc_bclconvert_bysample.txt:md5,6f73a577eb31b33cca5fe5b111bc72ed",
                "multiqc_citations.txt:md5,4c806e63a283ec1b7e78cdae3a923d4f",
                "test_adapter.lane1_no_adapters.csv:md5,80921be4aa85eb59b672efa1b098bdf1",
                "ControlMetricsOut.bin:md5,6d77b38d0793a6e1ce1e85706e488953",
                "CorrectedIntMetricsOut.bin:md5,2bbf84d3be72734addaa2fe794711434",
                "ErrorMetricsOut.bin:md5,38c88def138e9bb832539911affdb286",
                "ExtractionMetricsOut.bin:md5,7497c3178837eea8f09350b5cd252e99",
                "IndexMetricsOut.bin:md5,d41d8cd98f00b204e9800998ecf8427e",
                "QMetricsOut.bin:md5,7e9f198d53ebdfbb699a5f94cf1ed51c",
                "TileMetricsOut.bin:md5,83891751ec1c91a425a524b476b6ca3c",
                "Adapter_Cycle_Metrics.csv:md5,5a0c88793b4a0885fe3dda16609b576e",
                "Adapter_Metrics.csv:md5,989240b8840b2169ac1061f952c90f6c",
                "Demultiplex_Stats.csv:md5,93949a8cd96f907d83e0808c1ec2a04b",
                "Demultiplex_Tile_Stats.csv:md5,83120160b0f22a1303fa1db31c19f6e9",
                "IndexMetricsOut.bin:md5,9e688c58a5487b8eaf69c9e1005ad0bf",
                "Index_Hopping_Counts.csv:md5,1059369e375fd8f8423c0f6c934be978",
                "Quality_Metrics.csv:md5,6614accb1bb414fe312b17b81f5521f7",
                "Quality_Tile_Metrics.csv:md5,cdc89fd2962bdd4a24f71e186112118a",
                "RunInfo.xml:md5,03038959f4dd181c86bc97ae71fe270a",
                "SampleSheet.csv:md5,80921be4aa85eb59b672efa1b098bdf1",
                "Top_Unknown_Barcodes.csv:md5,2e2faba761137f228e56bd3428453ccc",
                "fastq_list.csv:md5,ae1470cd741e33b87a4ad26f849a50f9",
                "Sample1_S1_L001_R1_001.fastq.gz:md5,0675fb6365322eaafb33c0f8e862b54b",
                "Sample1_S1_L001_R1_001.fastq.gz.md5:md5,10295d4e5ca66dae7788bbf24886cded",
                "Undetermined_S0_L001_R1_001.fastq.gz:md5,d41d8cd98f00b204e9800998ecf8427e",
                "test_no_adapter.lane1_no_adapters.csv:md5,ee5db2e12754e069998b0a96e535238c",
                "ControlMetricsOut.bin:md5,6d77b38d0793a6e1ce1e85706e488953",
                "CorrectedIntMetricsOut.bin:md5,2bbf84d3be72734addaa2fe794711434",
                "ErrorMetricsOut.bin:md5,38c88def138e9bb832539911affdb286",
                "ExtractionMetricsOut.bin:md5,7497c3178837eea8f09350b5cd252e99",
                "IndexMetricsOut.bin:md5,d41d8cd98f00b204e9800998ecf8427e",
                "QMetricsOut.bin:md5,7e9f198d53ebdfbb699a5f94cf1ed51c",
                "TileMetricsOut.bin:md5,83891751ec1c91a425a524b476b6ca3c",
                "Adapter_Cycle_Metrics.csv:md5,5a0c88793b4a0885fe3dda16609b576e",
                "Adapter_Metrics.csv:md5,989240b8840b2169ac1061f952c90f6c",
                "Demultiplex_Stats.csv:md5,93949a8cd96f907d83e0808c1ec2a04b",
                "Demultiplex_Tile_Stats.csv:md5,83120160b0f22a1303fa1db31c19f6e9",
                "IndexMetricsOut.bin:md5,9e688c58a5487b8eaf69c9e1005ad0bf",
                "Index_Hopping_Counts.csv:md5,1059369e375fd8f8423c0f6c934be978",
                "Quality_Metrics.csv:md5,6614accb1bb414fe312b17b81f5521f7",
                "Quality_Tile_Metrics.csv:md5,cdc89fd2962bdd4a24f71e186112118a",
                "RunInfo.xml:md5,03038959f4dd181c86bc97ae71fe270a",
                "SampleSheet.csv:md5,ee5db2e12754e069998b0a96e535238c",
                "Top_Unknown_Barcodes.csv:md5,2e2faba761137f228e56bd3428453ccc",
                "fastq_list.csv:md5,ae1470cd741e33b87a4ad26f849a50f9",
                "Sample1_S1_L001_R1_001.fastq.gz:md5,0675fb6365322eaafb33c0f8e862b54b",
                "Sample1_S1_L001_R1_001.fastq.gz.md5:md5,10295d4e5ca66dae7788bbf24886cded",
                "Undetermined_S0_L001_R1_001.fastq.gz:md5,d41d8cd98f00b204e9800998ecf8427e"
            ]
        ],
        "meta": {
            "nf-test": "0.9.2",
            "nextflow": "25.04.6"
        },
        "timestamp": "2025-07-15T20:16:49.636636174"
    }
}