{
    "software_versions": {
        "content": [
            "{UNTAR={untar=1.3}, Workflow={nf-core/demultiplex=v1.4.1}}"
        ],
        "meta": {
            "nf-test": "0.8.4",
            "nextflow": "23.10.1"
        },
        "timestamp": "2024-05-14T17:23:49.112967"
    },
    "bases2fastq": {
        "content": [
            "Metrics.csv:md5,87702e562aa1091e70e5d6e2e19f10b0",
            "RunManifest.json:md5,d4ecdb19e5fbcffab3e6e770c34023fb",
            "UnassignedSequences.csv:md5,11c1693830ce941b8cfb8d2431a59097",
            "DefaultSample_R1.fastq.gz:md5,0cc292ca98e126f915a6c0ea9588b752",
            "DefaultSample_R2.fastq.gz:md5,069b0ccb3069a47abd97c39377b10c34"
        ],
        "meta": {
            "nf-test": "0.8.4",
            "nextflow": "23.10.1"
        },
        "timestamp": "2023-12-11T16:40:05.942646"
    }
}