{
    "software_versions": {
        "content": [
            "{BCL2FASTQ={bcl2fastq=2.20.0.422}, FALCO={falco=1.2.1}, FASTP={fastp=0.23.4}, MD5SUM={md5sum=8.3}, Workflow={nf-core/demultiplex=v1.5.0dev}}"
        ],
        "meta": {
            "nf-test": "0.8.4",
            "nextflow": "24.04.3"
        },
        "timestamp": "2024-07-29T17:32:39.206192787"
    },
    "bcl2fastq": {
        "content": [
            "Sample1_S1_L001.fastp.fastq.gz:md5,64639ff33d4b07d62a9079f88cbbd373",
            "Sample1_S1_L001_R1_001.fastq.gz:md5,0675fb6365322eaafb33c0f8e862b54b",
            "Sample1_S1_L001_summary.txt:md5,510c6b8a26ff8d530950c05b3ca5a1c6"
        ],
        "meta": {
            "nf-test": "0.9.0",
            "nextflow": "23.10.1"
        },
        "timestamp": "2024-08-06T15:23:06.503332"
    },
    "multiqc": {
        "content": [
            "bcl2fastq_lane_counts.txt:md5,eed04dae0bae4250ac5f4ab580e32b0b",
            "fastp_filtered_reads_plot.txt:md5,fe76dc8c1650e83e16f547c1fe8a0767",
            "bcl2fastq_sample_counts.txt:md5,6454d154d69ffa563878f5b7fd3d9879"
        ],
        "meta": {
            "nf-test": "0.8.4",
            "nextflow": "23.10.4"
        },
        "timestamp": "2024-08-01T14:36:32.878473033"
    }
}