{
    "bclconvert": {
        "content": [
            "Sample1_S1_L001.fastp.fastq.gz:md5,64639ff33d4b07d62a9079f88cbbd373",
            "Sample1_S1_L001_R1_001.fastq.gz:md5,0675fb6365322eaafb33c0f8e862b54b",
            "Sample1_S1_L001_summary.txt:md5,510c6b8a26ff8d530950c05b3ca5a1c6",
            "Undetermined_S0_L001_R1_001.fastq.gz:md5,d41d8cd98f00b204e9800998ecf8427e"
        ],
        "meta": {
            "nf-test": "0.9.0",
            "nextflow": "23.10.1"
        },
        "timestamp": "2024-08-06T15:29:26.612324"
    },
    "software_versions": {
        "content": [
            "{BCLCONVERT={bclconvert=4.3.6}, FALCO={falco=1.2.1}, FASTP={fastp=0.23.4}, MD5SUM={md5sum=8.3}, Workflow={nf-core/demultiplex=v1.5.0dev}}"
        ],
        "meta": {
            "nf-test": "0.8.4",
            "nextflow": "24.04.3"
        },
        "timestamp": "2024-07-25T20:31:51.596302017"
    },
    "multiqc": {
        "content": [
            "bclconvert_lane_counts.txt:md5,68de4c4513456af9fd15e90c7145596a",
            "fastp_filtered_reads_plot.txt:md5,fe76dc8c1650e83e16f547c1fe8a0767",
            "bclconvert_sample_counts_Counts_per_lane.txt:md5,f12a2fb8c83cfd6262fcb1ea6dada571"
        ],
        "meta": {
            "nf-test": "0.8.4",
            "nextflow": "23.10.4"
        },
        "timestamp": "2024-08-01T14:51:11.574966834"
    }
}