{
    "SGDEMUX": {
        "content": [
            128,
            {
                "FALCO": {
                    "falco": "1.2.1"
                },
                "FASTP": {
                    "fastp": "0.23.4"
                },
                "MD5SUM": {
                    "md5sum": 8.3
                },
                "SGDEMUX": {
                    "sgdemux": "1.1.1"
                },
                "UNTAR_FLOWCELL": {
                    "untar": 1.34
                },
                "Workflow": {
                    "nf-core/demultiplex": "v1.5.2"
                }
            },
            [
                "fastq",
                "fastq/Undetermined_S25_L001.samplesheet.csv",
                "fastq/s10_S10_L001.samplesheet.csv",
                "fastq/s11_S11_L001.samplesheet.csv",
                "fastq/s12_S12_L001.samplesheet.csv",
                "fastq/s13_S13_L001.samplesheet.csv",
                "fastq/s14_S14_L001.samplesheet.csv",
                "fastq/s15_S15_L001.samplesheet.csv",
                "fastq/s16_S16_L001.samplesheet.csv",
                "fastq/s17_S17_L001.samplesheet.csv",
                "fastq/s18_S18_L001.samplesheet.csv",
                "fastq/s19_S19_L001.samplesheet.csv",
                "fastq/s1_S1_L001.samplesheet.csv",
                "fastq/s20_S20_L001.samplesheet.csv",
                "fastq/s21_S21_L001.samplesheet.csv",
                "fastq/s22_S22_L001.samplesheet.csv",
                "fastq/s23_S23_L001.samplesheet.csv",
                "fastq/s24_S24_L001.samplesheet.csv",
                "fastq/s2_S2_L001.samplesheet.csv",
                "fastq/s3_S3_L001.samplesheet.csv",
                "fastq/s4_S4_L001.samplesheet.csv",
                "fastq/s5_S5_L001.samplesheet.csv",
                "fastq/s6_S6_L001.samplesheet.csv",
                "fastq/s7_S7_L001.samplesheet.csv",
                "fastq/s8_S8_L001.samplesheet.csv",
                "fastq/s9_S9_L001.samplesheet.csv",
                "multiqc",
                "multiqc/multiqc_data",
                "multiqc/multiqc_data/fastp-seq-content-gc-plot_Read_1_After_filtering.txt",
                "multiqc/multiqc_data/fastp-seq-content-gc-plot_Read_1_Before_filtering.txt",
                "multiqc/multiqc_data/fastp-seq-content-gc-plot_Read_2_After_filtering.txt",
                "multiqc/multiqc_data/fastp-seq-content-gc-plot_Read_2_Before_filtering.txt",
                "multiqc/multiqc_data/fastp-seq-content-n-plot_Read_1_After_filtering.txt",
                "multiqc/multiqc_data/fastp-seq-content-n-plot_Read_1_Before_filtering.txt",
                "multiqc/multiqc_data/fastp-seq-content-n-plot_Read_2_After_filtering.txt",
                "multiqc/multiqc_data/fastp-seq-content-n-plot_Read_2_Before_filtering.txt",
                "multiqc/multiqc_data/fastp-seq-quality-plot_Read_1_After_filtering.txt",
                "multiqc/multiqc_data/fastp-seq-quality-plot_Read_1_Before_filtering.txt",
                "multiqc/multiqc_data/fastp-seq-quality-plot_Read_2_After_filtering.txt",
                "multiqc/multiqc_data/fastp-seq-quality-plot_Read_2_Before_filtering.txt",
                "multiqc/multiqc_data/fastp_filtered_reads_plot.txt",
                "multiqc/multiqc_data/fastqc-1-status-check-heatmap.txt",
                "multiqc/multiqc_data/fastqc-1_per_base_n_content_plot.txt",
                "multiqc/multiqc_data/fastqc-1_per_base_sequence_quality_plot.txt",
                "multiqc/multiqc_data/fastqc-1_per_sequence_gc_content_plot_Counts.txt",
                "multiqc/multiqc_data/fastqc-1_per_sequence_gc_content_plot_Percentages.txt",
                "multiqc/multiqc_data/fastqc-1_per_sequence_quality_scores_plot.txt",
                "multiqc/multiqc_data/fastqc-1_sequence_counts_plot.txt",
                "multiqc/multiqc_data/fastqc-1_sequence_duplication_levels_plot.txt",
                "multiqc/multiqc_data/fastqc-1_top_overrepresented_sequences_table.txt",
                "multiqc/multiqc_data/fastqc-2-status-check-heatmap.txt",
                "multiqc/multiqc_data/fastqc-2_per_base_n_content_plot.txt",
                "multiqc/multiqc_data/fastqc-2_per_base_sequence_quality_plot.txt",
                "multiqc/multiqc_data/fastqc-2_per_sequence_gc_content_plot_Counts.txt",
                "multiqc/multiqc_data/fastqc-2_per_sequence_gc_content_plot_Percentages.txt",
                "multiqc/multiqc_data/fastqc-2_per_sequence_quality_scores_plot.txt",
                "multiqc/multiqc_data/fastqc-2_sequence_counts_plot.txt",
                "multiqc/multiqc_data/fastqc-2_sequence_duplication_levels_plot.txt",
                "multiqc/multiqc_data/fastqc-2_top_overrepresented_sequences_table.txt",
                "multiqc/multiqc_data/multiqc.log",
                "multiqc/multiqc_data/multiqc_citations.txt",
                "multiqc/multiqc_data/multiqc_data.json",
                "multiqc/multiqc_data/multiqc_fastp.txt",
                "multiqc/multiqc_data/multiqc_fastqc.txt",
                "multiqc/multiqc_data/multiqc_fastqc_1.txt",
                "multiqc/multiqc_data/multiqc_general_stats.txt",
                "multiqc/multiqc_data/multiqc_software_versions.txt",
                "multiqc/multiqc_data/multiqc_sources.txt",
                "multiqc/multiqc_plots",
                "multiqc/multiqc_plots/pdf",
                "multiqc/multiqc_plots/pdf/fastp-seq-content-gc-plot_Read_1_After_filtering.pdf",
                "multiqc/multiqc_plots/pdf/fastp-seq-content-gc-plot_Read_1_Before_filtering.pdf",
                "multiqc/multiqc_plots/pdf/fastp-seq-content-gc-plot_Read_2_After_filtering.pdf",
                "multiqc/multiqc_plots/pdf/fastp-seq-content-gc-plot_Read_2_Before_filtering.pdf",
                "multiqc/multiqc_plots/pdf/fastp-seq-content-n-plot_Read_1_After_filtering.pdf",
                "multiqc/multiqc_plots/pdf/fastp-seq-content-n-plot_Read_1_Before_filtering.pdf",
                "multiqc/multiqc_plots/pdf/fastp-seq-content-n-plot_Read_2_After_filtering.pdf",
                "multiqc/multiqc_plots/pdf/fastp-seq-content-n-plot_Read_2_Before_filtering.pdf",
                "multiqc/multiqc_plots/pdf/fastp-seq-quality-plot_Read_1_After_filtering.pdf",
                "multiqc/multiqc_plots/pdf/fastp-seq-quality-plot_Read_1_Before_filtering.pdf",
                "multiqc/multiqc_plots/pdf/fastp-seq-quality-plot_Read_2_After_filtering.pdf",
                "multiqc/multiqc_plots/pdf/fastp-seq-quality-plot_Read_2_Before_filtering.pdf",
                "multiqc/multiqc_plots/pdf/fastp_filtered_reads_plot-cnt.pdf",
                "multiqc/multiqc_plots/pdf/fastp_filtered_reads_plot-pct.pdf",
                "multiqc/multiqc_plots/pdf/fastqc-1-status-check-heatmap.pdf",
                "multiqc/multiqc_plots/pdf/fastqc-1_per_base_n_content_plot.pdf",
                "multiqc/multiqc_plots/pdf/fastqc-1_per_base_sequence_quality_plot.pdf",
                "multiqc/multiqc_plots/pdf/fastqc-1_per_sequence_gc_content_plot_Counts.pdf",
                "multiqc/multiqc_plots/pdf/fastqc-1_per_sequence_gc_content_plot_Percentages.pdf",
                "multiqc/multiqc_plots/pdf/fastqc-1_per_sequence_quality_scores_plot.pdf",
                "multiqc/multiqc_plots/pdf/fastqc-1_sequence_counts_plot-cnt.pdf",
                "multiqc/multiqc_plots/pdf/fastqc-1_sequence_counts_plot-pct.pdf",
                "multiqc/multiqc_plots/pdf/fastqc-1_sequence_duplication_levels_plot.pdf",
                "multiqc/multiqc_plots/pdf/fastqc-1_top_overrepresented_sequences_table.pdf",
                "multiqc/multiqc_plots/pdf/fastqc-2-status-check-heatmap.pdf",
                "multiqc/multiqc_plots/pdf/fastqc-2_per_base_n_content_plot.pdf",
                "multiqc/multiqc_plots/pdf/fastqc-2_per_base_sequence_quality_plot.pdf",
                "multiqc/multiqc_plots/pdf/fastqc-2_per_sequence_gc_content_plot_Counts.pdf",
                "multiqc/multiqc_plots/pdf/fastqc-2_per_sequence_gc_content_plot_Percentages.pdf",
                "multiqc/multiqc_plots/pdf/fastqc-2_per_sequence_quality_scores_plot.pdf",
                "multiqc/multiqc_plots/pdf/fastqc-2_sequence_counts_plot-cnt.pdf",
                "multiqc/multiqc_plots/pdf/fastqc-2_sequence_counts_plot-pct.pdf",
                "multiqc/multiqc_plots/pdf/fastqc-2_sequence_duplication_levels_plot.pdf",
                "multiqc/multiqc_plots/pdf/fastqc-2_top_overrepresented_sequences_table.pdf",
                "multiqc/multiqc_plots/pdf/general_stats_table.pdf",
                "multiqc/multiqc_plots/png",
                "multiqc/multiqc_plots/png/fastp-seq-content-gc-plot_Read_1_After_filtering.png",
                "multiqc/multiqc_plots/png/fastp-seq-content-gc-plot_Read_1_Before_filtering.png",
                "multiqc/multiqc_plots/png/fastp-seq-content-gc-plot_Read_2_After_filtering.png",
                "multiqc/multiqc_plots/png/fastp-seq-content-gc-plot_Read_2_Before_filtering.png",
                "multiqc/multiqc_plots/png/fastp-seq-content-n-plot_Read_1_After_filtering.png",
                "multiqc/multiqc_plots/png/fastp-seq-content-n-plot_Read_1_Before_filtering.png",
                "multiqc/multiqc_plots/png/fastp-seq-content-n-plot_Read_2_After_filtering.png",
                "multiqc/multiqc_plots/png/fastp-seq-content-n-plot_Read_2_Before_filtering.png",
                "multiqc/multiqc_plots/png/fastp-seq-quality-plot_Read_1_After_filtering.png",
                "multiqc/multiqc_plots/png/fastp-seq-quality-plot_Read_1_Before_filtering.png",
                "multiqc/multiqc_plots/png/fastp-seq-quality-plot_Read_2_After_filtering.png",
                "multiqc/multiqc_plots/png/fastp-seq-quality-plot_Read_2_Before_filtering.png",
                "multiqc/multiqc_plots/png/fastp_filtered_reads_plot-cnt.png",
                "multiqc/multiqc_plots/png/fastp_filtered_reads_plot-pct.png",
                "multiqc/multiqc_plots/png/fastqc-1-status-check-heatmap.png",
                "multiqc/multiqc_plots/png/fastqc-1_per_base_n_content_plot.png",
                "multiqc/multiqc_plots/png/fastqc-1_per_base_sequence_quality_plot.png",
                "multiqc/multiqc_plots/png/fastqc-1_per_sequence_gc_content_plot_Counts.png",
                "multiqc/multiqc_plots/png/fastqc-1_per_sequence_gc_content_plot_Percentages.png",
                "multiqc/multiqc_plots/png/fastqc-1_per_sequence_quality_scores_plot.png",
                "multiqc/multiqc_plots/png/fastqc-1_sequence_counts_plot-cnt.png",
                "multiqc/multiqc_plots/png/fastqc-1_sequence_counts_plot-pct.png",
                "multiqc/multiqc_plots/png/fastqc-1_sequence_duplication_levels_plot.png",
                "multiqc/multiqc_plots/png/fastqc-1_top_overrepresented_sequences_table.png",
                "multiqc/multiqc_plots/png/fastqc-2-status-check-heatmap.png",
                "multiqc/multiqc_plots/png/fastqc-2_per_base_n_content_plot.png",
                "multiqc/multiqc_plots/png/fastqc-2_per_base_sequence_quality_plot.png",
                "multiqc/multiqc_plots/png/fastqc-2_per_sequence_gc_content_plot_Counts.png",
                "multiqc/multiqc_plots/png/fastqc-2_per_sequence_gc_content_plot_Percentages.png",
                "multiqc/multiqc_plots/png/fastqc-2_per_sequence_quality_scores_plot.png",
                "multiqc/multiqc_plots/png/fastqc-2_sequence_counts_plot-cnt.png",
                "multiqc/multiqc_plots/png/fastqc-2_sequence_counts_plot-pct.png",
                "multiqc/multiqc_plots/png/fastqc-2_sequence_duplication_levels_plot.png",
                "multiqc/multiqc_plots/png/fastqc-2_top_overrepresented_sequences_table.png",
                "multiqc/multiqc_plots/png/general_stats_table.png",
                "multiqc/multiqc_plots/svg",
                "multiqc/multiqc_plots/svg/fastp-seq-content-gc-plot_Read_1_After_filtering.svg",
                "multiqc/multiqc_plots/svg/fastp-seq-content-gc-plot_Read_1_Before_filtering.svg",
                "multiqc/multiqc_plots/svg/fastp-seq-content-gc-plot_Read_2_After_filtering.svg",
                "multiqc/multiqc_plots/svg/fastp-seq-content-gc-plot_Read_2_Before_filtering.svg",
                "multiqc/multiqc_plots/svg/fastp-seq-content-n-plot_Read_1_After_filtering.svg",
                "multiqc/multiqc_plots/svg/fastp-seq-content-n-plot_Read_1_Before_filtering.svg",
                "multiqc/multiqc_plots/svg/fastp-seq-content-n-plot_Read_2_After_filtering.svg",
                "multiqc/multiqc_plots/svg/fastp-seq-content-n-plot_Read_2_Before_filtering.svg",
                "multiqc/multiqc_plots/svg/fastp-seq-quality-plot_Read_1_After_filtering.svg",
                "multiqc/multiqc_plots/svg/fastp-seq-quality-plot_Read_1_Before_filtering.svg",
                "multiqc/multiqc_plots/svg/fastp-seq-quality-plot_Read_2_After_filtering.svg",
                "multiqc/multiqc_plots/svg/fastp-seq-quality-plot_Read_2_Before_filtering.svg",
                "multiqc/multiqc_plots/svg/fastp_filtered_reads_plot-cnt.svg",
                "multiqc/multiqc_plots/svg/fastp_filtered_reads_plot-pct.svg",
                "multiqc/multiqc_plots/svg/fastqc-1-status-check-heatmap.svg",
                "multiqc/multiqc_plots/svg/fastqc-1_per_base_n_content_plot.svg",
                "multiqc/multiqc_plots/svg/fastqc-1_per_base_sequence_quality_plot.svg",
                "multiqc/multiqc_plots/svg/fastqc-1_per_sequence_gc_content_plot_Counts.svg",
                "multiqc/multiqc_plots/svg/fastqc-1_per_sequence_gc_content_plot_Percentages.svg",
                "multiqc/multiqc_plots/svg/fastqc-1_per_sequence_quality_scores_plot.svg",
                "multiqc/multiqc_plots/svg/fastqc-1_sequence_counts_plot-cnt.svg",
                "multiqc/multiqc_plots/svg/fastqc-1_sequence_counts_plot-pct.svg",
                "multiqc/multiqc_plots/svg/fastqc-1_sequence_duplication_levels_plot.svg",
                "multiqc/multiqc_plots/svg/fastqc-1_top_overrepresented_sequences_table.svg",
                "multiqc/multiqc_plots/svg/fastqc-2-status-check-heatmap.svg",
                "multiqc/multiqc_plots/svg/fastqc-2_per_base_n_content_plot.svg",
                "multiqc/multiqc_plots/svg/fastqc-2_per_base_sequence_quality_plot.svg",
                "multiqc/multiqc_plots/svg/fastqc-2_per_sequence_gc_content_plot_Counts.svg",
                "multiqc/multiqc_plots/svg/fastqc-2_per_sequence_gc_content_plot_Percentages.svg",
                "multiqc/multiqc_plots/svg/fastqc-2_per_sequence_quality_scores_plot.svg",
                "multiqc/multiqc_plots/svg/fastqc-2_sequence_counts_plot-cnt.svg",
                "multiqc/multiqc_plots/svg/fastqc-2_sequence_counts_plot-pct.svg",
                "multiqc/multiqc_plots/svg/fastqc-2_sequence_duplication_levels_plot.svg",
                "multiqc/multiqc_plots/svg/fastqc-2_top_overrepresented_sequences_table.svg",
                "multiqc/multiqc_plots/svg/general_stats_table.svg",
                "multiqc/multiqc_report.html",
                "pipeline_info",
                "pipeline_info/nf_core_pipeline_software_mqc_versions.yml",
                "samplesheet",
                "samplesheet/samplesheet.csv",
                "sim-data",
                "sim-data.csv",
                "sim-data/Undetermined_S25_L001.fastp.html",
                "sim-data/Undetermined_S25_L001.fastp.json",
                "sim-data/Undetermined_S25_L001_1.fastp.fastq.gz",
                "sim-data/Undetermined_S25_L001_1.fastp.fastq.gz.md5",
                "sim-data/Undetermined_S25_L001_1.fastp.fastq.gz_fastqc_data.txt",
                "sim-data/Undetermined_S25_L001_1.fastp.fastq.gz_fastqc_report.html",
                "sim-data/Undetermined_S25_L001_1.fastp.fastq.gz_summary.txt",
                "sim-data/Undetermined_S25_L001_2.fastp.fastq.gz",
                "sim-data/Undetermined_S25_L001_2.fastp.fastq.gz.md5",
                "sim-data/Undetermined_S25_L001_2.fastp.fastq.gz_fastqc_data.txt",
                "sim-data/Undetermined_S25_L001_2.fastp.fastq.gz_fastqc_report.html",
                "sim-data/Undetermined_S25_L001_2.fastp.fastq.gz_summary.txt",
                "sim-data/metrics.tsv",
                "sim-data/most_frequent_unmatched.tsv",
                "sim-data/per_project_metrics.tsv",
                "sim-data/per_sample_metrics.tsv",
                "sim-data/s10_S10_L001.fastp.html",
                "sim-data/s10_S10_L001.fastp.json",
                "sim-data/s10_S10_L001_1.fastp.fastq.gz",
                "sim-data/s10_S10_L001_1.fastp.fastq.gz.md5",
                "sim-data/s10_S10_L001_1.fastp.fastq.gz_fastqc_data.txt",
                "sim-data/s10_S10_L001_1.fastp.fastq.gz_fastqc_report.html",
                "sim-data/s10_S10_L001_1.fastp.fastq.gz_summary.txt",
                "sim-data/s10_S10_L001_2.fastp.fastq.gz",
                "sim-data/s10_S10_L001_2.fastp.fastq.gz.md5",
                "sim-data/s10_S10_L001_2.fastp.fastq.gz_fastqc_data.txt",
                "sim-data/s10_S10_L001_2.fastp.fastq.gz_fastqc_report.html",
                "sim-data/s10_S10_L001_2.fastp.fastq.gz_summary.txt",
                "sim-data/s11_S11_L001.fastp.html",
                "sim-data/s11_S11_L001.fastp.json",
                "sim-data/s11_S11_L001_1.fastp.fastq.gz",
                "sim-data/s11_S11_L001_1.fastp.fastq.gz.md5",
                "sim-data/s11_S11_L001_1.fastp.fastq.gz_fastqc_data.txt",
                "sim-data/s11_S11_L001_1.fastp.fastq.gz_fastqc_report.html",
                "sim-data/s11_S11_L001_1.fastp.fastq.gz_summary.txt",
                "sim-data/s11_S11_L001_2.fastp.fastq.gz",
                "sim-data/s11_S11_L001_2.fastp.fastq.gz.md5",
                "sim-data/s11_S11_L001_2.fastp.fastq.gz_fastqc_data.txt",
                "sim-data/s11_S11_L001_2.fastp.fastq.gz_fastqc_report.html",
                "sim-data/s11_S11_L001_2.fastp.fastq.gz_summary.txt",
                "sim-data/s12_S12_L001.fastp.html",
                "sim-data/s12_S12_L001.fastp.json",
                "sim-data/s12_S12_L001_1.fastp.fastq.gz",
                "sim-data/s12_S12_L001_1.fastp.fastq.gz.md5",
                "sim-data/s12_S12_L001_1.fastp.fastq.gz_fastqc_data.txt",
                "sim-data/s12_S12_L001_1.fastp.fastq.gz_fastqc_report.html",
                "sim-data/s12_S12_L001_1.fastp.fastq.gz_summary.txt",
                "sim-data/s12_S12_L001_2.fastp.fastq.gz",
                "sim-data/s12_S12_L001_2.fastp.fastq.gz.md5",
                "sim-data/s12_S12_L001_2.fastp.fastq.gz_fastqc_data.txt",
                "sim-data/s12_S12_L001_2.fastp.fastq.gz_fastqc_report.html",
                "sim-data/s12_S12_L001_2.fastp.fastq.gz_summary.txt",
                "sim-data/s13_S13_L001.fastp.html",
                "sim-data/s13_S13_L001.fastp.json",
                "sim-data/s13_S13_L001_1.fastp.fastq.gz",
                "sim-data/s13_S13_L001_1.fastp.fastq.gz.md5",
                "sim-data/s13_S13_L001_1.fastp.fastq.gz_fastqc_data.txt",
                "sim-data/s13_S13_L001_1.fastp.fastq.gz_fastqc_report.html",
                "sim-data/s13_S13_L001_1.fastp.fastq.gz_summary.txt",
                "sim-data/s13_S13_L001_2.fastp.fastq.gz",
                "sim-data/s13_S13_L001_2.fastp.fastq.gz.md5",
                "sim-data/s13_S13_L001_2.fastp.fastq.gz_fastqc_data.txt",
                "sim-data/s13_S13_L001_2.fastp.fastq.gz_fastqc_report.html",
                "sim-data/s13_S13_L001_2.fastp.fastq.gz_summary.txt",
                "sim-data/s14_S14_L001.fastp.html",
                "sim-data/s14_S14_L001.fastp.json",
                "sim-data/s14_S14_L001_1.fastp.fastq.gz",
                "sim-data/s14_S14_L001_1.fastp.fastq.gz.md5",
                "sim-data/s14_S14_L001_1.fastp.fastq.gz_fastqc_data.txt",
                "sim-data/s14_S14_L001_1.fastp.fastq.gz_fastqc_report.html",
                "sim-data/s14_S14_L001_1.fastp.fastq.gz_summary.txt",
                "sim-data/s14_S14_L001_2.fastp.fastq.gz",
                "sim-data/s14_S14_L001_2.fastp.fastq.gz.md5",
                "sim-data/s14_S14_L001_2.fastp.fastq.gz_fastqc_data.txt",
                "sim-data/s14_S14_L001_2.fastp.fastq.gz_fastqc_report.html",
                "sim-data/s14_S14_L001_2.fastp.fastq.gz_summary.txt",
                "sim-data/s15_S15_L001.fastp.html",
                "sim-data/s15_S15_L001.fastp.json",
                "sim-data/s15_S15_L001_1.fastp.fastq.gz",
                "sim-data/s15_S15_L001_1.fastp.fastq.gz.md5",
                "sim-data/s15_S15_L001_1.fastp.fastq.gz_fastqc_data.txt",
                "sim-data/s15_S15_L001_1.fastp.fastq.gz_fastqc_report.html",
                "sim-data/s15_S15_L001_1.fastp.fastq.gz_summary.txt",
                "sim-data/s15_S15_L001_2.fastp.fastq.gz",
                "sim-data/s15_S15_L001_2.fastp.fastq.gz.md5",
                "sim-data/s15_S15_L001_2.fastp.fastq.gz_fastqc_data.txt",
                "sim-data/s15_S15_L001_2.fastp.fastq.gz_fastqc_report.html",
                "sim-data/s15_S15_L001_2.fastp.fastq.gz_summary.txt",
                "sim-data/s16_S16_L001.fastp.html",
                "sim-data/s16_S16_L001.fastp.json",
                "sim-data/s16_S16_L001_1.fastp.fastq.gz",
                "sim-data/s16_S16_L001_1.fastp.fastq.gz.md5",
                "sim-data/s16_S16_L001_1.fastp.fastq.gz_fastqc_data.txt",
                "sim-data/s16_S16_L001_1.fastp.fastq.gz_fastqc_report.html",
                "sim-data/s16_S16_L001_1.fastp.fastq.gz_summary.txt",
                "sim-data/s16_S16_L001_2.fastp.fastq.gz",
                "sim-data/s16_S16_L001_2.fastp.fastq.gz.md5",
                "sim-data/s16_S16_L001_2.fastp.fastq.gz_fastqc_data.txt",
                "sim-data/s16_S16_L001_2.fastp.fastq.gz_fastqc_report.html",
                "sim-data/s16_S16_L001_2.fastp.fastq.gz_summary.txt",
                "sim-data/s17_S17_L001.fastp.html",
                "sim-data/s17_S17_L001.fastp.json",
                "sim-data/s17_S17_L001_1.fastp.fastq.gz",
                "sim-data/s17_S17_L001_1.fastp.fastq.gz.md5",
                "sim-data/s17_S17_L001_1.fastp.fastq.gz_fastqc_data.txt",
                "sim-data/s17_S17_L001_1.fastp.fastq.gz_fastqc_report.html",
                "sim-data/s17_S17_L001_1.fastp.fastq.gz_summary.txt",
                "sim-data/s17_S17_L001_2.fastp.fastq.gz",
                "sim-data/s17_S17_L001_2.fastp.fastq.gz.md5",
                "sim-data/s17_S17_L001_2.fastp.fastq.gz_fastqc_data.txt",
                "sim-data/s17_S17_L001_2.fastp.fastq.gz_fastqc_report.html",
                "sim-data/s17_S17_L001_2.fastp.fastq.gz_summary.txt",
                "sim-data/s18_S18_L001.fastp.html",
                "sim-data/s18_S18_L001.fastp.json",
                "sim-data/s18_S18_L001_1.fastp.fastq.gz",
                "sim-data/s18_S18_L001_1.fastp.fastq.gz.md5",
                "sim-data/s18_S18_L001_1.fastp.fastq.gz_fastqc_data.txt",
                "sim-data/s18_S18_L001_1.fastp.fastq.gz_fastqc_report.html",
                "sim-data/s18_S18_L001_1.fastp.fastq.gz_summary.txt",
                "sim-data/s18_S18_L001_2.fastp.fastq.gz",
                "sim-data/s18_S18_L001_2.fastp.fastq.gz.md5",
                "sim-data/s18_S18_L001_2.fastp.fastq.gz_fastqc_data.txt",
                "sim-data/s18_S18_L001_2.fastp.fastq.gz_fastqc_report.html",
                "sim-data/s18_S18_L001_2.fastp.fastq.gz_summary.txt",
                "sim-data/s19_S19_L001.fastp.html",
                "sim-data/s19_S19_L001.fastp.json",
                "sim-data/s19_S19_L001_1.fastp.fastq.gz",
                "sim-data/s19_S19_L001_1.fastp.fastq.gz.md5",
                "sim-data/s19_S19_L001_1.fastp.fastq.gz_fastqc_data.txt",
                "sim-data/s19_S19_L001_1.fastp.fastq.gz_fastqc_report.html",
                "sim-data/s19_S19_L001_1.fastp.fastq.gz_summary.txt",
                "sim-data/s19_S19_L001_2.fastp.fastq.gz",
                "sim-data/s19_S19_L001_2.fastp.fastq.gz.md5",
                "sim-data/s19_S19_L001_2.fastp.fastq.gz_fastqc_data.txt",
                "sim-data/s19_S19_L001_2.fastp.fastq.gz_fastqc_report.html",
                "sim-data/s19_S19_L001_2.fastp.fastq.gz_summary.txt",
                "sim-data/s1_S1_L001.fastp.html",
                "sim-data/s1_S1_L001.fastp.json",
                "sim-data/s1_S1_L001_1.fastp.fastq.gz",
                "sim-data/s1_S1_L001_1.fastp.fastq.gz.md5",
                "sim-data/s1_S1_L001_1.fastp.fastq.gz_fastqc_data.txt",
                "sim-data/s1_S1_L001_1.fastp.fastq.gz_fastqc_report.html",
                "sim-data/s1_S1_L001_1.fastp.fastq.gz_summary.txt",
                "sim-data/s1_S1_L001_2.fastp.fastq.gz",
                "sim-data/s1_S1_L001_2.fastp.fastq.gz.md5",
                "sim-data/s1_S1_L001_2.fastp.fastq.gz_fastqc_data.txt",
                "sim-data/s1_S1_L001_2.fastp.fastq.gz_fastqc_report.html",
                "sim-data/s1_S1_L001_2.fastp.fastq.gz_summary.txt",
                "sim-data/s20_S20_L001.fastp.html",
                "sim-data/s20_S20_L001.fastp.json",
                "sim-data/s20_S20_L001_1.fastp.fastq.gz",
                "sim-data/s20_S20_L001_1.fastp.fastq.gz.md5",
                "sim-data/s20_S20_L001_1.fastp.fastq.gz_fastqc_data.txt",
                "sim-data/s20_S20_L001_1.fastp.fastq.gz_fastqc_report.html",
                "sim-data/s20_S20_L001_1.fastp.fastq.gz_summary.txt",
                "sim-data/s20_S20_L001_2.fastp.fastq.gz",
                "sim-data/s20_S20_L001_2.fastp.fastq.gz.md5",
                "sim-data/s20_S20_L001_2.fastp.fastq.gz_fastqc_data.txt",
                "sim-data/s20_S20_L001_2.fastp.fastq.gz_fastqc_report.html",
                "sim-data/s20_S20_L001_2.fastp.fastq.gz_summary.txt",
                "sim-data/s21_S21_L001.fastp.html",
                "sim-data/s21_S21_L001.fastp.json",
                "sim-data/s21_S21_L001_1.fastp.fastq.gz",
                "sim-data/s21_S21_L001_1.fastp.fastq.gz.md5",
                "sim-data/s21_S21_L001_1.fastp.fastq.gz_fastqc_data.txt",
                "sim-data/s21_S21_L001_1.fastp.fastq.gz_fastqc_report.html",
                "sim-data/s21_S21_L001_1.fastp.fastq.gz_summary.txt",
                "sim-data/s21_S21_L001_2.fastp.fastq.gz",
                "sim-data/s21_S21_L001_2.fastp.fastq.gz.md5",
                "sim-data/s21_S21_L001_2.fastp.fastq.gz_fastqc_data.txt",
                "sim-data/s21_S21_L001_2.fastp.fastq.gz_fastqc_report.html",
                "sim-data/s21_S21_L001_2.fastp.fastq.gz_summary.txt",
                "sim-data/s22_S22_L001.fastp.html",
                "sim-data/s22_S22_L001.fastp.json",
                "sim-data/s22_S22_L001_1.fastp.fastq.gz",
                "sim-data/s22_S22_L001_1.fastp.fastq.gz.md5",
                "sim-data/s22_S22_L001_1.fastp.fastq.gz_fastqc_data.txt",
                "sim-data/s22_S22_L001_1.fastp.fastq.gz_fastqc_report.html",
                "sim-data/s22_S22_L001_1.fastp.fastq.gz_summary.txt",
                "sim-data/s22_S22_L001_2.fastp.fastq.gz",
                "sim-data/s22_S22_L001_2.fastp.fastq.gz.md5",
                "sim-data/s22_S22_L001_2.fastp.fastq.gz_fastqc_data.txt",
                "sim-data/s22_S22_L001_2.fastp.fastq.gz_fastqc_report.html",
                "sim-data/s22_S22_L001_2.fastp.fastq.gz_summary.txt",
                "sim-data/s23_S23_L001.fastp.html",
                "sim-data/s23_S23_L001.fastp.json",
                "sim-data/s23_S23_L001_1.fastp.fastq.gz",
                "sim-data/s23_S23_L001_1.fastp.fastq.gz.md5",
                "sim-data/s23_S23_L001_1.fastp.fastq.gz_fastqc_data.txt",
                "sim-data/s23_S23_L001_1.fastp.fastq.gz_fastqc_report.html",
                "sim-data/s23_S23_L001_1.fastp.fastq.gz_summary.txt",
                "sim-data/s23_S23_L001_2.fastp.fastq.gz",
                "sim-data/s23_S23_L001_2.fastp.fastq.gz.md5",
                "sim-data/s23_S23_L001_2.fastp.fastq.gz_fastqc_data.txt",
                "sim-data/s23_S23_L001_2.fastp.fastq.gz_fastqc_report.html",
                "sim-data/s23_S23_L001_2.fastp.fastq.gz_summary.txt",
                "sim-data/s24_S24_L001.fastp.html",
                "sim-data/s24_S24_L001.fastp.json",
                "sim-data/s24_S24_L001_1.fastp.fastq.gz",
                "sim-data/s24_S24_L001_1.fastp.fastq.gz.md5",
                "sim-data/s24_S24_L001_1.fastp.fastq.gz_fastqc_data.txt",
                "sim-data/s24_S24_L001_1.fastp.fastq.gz_fastqc_report.html",
                "sim-data/s24_S24_L001_1.fastp.fastq.gz_summary.txt",
                "sim-data/s24_S24_L001_2.fastp.fastq.gz",
                "sim-data/s24_S24_L001_2.fastp.fastq.gz.md5",
                "sim-data/s24_S24_L001_2.fastp.fastq.gz_fastqc_data.txt",
                "sim-data/s24_S24_L001_2.fastp.fastq.gz_fastqc_report.html",
                "sim-data/s24_S24_L001_2.fastp.fastq.gz_summary.txt",
                "sim-data/s2_S2_L001.fastp.html",
                "sim-data/s2_S2_L001.fastp.json",
                "sim-data/s2_S2_L001_1.fastp.fastq.gz",
                "sim-data/s2_S2_L001_1.fastp.fastq.gz.md5",
                "sim-data/s2_S2_L001_1.fastp.fastq.gz_fastqc_data.txt",
                "sim-data/s2_S2_L001_1.fastp.fastq.gz_fastqc_report.html",
                "sim-data/s2_S2_L001_1.fastp.fastq.gz_summary.txt",
                "sim-data/s2_S2_L001_2.fastp.fastq.gz",
                "sim-data/s2_S2_L001_2.fastp.fastq.gz.md5",
                "sim-data/s2_S2_L001_2.fastp.fastq.gz_fastqc_data.txt",
                "sim-data/s2_S2_L001_2.fastp.fastq.gz_fastqc_report.html",
                "sim-data/s2_S2_L001_2.fastp.fastq.gz_summary.txt",
                "sim-data/s3_S3_L001.fastp.html",
                "sim-data/s3_S3_L001.fastp.json",
                "sim-data/s3_S3_L001_1.fastp.fastq.gz",
                "sim-data/s3_S3_L001_1.fastp.fastq.gz.md5",
                "sim-data/s3_S3_L001_1.fastp.fastq.gz_fastqc_data.txt",
                "sim-data/s3_S3_L001_1.fastp.fastq.gz_fastqc_report.html",
                "sim-data/s3_S3_L001_1.fastp.fastq.gz_summary.txt",
                "sim-data/s3_S3_L001_2.fastp.fastq.gz",
                "sim-data/s3_S3_L001_2.fastp.fastq.gz.md5",
                "sim-data/s3_S3_L001_2.fastp.fastq.gz_fastqc_data.txt",
                "sim-data/s3_S3_L001_2.fastp.fastq.gz_fastqc_report.html",
                "sim-data/s3_S3_L001_2.fastp.fastq.gz_summary.txt",
                "sim-data/s4_S4_L001.fastp.html",
                "sim-data/s4_S4_L001.fastp.json",
                "sim-data/s4_S4_L001_1.fastp.fastq.gz",
                "sim-data/s4_S4_L001_1.fastp.fastq.gz.md5",
                "sim-data/s4_S4_L001_1.fastp.fastq.gz_fastqc_data.txt",
                "sim-data/s4_S4_L001_1.fastp.fastq.gz_fastqc_report.html",
                "sim-data/s4_S4_L001_1.fastp.fastq.gz_summary.txt",
                "sim-data/s4_S4_L001_2.fastp.fastq.gz",
                "sim-data/s4_S4_L001_2.fastp.fastq.gz.md5",
                "sim-data/s4_S4_L001_2.fastp.fastq.gz_fastqc_data.txt",
                "sim-data/s4_S4_L001_2.fastp.fastq.gz_fastqc_report.html",
                "sim-data/s4_S4_L001_2.fastp.fastq.gz_summary.txt",
                "sim-data/s5_S5_L001.fastp.html",
                "sim-data/s5_S5_L001.fastp.json",
                "sim-data/s5_S5_L001_1.fastp.fastq.gz",
                "sim-data/s5_S5_L001_1.fastp.fastq.gz.md5",
                "sim-data/s5_S5_L001_1.fastp.fastq.gz_fastqc_data.txt",
                "sim-data/s5_S5_L001_1.fastp.fastq.gz_fastqc_report.html",
                "sim-data/s5_S5_L001_1.fastp.fastq.gz_summary.txt",
                "sim-data/s5_S5_L001_2.fastp.fastq.gz",
                "sim-data/s5_S5_L001_2.fastp.fastq.gz.md5",
                "sim-data/s5_S5_L001_2.fastp.fastq.gz_fastqc_data.txt",
                "sim-data/s5_S5_L001_2.fastp.fastq.gz_fastqc_report.html",
                "sim-data/s5_S5_L001_2.fastp.fastq.gz_summary.txt",
                "sim-data/s6_S6_L001.fastp.html",
                "sim-data/s6_S6_L001.fastp.json",
                "sim-data/s6_S6_L001_1.fastp.fastq.gz",
                "sim-data/s6_S6_L001_1.fastp.fastq.gz.md5",
                "sim-data/s6_S6_L001_1.fastp.fastq.gz_fastqc_data.txt",
                "sim-data/s6_S6_L001_1.fastp.fastq.gz_fastqc_report.html",
                "sim-data/s6_S6_L001_1.fastp.fastq.gz_summary.txt",
                "sim-data/s6_S6_L001_2.fastp.fastq.gz",
                "sim-data/s6_S6_L001_2.fastp.fastq.gz.md5",
                "sim-data/s6_S6_L001_2.fastp.fastq.gz_fastqc_data.txt",
                "sim-data/s6_S6_L001_2.fastp.fastq.gz_fastqc_report.html",
                "sim-data/s6_S6_L001_2.fastp.fastq.gz_summary.txt",
                "sim-data/s7_S7_L001.fastp.html",
                "sim-data/s7_S7_L001.fastp.json",
                "sim-data/s7_S7_L001_1.fastp.fastq.gz",
                "sim-data/s7_S7_L001_1.fastp.fastq.gz.md5",
                "sim-data/s7_S7_L001_1.fastp.fastq.gz_fastqc_data.txt",
                "sim-data/s7_S7_L001_1.fastp.fastq.gz_fastqc_report.html",
                "sim-data/s7_S7_L001_1.fastp.fastq.gz_summary.txt",
                "sim-data/s7_S7_L001_2.fastp.fastq.gz",
                "sim-data/s7_S7_L001_2.fastp.fastq.gz.md5",
                "sim-data/s7_S7_L001_2.fastp.fastq.gz_fastqc_data.txt",
                "sim-data/s7_S7_L001_2.fastp.fastq.gz_fastqc_report.html",
                "sim-data/s7_S7_L001_2.fastp.fastq.gz_summary.txt",
                "sim-data/s8_S8_L001.fastp.html",
                "sim-data/s8_S8_L001.fastp.json",
                "sim-data/s8_S8_L001_1.fastp.fastq.gz",
                "sim-data/s8_S8_L001_1.fastp.fastq.gz.md5",
                "sim-data/s8_S8_L001_1.fastp.fastq.gz_fastqc_data.txt",
                "sim-data/s8_S8_L001_1.fastp.fastq.gz_fastqc_report.html",
                "sim-data/s8_S8_L001_1.fastp.fastq.gz_summary.txt",
                "sim-data/s8_S8_L001_2.fastp.fastq.gz",
                "sim-data/s8_S8_L001_2.fastp.fastq.gz.md5",
                "sim-data/s8_S8_L001_2.fastp.fastq.gz_fastqc_data.txt",
                "sim-data/s8_S8_L001_2.fastp.fastq.gz_fastqc_report.html",
                "sim-data/s8_S8_L001_2.fastp.fastq.gz_summary.txt",
                "sim-data/s9_S9_L001.fastp.html",
                "sim-data/s9_S9_L001.fastp.json",
                "sim-data/s9_S9_L001_1.fastp.fastq.gz",
                "sim-data/s9_S9_L001_1.fastp.fastq.gz.md5",
                "sim-data/s9_S9_L001_1.fastp.fastq.gz_fastqc_data.txt",
                "sim-data/s9_S9_L001_1.fastp.fastq.gz_fastqc_report.html",
                "sim-data/s9_S9_L001_1.fastp.fastq.gz_summary.txt",
                "sim-data/s9_S9_L001_2.fastp.fastq.gz",
                "sim-data/s9_S9_L001_2.fastp.fastq.gz.md5",
                "sim-data/s9_S9_L001_2.fastp.fastq.gz_fastqc_data.txt",
                "sim-data/s9_S9_L001_2.fastp.fastq.gz_fastqc_report.html",
                "sim-data/s9_S9_L001_2.fastp.fastq.gz_summary.txt",
                "sim-data/sample_barcode_hop_metrics.tsv"
            ],
            [
                "fastp-seq-content-gc-plot_Read_1_After_filtering.txt:md5,f574676225613f374b561ef8d4779f33",
                "fastp-seq-content-gc-plot_Read_1_Before_filtering.txt:md5,f574676225613f374b561ef8d4779f33",
                "fastp-seq-content-gc-plot_Read_2_After_filtering.txt:md5,c5c2bfa3d096ebeef6823d147fa652fb",
                "fastp-seq-content-gc-plot_Read_2_Before_filtering.txt:md5,c5c2bfa3d096ebeef6823d147fa652fb",
                "fastp-seq-content-n-plot_Read_1_After_filtering.txt:md5,d2c7fc0c344909e4823099492d72e209",
                "fastp-seq-content-n-plot_Read_1_Before_filtering.txt:md5,d2c7fc0c344909e4823099492d72e209",
                "fastp-seq-content-n-plot_Read_2_After_filtering.txt:md5,d2c7fc0c344909e4823099492d72e209",
                "fastp-seq-content-n-plot_Read_2_Before_filtering.txt:md5,d2c7fc0c344909e4823099492d72e209",
                "fastp-seq-quality-plot_Read_1_After_filtering.txt:md5,b5e3d7a8aca6895859654a4115b38708",
                "fastp-seq-quality-plot_Read_1_Before_filtering.txt:md5,b5e3d7a8aca6895859654a4115b38708",
                "fastp-seq-quality-plot_Read_2_After_filtering.txt:md5,b5e3d7a8aca6895859654a4115b38708",
                "fastp-seq-quality-plot_Read_2_Before_filtering.txt:md5,b5e3d7a8aca6895859654a4115b38708",
                "fastp_filtered_reads_plot.txt:md5,0e60fe7db5d84497e03d814a9818e4c4",
                "fastqc-1-status-check-heatmap.txt:md5,5703a024d73268bec3d4e6c74eae0015",
                "fastqc-1_per_base_n_content_plot.txt:md5,c0d889e3447bb580a91c26d58367ea3d",
                "fastqc-1_per_base_sequence_quality_plot.txt:md5,fc98fee907d0942dc1e0a2c046e697fc",
                "fastqc-1_per_sequence_gc_content_plot_Counts.txt:md5,d76e3dbdcdcbb0c5dc60912c275be5e1",
                "fastqc-1_per_sequence_gc_content_plot_Percentages.txt:md5,727231c2c86c657e506296c2fda2025d",
                "fastqc-1_per_sequence_quality_scores_plot.txt:md5,89cb687875c238d4920f01401635edd4",
                "fastqc-1_sequence_counts_plot.txt:md5,020f9eacc4ddf1eef1f4187a3cf0122e",
                "fastqc-1_sequence_duplication_levels_plot.txt:md5,3c42607c5bda6eb3d39f45982f1c8e53",
                "fastqc-1_top_overrepresented_sequences_table.txt:md5,d41d8cd98f00b204e9800998ecf8427e",
                "fastqc-2-status-check-heatmap.txt:md5,b8be3788e4b8cee928fd5b5314741ead",
                "fastqc-2_per_base_n_content_plot.txt:md5,dee7d9c094c60dc3a67c4da1954303f2",
                "fastqc-2_per_base_sequence_quality_plot.txt:md5,5d63f6647b7589d04bf2f2f9db88f584",
                "fastqc-2_per_sequence_gc_content_plot_Counts.txt:md5,ae1a7e984622d704f03cb658d5f160f5",
                "fastqc-2_per_sequence_gc_content_plot_Percentages.txt:md5,7ade5018e5188777fddc82e35b06ef3f",
                "fastqc-2_per_sequence_quality_scores_plot.txt:md5,5d1d91faa379b3551b27a9b5c39ce5b0",
                "fastqc-2_sequence_counts_plot.txt:md5,1d5fa5876e4261235b9fa8650ee3ff7f",
                "fastqc-2_sequence_duplication_levels_plot.txt:md5,a524a5e16ed509a3615ea05aa6d36bd0",
                "fastqc-2_top_overrepresented_sequences_table.txt:md5,d41d8cd98f00b204e9800998ecf8427e",
                "multiqc_citations.txt:md5,d35df50e9903a96a2b3bce3c1fbc8ad2",
                "multiqc_fastqc.txt:md5,a7c0f80472810bed081063e213e4f972",
                "multiqc_fastqc_1.txt:md5,841b89f28d4c48114a6bd02095f82bc8",
                "multiqc_general_stats.txt:md5,a8e26d200183fc9d9adb36e6a4a8dc27",
                "sim-data.csv:md5,a5ea0ad63c5df73b5fc2436dd8d9dbfe",
                "Undetermined_S25_L001.fastp.json:md5,577922aa75bb6ab549ed7699ae45becc",
                "Undetermined_S25_L001_1.fastp.fastq.gz:md5,0b47650d469e68b468216d386e2af694",
                "Undetermined_S25_L001_1.fastp.fastq.gz.md5:md5,3684fe515dc0d5647eab81f7131b3d2c",
                "Undetermined_S25_L001_1.fastp.fastq.gz_fastqc_data.txt:md5,acd4d562ffe24343eabfd82b7d0f6b8c",
                "Undetermined_S25_L001_1.fastp.fastq.gz_summary.txt:md5,2773a074bb5a71968f1dd98118ae4e76",
                "Undetermined_S25_L001_2.fastp.fastq.gz:md5,009edc0de810778520f260fdb73294ee",
                "Undetermined_S25_L001_2.fastp.fastq.gz.md5:md5,38c93a737ac5e5bf0e23ba6952b1868c",
                "Undetermined_S25_L001_2.fastp.fastq.gz_fastqc_data.txt:md5,eed5f4f497fad4c24a687cf3d86fc23d",
                "Undetermined_S25_L001_2.fastp.fastq.gz_summary.txt:md5,396d83cb3242dcea508fea1a363deb2e",
                "metrics.tsv:md5,7627e4bd2a56ea551fd74b4a2b5cb4b2",
                "most_frequent_unmatched.tsv:md5,89393e8796a9a6f86d0b3b1167677997",
                "per_project_metrics.tsv:md5,7393bc580c8ed8431107ad3dd00a7d2a",
                "per_sample_metrics.tsv:md5,fb8ce024ad2508e7b22a4af65fe44358",
                "s10_S10_L001.fastp.json:md5,80d48c6afeade19ad0d7abf001cd95c5",
                "s10_S10_L001_1.fastp.fastq.gz:md5,52303deac9944fe81c999f37cc92b774",
                "s10_S10_L001_1.fastp.fastq.gz.md5:md5,6147f5d5721bf5f149efced580012559",
                "s10_S10_L001_1.fastp.fastq.gz_fastqc_data.txt:md5,4fa9b475aeeba0bd4f3bf3b6244f57f4",
                "s10_S10_L001_1.fastp.fastq.gz_summary.txt:md5,7b249bf0be75d3cf974499f9597639eb",
                "s10_S10_L001_2.fastp.fastq.gz:md5,d7198efc210cded25e2865f4b00299af",
                "s10_S10_L001_2.fastp.fastq.gz.md5:md5,b59a11137dbb7a61451f650e262b1ddc",
                "s10_S10_L001_2.fastp.fastq.gz_fastqc_data.txt:md5,79ebce36a4ef5e3957ec4e1bca191b05",
                "s10_S10_L001_2.fastp.fastq.gz_summary.txt:md5,51eec17fb5925449d8dbab7fb791fd22",
                "s11_S11_L001.fastp.json:md5,69c21db3faf4208f655d0188c64b2368",
                "s11_S11_L001_1.fastp.fastq.gz:md5,3820839a194c60e7fd3ac72015b3ae8c",
                "s11_S11_L001_1.fastp.fastq.gz.md5:md5,1d6266042b012d6aeb375b85ed43c6be",
                "s11_S11_L001_1.fastp.fastq.gz_fastqc_data.txt:md5,27fef55d4719455300102d3e00f8a21a",
                "s11_S11_L001_1.fastp.fastq.gz_summary.txt:md5,5ad483c15efbd63cd02d2f73d53bb38e",
                "s11_S11_L001_2.fastp.fastq.gz:md5,43d12576de673fe9309b3fe587d84795",
                "s11_S11_L001_2.fastp.fastq.gz.md5:md5,830393435cfec492bb0fc76c10f851a1",
                "s11_S11_L001_2.fastp.fastq.gz_fastqc_data.txt:md5,3308c3b365a3f711d4c8a1222dd047b1",
                "s11_S11_L001_2.fastp.fastq.gz_summary.txt:md5,8c7d8df8385c987111558f20c74bc7a8",
                "s12_S12_L001.fastp.json:md5,6c79234c342d223124a5ebedf05160c0",
                "s12_S12_L001_1.fastp.fastq.gz:md5,98f203bd4217c3faf0831c662ae59c3b",
                "s12_S12_L001_1.fastp.fastq.gz.md5:md5,41675b5c3820a0dda06ecd2a29e06d4c",
                "s12_S12_L001_1.fastp.fastq.gz_fastqc_data.txt:md5,f10a49df936f372465fc51f9ec9ce1cf",
                "s12_S12_L001_1.fastp.fastq.gz_summary.txt:md5,6a9fb5c47bf176eedbdaf8672860b8b1",
                "s12_S12_L001_2.fastp.fastq.gz:md5,a08a171377f13bbfb3af69633aa3b5f4",
                "s12_S12_L001_2.fastp.fastq.gz.md5:md5,dd11d6795f5c9d0a7282963806e2704e",
                "s12_S12_L001_2.fastp.fastq.gz_fastqc_data.txt:md5,bf9a83ba3a064c627174a3dcc6893f59",
                "s12_S12_L001_2.fastp.fastq.gz_summary.txt:md5,18d24eb865352bff4c82cb6a8463c434",
                "s13_S13_L001.fastp.json:md5,158cd7b4e8fad3d8a94589b302b83f72",
                "s13_S13_L001_1.fastp.fastq.gz:md5,8f74d91b7cc790711b197d1ae9d49fb8",
                "s13_S13_L001_1.fastp.fastq.gz.md5:md5,00b0537c1b1fe50a90f137a07c3e0572",
                "s13_S13_L001_1.fastp.fastq.gz_fastqc_data.txt:md5,d312b092d98213a0281b08164d34c595",
                "s13_S13_L001_1.fastp.fastq.gz_summary.txt:md5,fe67a6be44c4e53d93c917fcd1958557",
                "s13_S13_L001_2.fastp.fastq.gz:md5,5a3257041fa0813a1faeb9e3bb473b01",
                "s13_S13_L001_2.fastp.fastq.gz.md5:md5,602972f1aa1d1bfe0137c942454e99ae",
                "s13_S13_L001_2.fastp.fastq.gz_fastqc_data.txt:md5,f8968b2641e97b9696341cd926231b01",
                "s13_S13_L001_2.fastp.fastq.gz_summary.txt:md5,626000aef33eaa897aac54a485692e73",
                "s14_S14_L001.fastp.json:md5,afd266c7c3ec51f1a12dc8bc78a72679",
                "s14_S14_L001_1.fastp.fastq.gz:md5,326ee09f0289b769aaee08ff89e06553",
                "s14_S14_L001_1.fastp.fastq.gz.md5:md5,76defd4f0f7d9a407f2645b2206b980e",
                "s14_S14_L001_1.fastp.fastq.gz_fastqc_data.txt:md5,b2b3b571a687c26b576dc846cfaf7c71",
                "s14_S14_L001_1.fastp.fastq.gz_summary.txt:md5,bcab4acf0706420fa65e28f931f7dfb8",
                "s14_S14_L001_2.fastp.fastq.gz:md5,aa093a2de2d7dec06c823649854ca1b1",
                "s14_S14_L001_2.fastp.fastq.gz.md5:md5,7bcdddc2aff530dd7f5d5940f912bd2a",
                "s14_S14_L001_2.fastp.fastq.gz_fastqc_data.txt:md5,8919f5c53d98995b701cc1e503fd40ab",
                "s14_S14_L001_2.fastp.fastq.gz_summary.txt:md5,5b2c8f8f843a7415ac99ed08e6f6e26a",
                "s15_S15_L001.fastp.json:md5,ad5562b2e1dae32e7e0f2cf9b513ffc0",
                "s15_S15_L001_1.fastp.fastq.gz:md5,33c914041304398b50bff1fc8c9cb3c4",
                "s15_S15_L001_1.fastp.fastq.gz.md5:md5,dec30c73c9089cc5d04ba6d0c87c0c7f",
                "s15_S15_L001_1.fastp.fastq.gz_fastqc_data.txt:md5,c44fc65fcc801c38c150d653f5f1010b",
                "s15_S15_L001_1.fastp.fastq.gz_summary.txt:md5,ea325589ebc9c91e787086b40a6cef55",
                "s15_S15_L001_2.fastp.fastq.gz:md5,e82dd6e1bd55f05f0ada9a03e2c691b4",
                "s15_S15_L001_2.fastp.fastq.gz.md5:md5,36f47a74d9689aa8558da89eb85cb16f",
                "s15_S15_L001_2.fastp.fastq.gz_fastqc_data.txt:md5,baef3a9784bc14e4bae9f71ce9798d4b",
                "s15_S15_L001_2.fastp.fastq.gz_summary.txt:md5,b268d116b19152471cd5b39aeeb4250a",
                "s16_S16_L001.fastp.json:md5,cb64e853c84f114a9656e3447d64ddec",
                "s16_S16_L001_1.fastp.fastq.gz:md5,cfb2559ced707b9859bd1139aeaf095a",
                "s16_S16_L001_1.fastp.fastq.gz.md5:md5,3ca869612ebe98f8f6186447dcf84c37",
                "s16_S16_L001_1.fastp.fastq.gz_fastqc_data.txt:md5,e1bc05a3e5aec66da244db8b1c7d9c45",
                "s16_S16_L001_1.fastp.fastq.gz_summary.txt:md5,56a449550e1f90e63c84b9cecc3a6926",
                "s16_S16_L001_2.fastp.fastq.gz:md5,a7e0a080d7a20cb4019b7180ee508395",
                "s16_S16_L001_2.fastp.fastq.gz.md5:md5,f221c4ce8415169f710497a601a0979b",
                "s16_S16_L001_2.fastp.fastq.gz_fastqc_data.txt:md5,aa5940c304aded7ebdcf8e77fbf82790",
                "s16_S16_L001_2.fastp.fastq.gz_summary.txt:md5,48f1be23655c95ee531de6c74d5363f7",
                "s17_S17_L001.fastp.json:md5,9d0fb23f4f0f2f2ad884c9b0c2e63b4b",
                "s17_S17_L001_1.fastp.fastq.gz:md5,9c7281e5964234d74a66727ee3925d61",
                "s17_S17_L001_1.fastp.fastq.gz.md5:md5,6f1d4336ac17f49c306c5168d523b8c1",
                "s17_S17_L001_1.fastp.fastq.gz_fastqc_data.txt:md5,27e6228bbd655198df4a12898c093c6c",
                "s17_S17_L001_1.fastp.fastq.gz_summary.txt:md5,a060852219afee1717f5978c96a6f0b4",
                "s17_S17_L001_2.fastp.fastq.gz:md5,397fcccc102a1e19cfd306505c706e5e",
                "s17_S17_L001_2.fastp.fastq.gz.md5:md5,00c6068c25608dbe4793cd09c0288f93",
                "s17_S17_L001_2.fastp.fastq.gz_fastqc_data.txt:md5,a251ed99ec70d294e7ac81a75313c84a",
                "s17_S17_L001_2.fastp.fastq.gz_summary.txt:md5,e9c0bfa7edc625ee35efcf0290310522",
                "s18_S18_L001.fastp.json:md5,3dc0e57ad9b6e43bb5ae899271168760",
                "s18_S18_L001_1.fastp.fastq.gz:md5,45c7c4a23a896abf56e3b88743eff5ee",
                "s18_S18_L001_1.fastp.fastq.gz.md5:md5,ff0931de5424fcc5b42c580dc0f4e7ad",
                "s18_S18_L001_1.fastp.fastq.gz_fastqc_data.txt:md5,78dffd69cbb982ac0305b6bfd89cc3d3",
                "s18_S18_L001_1.fastp.fastq.gz_summary.txt:md5,430678af30b694675bb55c44895e43c9",
                "s18_S18_L001_2.fastp.fastq.gz:md5,3f2df4dda5a2a02328b68ca5c68c9c25",
                "s18_S18_L001_2.fastp.fastq.gz.md5:md5,639b943314a7cf4a3f94f15dc7bfba28",
                "s18_S18_L001_2.fastp.fastq.gz_fastqc_data.txt:md5,a0da0b33aebbfe2400b222d20ff6f0c9",
                "s18_S18_L001_2.fastp.fastq.gz_summary.txt:md5,72fb5ad494aec7d444e27e312dccef02",
                "s19_S19_L001.fastp.json:md5,4bf894d2ea823cfaa9815ade88052247",
                "s19_S19_L001_1.fastp.fastq.gz:md5,9715817f140b47d5f4351c6858ddfe1d",
                "s19_S19_L001_1.fastp.fastq.gz.md5:md5,224bc5fca95e5e22c97a482fd546b97c",
                "s19_S19_L001_1.fastp.fastq.gz_fastqc_data.txt:md5,565170aec89aac3ad8cc994e0c02fb94",
                "s19_S19_L001_1.fastp.fastq.gz_summary.txt:md5,f168956990e2e03711d0a0f05a714d62",
                "s19_S19_L001_2.fastp.fastq.gz:md5,14c6a0071ae5105fac16bc104e36d4d9",
                "s19_S19_L001_2.fastp.fastq.gz.md5:md5,1114681d086df53be0ef548c8d38b74e",
                "s19_S19_L001_2.fastp.fastq.gz_fastqc_data.txt:md5,1ae50eae977e12899f53e1915bd6c84e",
                "s19_S19_L001_2.fastp.fastq.gz_summary.txt:md5,afb812ad60f69a54785c4627887afc9f",
                "s1_S1_L001.fastp.json:md5,0dee4ce864b6a67bea6978c0da10324a",
                "s1_S1_L001_1.fastp.fastq.gz:md5,73fc073612acc77979e40e52bfbe061e",
                "s1_S1_L001_1.fastp.fastq.gz.md5:md5,93aa5e3c87d1f20d262d13b229507ed2",
                "s1_S1_L001_1.fastp.fastq.gz_fastqc_data.txt:md5,e7794f6855f4a3b8c9ebf1c2cdd232fa",
                "s1_S1_L001_1.fastp.fastq.gz_summary.txt:md5,fb68cce809ca970ce2c21bbddfcc83c5",
                "s1_S1_L001_2.fastp.fastq.gz:md5,9607b8bc11dbb31431067a0c501d4497",
                "s1_S1_L001_2.fastp.fastq.gz.md5:md5,7382c258e5b8609e75a8e171a5592e15",
                "s1_S1_L001_2.fastp.fastq.gz_fastqc_data.txt:md5,8b00620b860af90220306749ea9ac956",
                "s1_S1_L001_2.fastp.fastq.gz_summary.txt:md5,d4335a9d428aff4406f8a69884e9f49d",
                "s20_S20_L001.fastp.json:md5,a68d9f92ae4d7aec288a66333f4a47a6",
                "s20_S20_L001_1.fastp.fastq.gz:md5,f4d541534d390aac9c267d148e0078ee",
                "s20_S20_L001_1.fastp.fastq.gz.md5:md5,50c568b4b27952eebe657366ba01ea0a",
                "s20_S20_L001_1.fastp.fastq.gz_fastqc_data.txt:md5,5904d09727eddad113b2617a73f3560d",
                "s20_S20_L001_1.fastp.fastq.gz_summary.txt:md5,104e1e88be81035935d9378b4297ed99",
                "s20_S20_L001_2.fastp.fastq.gz:md5,e7fc1dc21937b46577bb6be8807d6bc1",
                "s20_S20_L001_2.fastp.fastq.gz.md5:md5,36247fe4f514244b959e6e7cc7ecaa9f",
                "s20_S20_L001_2.fastp.fastq.gz_fastqc_data.txt:md5,9db770cd97c38fc1c7fd7593a6a6e7e5",
                "s20_S20_L001_2.fastp.fastq.gz_summary.txt:md5,4d3f064d93a953ccbbd5c4356f9e0f35",
                "s21_S21_L001.fastp.json:md5,39b0ff239f397b3401e68a33f2cd3b9c",
                "s21_S21_L001_1.fastp.fastq.gz:md5,04e79880c0bc3e528e24234a5491af55",
                "s21_S21_L001_1.fastp.fastq.gz.md5:md5,80740ab17bd50e950fda91a69b6603cf",
                "s21_S21_L001_1.fastp.fastq.gz_fastqc_data.txt:md5,a301f613e4378c0f9d0d188283e70537",
                "s21_S21_L001_1.fastp.fastq.gz_summary.txt:md5,099ec060865f84c6ca0b9cda8715593e",
                "s21_S21_L001_2.fastp.fastq.gz:md5,1a77c05272b2939352647bd93be3d4f2",
                "s21_S21_L001_2.fastp.fastq.gz.md5:md5,7e7fe3240ddea350c29751d8c50c4c32",
                "s21_S21_L001_2.fastp.fastq.gz_fastqc_data.txt:md5,3737e525f80be2268020cb9e8602e9fb",
                "s21_S21_L001_2.fastp.fastq.gz_summary.txt:md5,c4ba56c975cc81110ebfc90ec0046017",
                "s22_S22_L001.fastp.json:md5,b53166d2c855f23743d0f97490f19188",
                "s22_S22_L001_1.fastp.fastq.gz:md5,5f69b2676b93865c273c218736e3299f",
                "s22_S22_L001_1.fastp.fastq.gz.md5:md5,23aa215eb9901c6f4eb0932baec549a5",
                "s22_S22_L001_1.fastp.fastq.gz_fastqc_data.txt:md5,1bd7571c703bc95182fb77a21a5effc7",
                "s22_S22_L001_1.fastp.fastq.gz_summary.txt:md5,7db2845c57d056bfd12abb735c590386",
                "s22_S22_L001_2.fastp.fastq.gz:md5,ba523a16fc426d9e47d45afe4608ab53",
                "s22_S22_L001_2.fastp.fastq.gz.md5:md5,1824835f86dc34105d47aeb9be338666",
                "s22_S22_L001_2.fastp.fastq.gz_fastqc_data.txt:md5,78566653ffacf37c1dd20cf1df022d27",
                "s22_S22_L001_2.fastp.fastq.gz_summary.txt:md5,e7cd7f21e9f6f392fa5e6402cae7090e",
                "s23_S23_L001.fastp.json:md5,708c0041dc1dfc697f728c04c6641b10",
                "s23_S23_L001_1.fastp.fastq.gz:md5,f6fc223a5a557e1102564b6074e73907",
                "s23_S23_L001_1.fastp.fastq.gz.md5:md5,941cc88478e460eada8ee4a51457eba1",
                "s23_S23_L001_1.fastp.fastq.gz_fastqc_data.txt:md5,c8c38f295b2e0c5ef330328513d78fb9",
                "s23_S23_L001_1.fastp.fastq.gz_summary.txt:md5,e8515c7bd99c2d9eb173d40020a6812d",
                "s23_S23_L001_2.fastp.fastq.gz:md5,e4ab0a6fe73543e27e4db3d0b0bd2f3c",
                "s23_S23_L001_2.fastp.fastq.gz.md5:md5,7da983235c181cb3e11d9b768d549d4f",
                "s23_S23_L001_2.fastp.fastq.gz_fastqc_data.txt:md5,f0e55a3a17216c4af9cd194a3e76a888",
                "s23_S23_L001_2.fastp.fastq.gz_summary.txt:md5,f682e34e586c3bf1a30bb82ca8e73e2f",
                "s24_S24_L001.fastp.json:md5,795c7967006f2118b5e03de8f2f725fa",
                "s24_S24_L001_1.fastp.fastq.gz:md5,8705b573deeb90040c637dadbf66f6dd",
                "s24_S24_L001_1.fastp.fastq.gz.md5:md5,a2cd9a272d7675b9d6c8ac201d7c58fe",
                "s24_S24_L001_1.fastp.fastq.gz_fastqc_data.txt:md5,3818296a4f78597bd0cf67eb3ee78f32",
                "s24_S24_L001_1.fastp.fastq.gz_summary.txt:md5,518b8e88fb761b286bafbb98a08ee881",
                "s24_S24_L001_2.fastp.fastq.gz:md5,b93d0fd0ff51fef5c1dd312aebbadca2",
                "s24_S24_L001_2.fastp.fastq.gz.md5:md5,84bdc1e89f7de32112679a991d7602c5",
                "s24_S24_L001_2.fastp.fastq.gz_fastqc_data.txt:md5,c0348c883e81ca3ca75fe2d1b64d4869",
                "s24_S24_L001_2.fastp.fastq.gz_summary.txt:md5,31b42f14233b8e0d666343d1513505a8",
                "s2_S2_L001.fastp.json:md5,b6bf8ddbc93f1902eca96b2648ee3b4c",
                "s2_S2_L001_1.fastp.fastq.gz:md5,72c96f6b8e429eae69af245b8c6b5536",
                "s2_S2_L001_1.fastp.fastq.gz.md5:md5,f44f13f2e664c72d6957bc3d66a22285",
                "s2_S2_L001_1.fastp.fastq.gz_fastqc_data.txt:md5,48b0ffd5de9cdaa13bca976c3825441a",
                "s2_S2_L001_1.fastp.fastq.gz_summary.txt:md5,304ba1248bcf45c55ea3b4296da24552",
                "s2_S2_L001_2.fastp.fastq.gz:md5,124f5d18d79b5bc11984f21ec54aefc8",
                "s2_S2_L001_2.fastp.fastq.gz.md5:md5,08a8169a966873d6d62c8aff9bb1aca5",
                "s2_S2_L001_2.fastp.fastq.gz_fastqc_data.txt:md5,0f2a7e6619fe63801c93015d48f8b4ce",
                "s2_S2_L001_2.fastp.fastq.gz_summary.txt:md5,0db4a8fa8bd97d07e524d52a64a24178",
                "s3_S3_L001.fastp.json:md5,128aaded1b45ae930d1930f9123216db",
                "s3_S3_L001_1.fastp.fastq.gz:md5,be51c8691501684015e08d016448a708",
                "s3_S3_L001_1.fastp.fastq.gz.md5:md5,fbaa33e9745348356a91443eb7ef7c08",
                "s3_S3_L001_1.fastp.fastq.gz_fastqc_data.txt:md5,e79e0c176aa2c029f9f44e0b77e6fa9e",
                "s3_S3_L001_1.fastp.fastq.gz_summary.txt:md5,e617ef76649de87544e539bb70f6bb0a",
                "s3_S3_L001_2.fastp.fastq.gz:md5,6e10f1475c9bb36774c3ca842cfe691a",
                "s3_S3_L001_2.fastp.fastq.gz.md5:md5,2360143e234e536ef246eea4d49b9b4a",
                "s3_S3_L001_2.fastp.fastq.gz_fastqc_data.txt:md5,2c35f7d7d62bb44ab3af4853e404b1bb",
                "s3_S3_L001_2.fastp.fastq.gz_summary.txt:md5,ffca8db65983038636ff963bb5659b4d",
                "s4_S4_L001.fastp.json:md5,bfc777692caeef686a843bc437e95c62",
                "s4_S4_L001_1.fastp.fastq.gz:md5,ab0930f46b02c6c8176b7906e5fa8267",
                "s4_S4_L001_1.fastp.fastq.gz.md5:md5,c04cdf386f28c2b64b42056fabcd3280",
                "s4_S4_L001_1.fastp.fastq.gz_fastqc_data.txt:md5,f7b64fd68a5edc4a2c4c9a34f2df184d",
                "s4_S4_L001_1.fastp.fastq.gz_summary.txt:md5,eee497397e2caa4a058e03d9d46f2174",
                "s4_S4_L001_2.fastp.fastq.gz:md5,fa6e6f7b31f010b0f8b394da9d856823",
                "s4_S4_L001_2.fastp.fastq.gz.md5:md5,430dfeb42c6916dcae78a7c81fd25cab",
                "s4_S4_L001_2.fastp.fastq.gz_fastqc_data.txt:md5,1fe84bdc9d6b99c55eeaac2aa8712e8f",
                "s4_S4_L001_2.fastp.fastq.gz_summary.txt:md5,6917954caa58e526a276f02b57f0c7ab",
                "s5_S5_L001.fastp.json:md5,6134ea1b573fcb10db241b23d45d0f7f",
                "s5_S5_L001_1.fastp.fastq.gz:md5,1544859aaaf4c800e3feffcf0a9c631f",
                "s5_S5_L001_1.fastp.fastq.gz.md5:md5,e3a7d8f9f1f7107bdcd32e93338d1688",
                "s5_S5_L001_1.fastp.fastq.gz_fastqc_data.txt:md5,a9aef4e6de099c500f60bcb8079a24e6",
                "s5_S5_L001_1.fastp.fastq.gz_summary.txt:md5,9f12bb6a600c436ccbcd710e9559c994",
                "s5_S5_L001_2.fastp.fastq.gz:md5,5cb4bf28fd9a58e8a0f7fd85828536a8",
                "s5_S5_L001_2.fastp.fastq.gz.md5:md5,297407f3fa36d6eb77e1cbdbef50a029",
                "s5_S5_L001_2.fastp.fastq.gz_fastqc_data.txt:md5,a55aa57a3a2f7af196008a48d4505ef2",
                "s5_S5_L001_2.fastp.fastq.gz_summary.txt:md5,8d5775b4a5d9562929c614899a1dfd95",
                "s6_S6_L001.fastp.json:md5,d469259e79944977e78398650bc044aa",
                "s6_S6_L001_1.fastp.fastq.gz:md5,36ace71e5204ad259026e5b34c4e84b5",
                "s6_S6_L001_1.fastp.fastq.gz.md5:md5,5fc820a8c8f9a0eef7f43bed8ab00643",
                "s6_S6_L001_1.fastp.fastq.gz_fastqc_data.txt:md5,cdfc985aec263f8995eb518704095b5e",
                "s6_S6_L001_1.fastp.fastq.gz_summary.txt:md5,146a06bf44e3d4b7e9ce482ed9c1615e",
                "s6_S6_L001_2.fastp.fastq.gz:md5,d7c217d183e0040162958cb3ed690c02",
                "s6_S6_L001_2.fastp.fastq.gz.md5:md5,af7ad3271b0e7c80b21e04749f9a1b94",
                "s6_S6_L001_2.fastp.fastq.gz_fastqc_data.txt:md5,f039af76dc510ca21b02f51149f42638",
                "s6_S6_L001_2.fastp.fastq.gz_summary.txt:md5,3c8c5cba794a17c486f49657852c7552",
                "s7_S7_L001.fastp.json:md5,7eb2472f134e22ea1923da56ff7fcd5a",
                "s7_S7_L001_1.fastp.fastq.gz:md5,fcfa4c26d3c1f12bf8f136ec6184e1e6",
                "s7_S7_L001_1.fastp.fastq.gz.md5:md5,d0396e2f5f9ee90b07a7e63f7002b189",
                "s7_S7_L001_1.fastp.fastq.gz_fastqc_data.txt:md5,e190f734ee7b330e07926d221e3745c2",
                "s7_S7_L001_1.fastp.fastq.gz_summary.txt:md5,d5d63a9ecc44b357bc23339318d14d78",
                "s7_S7_L001_2.fastp.fastq.gz:md5,25c2c1055b85d8428bd9b4631ea3a77b",
                "s7_S7_L001_2.fastp.fastq.gz.md5:md5,b919aa857d42280c5ba0f9732ae4cc23",
                "s7_S7_L001_2.fastp.fastq.gz_fastqc_data.txt:md5,07a28fe6179ab8bbf8562dc57f9c5a76",
                "s7_S7_L001_2.fastp.fastq.gz_summary.txt:md5,1e7ec6e822f8a6332b7b7c2e8b4e6452",
                "s8_S8_L001.fastp.json:md5,5bfcfe29a43c0d0ba8fac7fc9f084f04",
                "s8_S8_L001_1.fastp.fastq.gz:md5,e4582608f01a4b61709f64e11981754c",
                "s8_S8_L001_1.fastp.fastq.gz.md5:md5,36eb0b921149cdadb4b134a7ad3027ea",
                "s8_S8_L001_1.fastp.fastq.gz_fastqc_data.txt:md5,72bbd7b369881b2c19bc36fce1560e86",
                "s8_S8_L001_1.fastp.fastq.gz_summary.txt:md5,6ca5a53521272529d40149e0a0e78eec",
                "s8_S8_L001_2.fastp.fastq.gz:md5,aea4d16c6afb9cc26cfb3b87f750fd4a",
                "s8_S8_L001_2.fastp.fastq.gz.md5:md5,2c880372773ce9ef5a01a410c075fdef",
                "s8_S8_L001_2.fastp.fastq.gz_fastqc_data.txt:md5,c6cb60dbcb95f28ac2d851d44e45f4d1",
                "s8_S8_L001_2.fastp.fastq.gz_summary.txt:md5,5bbac0dc1a786404657e3824d383c36d",
                "s9_S9_L001.fastp.json:md5,709a327e837b44dc186c3407b91ab9c4",
                "s9_S9_L001_1.fastp.fastq.gz:md5,e7b31d4bde7b64f5513e1ab881fc62e1",
                "s9_S9_L001_1.fastp.fastq.gz.md5:md5,c53eab213c0f4102b8b521095134c641",
                "s9_S9_L001_1.fastp.fastq.gz_fastqc_data.txt:md5,5ab4a18d6b25c024be571ae67a918851",
                "s9_S9_L001_1.fastp.fastq.gz_summary.txt:md5,637f54a93198ba85537bcf73acd69895",
                "s9_S9_L001_2.fastp.fastq.gz:md5,7da27e3357d8642ebfc1665b7e99be68",
                "s9_S9_L001_2.fastp.fastq.gz.md5:md5,aef2fa5b73b4a08410ba084e52563687",
                "s9_S9_L001_2.fastp.fastq.gz_fastqc_data.txt:md5,956862e3eb6abf519ddf5fa6c92c0c79",
                "s9_S9_L001_2.fastp.fastq.gz_summary.txt:md5,7dc0d8335349100658abbcaaa1dcdf35",
                "sample_barcode_hop_metrics.tsv:md5,d41d8cd98f00b204e9800998ecf8427e"
            ]
        ],
        "meta": {
            "nf-test": "0.9.0",
            "nextflow": "24.04.4"
        },
        "timestamp": "2024-10-15T16:07:45.042862"
    }
}