{
    "software_versions_skip_trimming": {
        "content": [
            "{BCLCONVERT={bclconvert=4.3.6}, FALCO={falco=1.2.1}, FASTP={fastp=0.23.4}, MD5SUM={md5sum=8.3}, Workflow={nf-core/demultiplex=v1.5.0dev}}"
        ],
        "meta": {
            "nf-test": "0.8.4",
            "nextflow": "24.04.3"
        },
        "timestamp": "2024-07-25T20:38:35.033660203"
    },
    "skip_fastqc": {
        "content": [
            "Sample1_S1_L001_R1_001.fastq.gz:md5,0675fb6365322eaafb33c0f8e862b54b",
            "Sample1_S1_L001.fastp.fastq.gz.md5:md5,c3cd96f3a22fb6afbaa1df324814d54c",
            "Undetermined_S0_L001_R1_001.fastq.gz:md5,d41d8cd98f00b204e9800998ecf8427e"
        ],
        "meta": {
            "nf-test": "0.9.0",
            "nextflow": "23.10.1"
        },
        "timestamp": "2024-08-06T22:19:59.685774"
    },
    "skip_fastp": {
        "content": [
            "Sample1_S1_L001_R1_001.fastq.gz:md5,0675fb6365322eaafb33c0f8e862b54b",
            "Sample1_S1_L001_R1_001.fastq.gz.md5:md5,10295d4e5ca66dae7788bbf24886cded",
            "Undetermined_S0_L001_R1_001.fastq.gz:md5,d41d8cd98f00b204e9800998ecf8427e"
        ],
        "meta": {
            "nf-test": "0.9.0",
            "nextflow": "23.10.1"
        },
        "timestamp": "2024-08-06T22:18:05.36954"
    },
    "skip_multiqc": {
        "content": [
            "Sample1_S1_L001_R1_001.fastq.gz:md5,0675fb6365322eaafb33c0f8e862b54b",
            "Sample1_S1_L001.fastp.fastq.gz.md5:md5,c3cd96f3a22fb6afbaa1df324814d54c",
            "Undetermined_S0_L001_R1_001.fastq.gz:md5,d41d8cd98f00b204e9800998ecf8427e"
        ],
        "meta": {
            "nf-test": "0.9.0",
            "nextflow": "23.10.1"
        },
        "timestamp": "2024-08-06T22:22:48.85868"
    },
    "skip_fastp_fastqc": {
        "content": [
            "Sample1_S1_L001_R1_001.fastq.gz:md5,0675fb6365322eaafb33c0f8e862b54b",
            "Sample1_S1_L001_R1_001.fastq.gz.md5:md5,10295d4e5ca66dae7788bbf24886cded",
            "Undetermined_S0_L001_R1_001.fastq.gz:md5,d41d8cd98f00b204e9800998ecf8427e"
        ],
        "meta": {
            "nf-test": "0.9.0",
            "nextflow": "23.10.1"
        },
        "timestamp": "2024-08-06T22:21:09.911486"
    },
    "software_versions_skip_fastqc": {
        "content": [
            "{BCLCONVERT={bclconvert=4.3.6}, FALCO={falco=1.2.1}, FASTP={fastp=0.23.4}, MD5SUM={md5sum=8.3}, Workflow={nf-core/demultiplex=v1.5.0dev}}"
        ],
        "meta": {
            "nf-test": "0.8.4",
            "nextflow": "24.04.3"
        },
        "timestamp": "2024-07-25T20:40:12.591107775"
    },
    "software_versions_skip_fastp_fastqc": {
        "content": [
            "{BCLCONVERT={bclconvert=4.3.6}, FALCO={falco=1.2.1}, MD5SUM={md5sum=8.3}, Workflow={nf-core/demultiplex=v1.5.0dev}}"
        ],
        "meta": {
            "nf-test": "0.8.4",
            "nextflow": "24.04.3"
        },
        "timestamp": "2024-07-25T20:40:52.373539308"
    },
    "software_versions_skip_multiqc": {
        "content": [
            "{BCLCONVERT={bclconvert=4.3.6}, FALCO={falco=1.2.1}, FASTP={fastp=0.23.4}, MD5SUM={md5sum=8.3}, Workflow={nf-core/demultiplex=v1.5.0dev}}"
        ],
        "meta": {
            "nf-test": "0.8.4",
            "nextflow": "24.04.3"
        },
        "timestamp": "2024-07-25T20:41:53.704450617"
    },
    "software_versions_skip_fastp": {
        "content": [
            "{BCLCONVERT={bclconvert=4.3.6}, FALCO={falco=1.2.1}, MD5SUM={md5sum=8.3}, Workflow={nf-core/demultiplex=v1.5.0dev}}"
        ],
        "meta": {
            "nf-test": "0.8.4",
            "nextflow": "24.04.3"
        },
        "timestamp": "2024-07-25T20:39:04.450501154"
    },
    "skip_trimming": {
        "content": [
            "Sample1_S1_L001_R1_001.fastq.gz:md5,0675fb6365322eaafb33c0f8e862b54b",
            "Sample1_S1_L001_R1_001.fastq.gz.md5:md5,10295d4e5ca66dae7788bbf24886cded",
            "Undetermined_S0_L001_R1_001.fastq.gz:md5,d41d8cd98f00b204e9800998ecf8427e"
        ],
        "meta": {
            "nf-test": "0.9.0",
            "nextflow": "23.10.1"
        },
        "timestamp": "2024-08-06T22:16:50.999044"
    }
}