{
    "Should generate grouped FASTQ metadata for paired-end and single-end inputs": {
        "content": [
            [
                [
                    {
                        "id": "test",
                        "samplename": "test",
                        "readgroup": {
                            "ID": "HK3MMAFX2.2",
                            "PU": "HK3MMAFX2.2",
                            "PL": "ELEMENT",
                            "SM": "test"
                        },
                        "fcid": "FLOW_A",
                        "lane": 1,
                        "single_end": false
                    },
                    [
                        "test_1.fastq.gz",
                        "test_2.fastq.gz"
                    ]
                ],
                [
                    {
                        "id": "test2",
                        "samplename": "test2",
                        "readgroup": {
                            "ID": "HK3MMAFX2.2",
                            "PU": "HK3MMAFX2.2",
                            "PL": "ELEMENT",
                            "SM": "test2"
                        },
                        "fcid": "FLOW_B",
                        "lane": 2,
                        "single_end": true
                    },
                    [
                        "test2_1.fastq.gz"
                    ]
                ]
            ]
        ],
        "meta": {
            "nf-test": "0.9.3",
            "nextflow": "25.10.3"
        },
        "timestamp": "2026-04-06T17:25:48.324106322"
    }
}